<!doctype html public "-//w3c//dtd html 4.0 transitional//en">
<html><head>
<title>Static Call Graph - [L051K8U6_EPD_CLOCK\L051K8U6_EPD_CLOCK.axf]</title></head>
<body><HR>
<H1>Static Call Graph for image L051K8U6_EPD_CLOCK\L051K8U6_EPD_CLOCK.axf</H1><HR>
<BR><P>#&#060CALLGRAPH&#062# ARM Linker, 6140002: Last Updated: Sun Sep 20 17:35:02 2020
<BR><P>
<H3>Maximum Stack Usage =        260 bytes + Unknown(Cycles, Untraceable Function Pointers)</H3><H3>
Call chain for Maximum Stack Depth:</H3>
main &rArr; i2c_reset &rArr; MX_I2C1_Init &rArr; LL_GPIO_Init
<P>
<H3>
Mutually Recursive functions
</H3> <LI><a href="#[11]">ADC1_COMP_IRQHandler</a>&nbsp;&nbsp;&nbsp;&rArr;&nbsp;&nbsp;&nbsp;<a href="#[11]">ADC1_COMP_IRQHandler</a><BR>
</UL>
<P>
<H3>
Function Pointers
</H3><UL>
 <LI><a href="#[11]">ADC1_COMP_IRQHandler</a> from startup_stm32l051xx.o(.text) referenced from startup_stm32l051xx.o(RESET)
 <LI><a href="#[e]">DMA1_Channel1_IRQHandler</a> from startup_stm32l051xx.o(.text) referenced from startup_stm32l051xx.o(RESET)
 <LI><a href="#[f]">DMA1_Channel2_3_IRQHandler</a> from startup_stm32l051xx.o(.text) referenced from startup_stm32l051xx.o(RESET)
 <LI><a href="#[10]">DMA1_Channel4_5_6_7_IRQHandler</a> from startup_stm32l051xx.o(.text) referenced from startup_stm32l051xx.o(RESET)
 <LI><a href="#[b]">EXTI0_1_IRQHandler</a> from lto-llvm-5b6f75.o(.text.EXTI0_1_IRQHandler) referenced from startup_stm32l051xx.o(RESET)
 <LI><a href="#[c]">EXTI2_3_IRQHandler</a> from startup_stm32l051xx.o(.text) referenced from startup_stm32l051xx.o(RESET)
 <LI><a href="#[d]">EXTI4_15_IRQHandler</a> from startup_stm32l051xx.o(.text) referenced from startup_stm32l051xx.o(RESET)
 <LI><a href="#[9]">FLASH_IRQHandler</a> from startup_stm32l051xx.o(.text) referenced from startup_stm32l051xx.o(RESET)
 <LI><a href="#[2]">HardFault_Handler</a> from lto-llvm-5b6f75.o(.text.HardFault_Handler) referenced from startup_stm32l051xx.o(RESET)
 <LI><a href="#[17]">I2C1_IRQHandler</a> from startup_stm32l051xx.o(.text) referenced from startup_stm32l051xx.o(RESET)
 <LI><a href="#[18]">I2C2_IRQHandler</a> from startup_stm32l051xx.o(.text) referenced from startup_stm32l051xx.o(RESET)
 <LI><a href="#[12]">LPTIM1_IRQHandler</a> from startup_stm32l051xx.o(.text) referenced from startup_stm32l051xx.o(RESET)
 <LI><a href="#[1d]">LPUART1_IRQHandler</a> from startup_stm32l051xx.o(.text) referenced from startup_stm32l051xx.o(RESET)
 <LI><a href="#[1]">NMI_Handler</a> from lto-llvm-5b6f75.o(.text.NMI_Handler) referenced from startup_stm32l051xx.o(RESET)
 <LI><a href="#[7]">PVD_IRQHandler</a> from startup_stm32l051xx.o(.text) referenced from startup_stm32l051xx.o(RESET)
 <LI><a href="#[4]">PendSV_Handler</a> from lto-llvm-5b6f75.o(.text.PendSV_Handler) referenced from startup_stm32l051xx.o(RESET)
 <LI><a href="#[a]">RCC_IRQHandler</a> from startup_stm32l051xx.o(.text) referenced from startup_stm32l051xx.o(RESET)
 <LI><a href="#[8]">RTC_IRQHandler</a> from startup_stm32l051xx.o(.text) referenced from startup_stm32l051xx.o(RESET)
 <LI><a href="#[0]">Reset_Handler</a> from startup_stm32l051xx.o(.text) referenced from startup_stm32l051xx.o(RESET)
 <LI><a href="#[19]">SPI1_IRQHandler</a> from startup_stm32l051xx.o(.text) referenced from startup_stm32l051xx.o(RESET)
 <LI><a href="#[1a]">SPI2_IRQHandler</a> from startup_stm32l051xx.o(.text) referenced from startup_stm32l051xx.o(RESET)
 <LI><a href="#[3]">SVC_Handler</a> from lto-llvm-5b6f75.o(.text.SVC_Handler) referenced from startup_stm32l051xx.o(RESET)
 <LI><a href="#[5]">SysTick_Handler</a> from lto-llvm-5b6f75.o(.text.SysTick_Handler) referenced from startup_stm32l051xx.o(RESET)
 <LI><a href="#[1f]">SystemInit</a> from lto-llvm-5b6f75.o(.text.SystemInit) referenced from startup_stm32l051xx.o(.text)
 <LI><a href="#[15]">TIM21_IRQHandler</a> from startup_stm32l051xx.o(.text) referenced from startup_stm32l051xx.o(RESET)
 <LI><a href="#[16]">TIM22_IRQHandler</a> from startup_stm32l051xx.o(.text) referenced from startup_stm32l051xx.o(RESET)
 <LI><a href="#[13]">TIM2_IRQHandler</a> from startup_stm32l051xx.o(.text) referenced from startup_stm32l051xx.o(RESET)
 <LI><a href="#[14]">TIM6_IRQHandler</a> from startup_stm32l051xx.o(.text) referenced from startup_stm32l051xx.o(RESET)
 <LI><a href="#[1b]">USART1_IRQHandler</a> from startup_stm32l051xx.o(.text) referenced from startup_stm32l051xx.o(RESET)
 <LI><a href="#[1c]">USART2_IRQHandler</a> from startup_stm32l051xx.o(.text) referenced from startup_stm32l051xx.o(RESET)
 <LI><a href="#[6]">WWDG_IRQHandler</a> from startup_stm32l051xx.o(.text) referenced from startup_stm32l051xx.o(RESET)
 <LI><a href="#[20]">__main</a> from entry.o(.ARM.Collect$$$$00000000) referenced from startup_stm32l051xx.o(.text)
 <LI><a href="#[21]">_snputc</a> from printf1.o(i._snputc) referenced from printf1.o(i.__0snprintf$1)
 <LI><a href="#[1e]">main</a> from lto-llvm-5b6f75.o(.text.main) referenced from entry9a.o(.ARM.Collect$$$$0000000B)
</UL>
<P>
<H3>
Global Symbols
</H3>
<P><STRONG><a name="[20]"></a>__main</STRONG> (Thumb, 0 bytes, Stack size unknown bytes, entry.o(.ARM.Collect$$$$00000000))
<BR>[Address Reference Count : 1]<UL><LI> startup_stm32l051xx.o(.text)
</UL>
<P><STRONG><a name="[30]"></a>_main_stk</STRONG> (Thumb, 0 bytes, Stack size unknown bytes, entry2.o(.ARM.Collect$$$$00000001))

<P><STRONG><a name="[22]"></a>_main_scatterload</STRONG> (Thumb, 0 bytes, Stack size unknown bytes, entry5.o(.ARM.Collect$$$$00000004))
<BR><BR>[Calls]<UL><LI><a href="#[23]">&gt;&gt;</a>&nbsp;&nbsp;&nbsp;__scatterload
</UL>

<P><STRONG><a name="[24]"></a>__main_after_scatterload</STRONG> (Thumb, 0 bytes, Stack size unknown bytes, entry5.o(.ARM.Collect$$$$00000004))
<BR><BR>[Called By]<UL><LI><a href="#[23]">&gt;&gt;</a>&nbsp;&nbsp;&nbsp;__scatterload
</UL>

<P><STRONG><a name="[31]"></a>_main_clock</STRONG> (Thumb, 0 bytes, Stack size unknown bytes, entry7b.o(.ARM.Collect$$$$00000008))

<P><STRONG><a name="[32]"></a>_main_cpp_init</STRONG> (Thumb, 0 bytes, Stack size unknown bytes, entry8b.o(.ARM.Collect$$$$0000000A))

<P><STRONG><a name="[33]"></a>_main_init</STRONG> (Thumb, 0 bytes, Stack size unknown bytes, entry9a.o(.ARM.Collect$$$$0000000B))

<P><STRONG><a name="[34]"></a>__rt_final_cpp</STRONG> (Thumb, 0 bytes, Stack size unknown bytes, entry10a.o(.ARM.Collect$$$$0000000D))

<P><STRONG><a name="[35]"></a>__rt_final_exit</STRONG> (Thumb, 0 bytes, Stack size unknown bytes, entry11a.o(.ARM.Collect$$$$0000000F))

<P><STRONG><a name="[0]"></a>Reset_Handler</STRONG> (Thumb, 8 bytes, Stack size 0 bytes, startup_stm32l051xx.o(.text))
<BR>[Address Reference Count : 1]<UL><LI> startup_stm32l051xx.o(RESET)
</UL>
<P><STRONG><a name="[11]"></a>ADC1_COMP_IRQHandler</STRONG> (Thumb, 0 bytes, Stack size 0 bytes, startup_stm32l051xx.o(.text))
<BR><BR>[Calls]<UL><LI><a href="#[11]">&gt;&gt;</a>&nbsp;&nbsp;&nbsp;ADC1_COMP_IRQHandler
</UL>
<BR>[Called By]<UL><LI><a href="#[11]">&gt;&gt;</a>&nbsp;&nbsp;&nbsp;ADC1_COMP_IRQHandler
</UL>
<BR>[Address Reference Count : 1]<UL><LI> startup_stm32l051xx.o(RESET)
</UL>
<P><STRONG><a name="[e]"></a>DMA1_Channel1_IRQHandler</STRONG> (Thumb, 0 bytes, Stack size 0 bytes, startup_stm32l051xx.o(.text))
<BR>[Address Reference Count : 1]<UL><LI> startup_stm32l051xx.o(RESET)
</UL>
<P><STRONG><a name="[f]"></a>DMA1_Channel2_3_IRQHandler</STRONG> (Thumb, 0 bytes, Stack size 0 bytes, startup_stm32l051xx.o(.text))
<BR>[Address Reference Count : 1]<UL><LI> startup_stm32l051xx.o(RESET)
</UL>
<P><STRONG><a name="[10]"></a>DMA1_Channel4_5_6_7_IRQHandler</STRONG> (Thumb, 0 bytes, Stack size 0 bytes, startup_stm32l051xx.o(.text))
<BR>[Address Reference Count : 1]<UL><LI> startup_stm32l051xx.o(RESET)
</UL>
<P><STRONG><a name="[c]"></a>EXTI2_3_IRQHandler</STRONG> (Thumb, 0 bytes, Stack size 0 bytes, startup_stm32l051xx.o(.text))
<BR>[Address Reference Count : 1]<UL><LI> startup_stm32l051xx.o(RESET)
</UL>
<P><STRONG><a name="[d]"></a>EXTI4_15_IRQHandler</STRONG> (Thumb, 0 bytes, Stack size 0 bytes, startup_stm32l051xx.o(.text))
<BR>[Address Reference Count : 1]<UL><LI> startup_stm32l051xx.o(RESET)
</UL>
<P><STRONG><a name="[9]"></a>FLASH_IRQHandler</STRONG> (Thumb, 0 bytes, Stack size 0 bytes, startup_stm32l051xx.o(.text))
<BR>[Address Reference Count : 1]<UL><LI> startup_stm32l051xx.o(RESET)
</UL>
<P><STRONG><a name="[17]"></a>I2C1_IRQHandler</STRONG> (Thumb, 0 bytes, Stack size 0 bytes, startup_stm32l051xx.o(.text))
<BR>[Address Reference Count : 1]<UL><LI> startup_stm32l051xx.o(RESET)
</UL>
<P><STRONG><a name="[18]"></a>I2C2_IRQHandler</STRONG> (Thumb, 0 bytes, Stack size 0 bytes, startup_stm32l051xx.o(.text))
<BR>[Address Reference Count : 1]<UL><LI> startup_stm32l051xx.o(RESET)
</UL>
<P><STRONG><a name="[12]"></a>LPTIM1_IRQHandler</STRONG> (Thumb, 0 bytes, Stack size 0 bytes, startup_stm32l051xx.o(.text))
<BR>[Address Reference Count : 1]<UL><LI> startup_stm32l051xx.o(RESET)
</UL>
<P><STRONG><a name="[1d]"></a>LPUART1_IRQHandler</STRONG> (Thumb, 0 bytes, Stack size 0 bytes, startup_stm32l051xx.o(.text))
<BR>[Address Reference Count : 1]<UL><LI> startup_stm32l051xx.o(RESET)
</UL>
<P><STRONG><a name="[7]"></a>PVD_IRQHandler</STRONG> (Thumb, 0 bytes, Stack size 0 bytes, startup_stm32l051xx.o(.text))
<BR>[Address Reference Count : 1]<UL><LI> startup_stm32l051xx.o(RESET)
</UL>
<P><STRONG><a name="[a]"></a>RCC_IRQHandler</STRONG> (Thumb, 0 bytes, Stack size 0 bytes, startup_stm32l051xx.o(.text))
<BR>[Address Reference Count : 1]<UL><LI> startup_stm32l051xx.o(RESET)
</UL>
<P><STRONG><a name="[8]"></a>RTC_IRQHandler</STRONG> (Thumb, 0 bytes, Stack size 0 bytes, startup_stm32l051xx.o(.text))
<BR>[Address Reference Count : 1]<UL><LI> startup_stm32l051xx.o(RESET)
</UL>
<P><STRONG><a name="[19]"></a>SPI1_IRQHandler</STRONG> (Thumb, 0 bytes, Stack size 0 bytes, startup_stm32l051xx.o(.text))
<BR>[Address Reference Count : 1]<UL><LI> startup_stm32l051xx.o(RESET)
</UL>
<P><STRONG><a name="[1a]"></a>SPI2_IRQHandler</STRONG> (Thumb, 0 bytes, Stack size 0 bytes, startup_stm32l051xx.o(.text))
<BR>[Address Reference Count : 1]<UL><LI> startup_stm32l051xx.o(RESET)
</UL>
<P><STRONG><a name="[15]"></a>TIM21_IRQHandler</STRONG> (Thumb, 0 bytes, Stack size 0 bytes, startup_stm32l051xx.o(.text))
<BR>[Address Reference Count : 1]<UL><LI> startup_stm32l051xx.o(RESET)
</UL>
<P><STRONG><a name="[16]"></a>TIM22_IRQHandler</STRONG> (Thumb, 0 bytes, Stack size 0 bytes, startup_stm32l051xx.o(.text))
<BR>[Address Reference Count : 1]<UL><LI> startup_stm32l051xx.o(RESET)
</UL>
<P><STRONG><a name="[13]"></a>TIM2_IRQHandler</STRONG> (Thumb, 0 bytes, Stack size 0 bytes, startup_stm32l051xx.o(.text))
<BR>[Address Reference Count : 1]<UL><LI> startup_stm32l051xx.o(RESET)
</UL>
<P><STRONG><a name="[14]"></a>TIM6_IRQHandler</STRONG> (Thumb, 0 bytes, Stack size 0 bytes, startup_stm32l051xx.o(.text))
<BR>[Address Reference Count : 1]<UL><LI> startup_stm32l051xx.o(RESET)
</UL>
<P><STRONG><a name="[1b]"></a>USART1_IRQHandler</STRONG> (Thumb, 0 bytes, Stack size 0 bytes, startup_stm32l051xx.o(.text))
<BR>[Address Reference Count : 1]<UL><LI> startup_stm32l051xx.o(RESET)
</UL>
<P><STRONG><a name="[1c]"></a>USART2_IRQHandler</STRONG> (Thumb, 0 bytes, Stack size 0 bytes, startup_stm32l051xx.o(.text))
<BR>[Address Reference Count : 1]<UL><LI> startup_stm32l051xx.o(RESET)
</UL>
<P><STRONG><a name="[6]"></a>WWDG_IRQHandler</STRONG> (Thumb, 0 bytes, Stack size 0 bytes, startup_stm32l051xx.o(.text))
<BR>[Address Reference Count : 1]<UL><LI> startup_stm32l051xx.o(RESET)
</UL>
<P><STRONG><a name="[29]"></a>__aeabi_uidiv</STRONG> (Thumb, 0 bytes, Stack size 12 bytes, uidiv.o(.text))
<BR><BR>[Stack]<UL><LI>Max Depth = 12<LI>Call Chain = __aeabi_uidiv
</UL>
<BR>[Called By]<UL><LI><a href="#[1e]">&gt;&gt;</a>&nbsp;&nbsp;&nbsp;main
<LI><a href="#[28]">&gt;&gt;</a>&nbsp;&nbsp;&nbsp;RCC_GetSystemClockFreq
</UL>

<P><STRONG><a name="[2f]"></a>__aeabi_uidivmod</STRONG> (Thumb, 44 bytes, Stack size 12 bytes, uidiv.o(.text), UNUSED)
<BR><BR>[Called By]<UL><LI><a href="#[2e]">&gt;&gt;</a>&nbsp;&nbsp;&nbsp;_printf_core
</UL>

<P><STRONG><a name="[23]"></a>__scatterload</STRONG> (Thumb, 28 bytes, Stack size 0 bytes, init.o(.text))
<BR><BR>[Calls]<UL><LI><a href="#[24]">&gt;&gt;</a>&nbsp;&nbsp;&nbsp;__main_after_scatterload
</UL>
<BR>[Called By]<UL><LI><a href="#[22]">&gt;&gt;</a>&nbsp;&nbsp;&nbsp;_main_scatterload
</UL>

<P><STRONG><a name="[36]"></a>__scatterload_rt2</STRONG> (Thumb, 0 bytes, Stack size 0 bytes, init.o(.text), UNUSED)

<P><STRONG><a name="[b]"></a>EXTI0_1_IRQHandler</STRONG> (Thumb, 20 bytes, Stack size 0 bytes, lto-llvm-5b6f75.o(.text.EXTI0_1_IRQHandler))
<BR>[Address Reference Count : 1]<UL><LI> startup_stm32l051xx.o(RESET)
</UL>
<P><STRONG><a name="[2]"></a>HardFault_Handler</STRONG> (Thumb, 56 bytes, Stack size 8 bytes, lto-llvm-5b6f75.o(.text.HardFault_Handler))
<BR><BR>[Stack]<UL><LI>Max Depth = 24<LI>Call Chain = HardFault_Handler &rArr; USART_SendStringRN &rArr; USART_SendString
</UL>
<BR>[Calls]<UL><LI><a href="#[25]">&gt;&gt;</a>&nbsp;&nbsp;&nbsp;USART_SendStringRN
</UL>
<BR>[Address Reference Count : 1]<UL><LI> startup_stm32l051xx.o(RESET)
</UL>
<P><STRONG><a name="[1]"></a>NMI_Handler</STRONG> (Thumb, 2 bytes, Stack size 0 bytes, lto-llvm-5b6f75.o(.text.NMI_Handler))
<BR>[Address Reference Count : 1]<UL><LI> startup_stm32l051xx.o(RESET)
</UL>
<P><STRONG><a name="[4]"></a>PendSV_Handler</STRONG> (Thumb, 2 bytes, Stack size 0 bytes, lto-llvm-5b6f75.o(.text.PendSV_Handler))
<BR>[Address Reference Count : 1]<UL><LI> startup_stm32l051xx.o(RESET)
</UL>
<P><STRONG><a name="[3]"></a>SVC_Handler</STRONG> (Thumb, 2 bytes, Stack size 0 bytes, lto-llvm-5b6f75.o(.text.SVC_Handler))
<BR>[Address Reference Count : 1]<UL><LI> startup_stm32l051xx.o(RESET)
</UL>
<P><STRONG><a name="[5]"></a>SysTick_Handler</STRONG> (Thumb, 2 bytes, Stack size 0 bytes, lto-llvm-5b6f75.o(.text.SysTick_Handler))
<BR>[Address Reference Count : 1]<UL><LI> startup_stm32l051xx.o(RESET)
</UL>
<P><STRONG><a name="[1f]"></a>SystemInit</STRONG> (Thumb, 80 bytes, Stack size 0 bytes, lto-llvm-5b6f75.o(.text.SystemInit))
<BR>[Address Reference Count : 1]<UL><LI> startup_stm32l051xx.o(.text)
</UL>
<P><STRONG><a name="[1e]"></a>main</STRONG> (Thumb, 2532 bytes, Stack size 128 bytes, lto-llvm-5b6f75.o(.text.main))
<BR><BR>[Stack]<UL><LI>Max Depth = 260<LI>Call Chain = main &rArr; i2c_reset &rArr; MX_I2C1_Init &rArr; LL_GPIO_Init
</UL>
<BR>[Calls]<UL><LI><a href="#[29]">&gt;&gt;</a>&nbsp;&nbsp;&nbsp;__aeabi_uidiv
<LI><a href="#[2c]">&gt;&gt;</a>&nbsp;&nbsp;&nbsp;__2snprintf
<LI><a href="#[2b]">&gt;&gt;</a>&nbsp;&nbsp;&nbsp;i2c_reset
<LI><a href="#[25]">&gt;&gt;</a>&nbsp;&nbsp;&nbsp;USART_SendStringRN
<LI><a href="#[2a]">&gt;&gt;</a>&nbsp;&nbsp;&nbsp;USART_SendString
<LI><a href="#[28]">&gt;&gt;</a>&nbsp;&nbsp;&nbsp;RCC_GetSystemClockFreq
<LI><a href="#[26]">&gt;&gt;</a>&nbsp;&nbsp;&nbsp;MX_I2C1_Init
<LI><a href="#[27]">&gt;&gt;</a>&nbsp;&nbsp;&nbsp;LL_GPIO_Init
</UL>
<BR>[Address Reference Count : 1]<UL><LI> entry9a.o(.ARM.Collect$$$$0000000B)
</UL>
<P><STRONG><a name="[2d]"></a>__0snprintf$1</STRONG> (Thumb, 50 bytes, Stack size 40 bytes, printf1.o(i.__0snprintf$1), UNUSED)
<BR><BR>[Calls]<UL><LI><a href="#[2e]">&gt;&gt;</a>&nbsp;&nbsp;&nbsp;_printf_core
</UL>

<P><STRONG><a name="[37]"></a>__1snprintf$1</STRONG> (Thumb, 0 bytes, Stack size 40 bytes, printf1.o(i.__0snprintf$1), UNUSED)

<P><STRONG><a name="[2c]"></a>__2snprintf</STRONG> (Thumb, 0 bytes, Stack size 40 bytes, printf1.o(i.__0snprintf$1))
<BR><BR>[Stack]<UL><LI>Max Depth = 40<LI>Call Chain = __2snprintf
</UL>
<BR>[Called By]<UL><LI><a href="#[1e]">&gt;&gt;</a>&nbsp;&nbsp;&nbsp;main
</UL>

<P><STRONG><a name="[38]"></a>__scatterload_copy</STRONG> (Thumb, 14 bytes, Stack size unknown bytes, handlers.o(i.__scatterload_copy), UNUSED)

<P><STRONG><a name="[39]"></a>__scatterload_null</STRONG> (Thumb, 2 bytes, Stack size unknown bytes, handlers.o(i.__scatterload_null), UNUSED)

<P><STRONG><a name="[3a]"></a>__scatterload_zeroinit</STRONG> (Thumb, 14 bytes, Stack size unknown bytes, handlers.o(i.__scatterload_zeroinit), UNUSED)
<P>
<H3>
Local Symbols
</H3>
<P><STRONG><a name="[2e]"></a>_printf_core</STRONG> (Thumb, 332 bytes, Stack size 88 bytes, printf1.o(i._printf_core), UNUSED)
<BR><BR>[Calls]<UL><LI><a href="#[2f]">&gt;&gt;</a>&nbsp;&nbsp;&nbsp;__aeabi_uidivmod
</UL>
<BR>[Called By]<UL><LI><a href="#[2d]">&gt;&gt;</a>&nbsp;&nbsp;&nbsp;__0snprintf$1
</UL>

<P><STRONG><a name="[21]"></a>_snputc</STRONG> (Thumb, 22 bytes, Stack size 0 bytes, printf1.o(i._snputc))
<BR>[Address Reference Count : 1]<UL><LI> printf1.o(i.__0snprintf$1)
</UL>
<P><STRONG><a name="[27]"></a>LL_GPIO_Init</STRONG> (Thumb, 186 bytes, Stack size 36 bytes, lto-llvm-5b6f75.o(.text.LL_GPIO_Init))
<BR><BR>[Stack]<UL><LI>Max Depth = 36<LI>Call Chain = LL_GPIO_Init
</UL>
<BR>[Called By]<UL><LI><a href="#[1e]">&gt;&gt;</a>&nbsp;&nbsp;&nbsp;main
<LI><a href="#[26]">&gt;&gt;</a>&nbsp;&nbsp;&nbsp;MX_I2C1_Init
</UL>

<P><STRONG><a name="[26]"></a>MX_I2C1_Init</STRONG> (Thumb, 204 bytes, Stack size 48 bytes, lto-llvm-5b6f75.o(.text.MX_I2C1_Init))
<BR><BR>[Stack]<UL><LI>Max Depth = 84<LI>Call Chain = MX_I2C1_Init &rArr; LL_GPIO_Init
</UL>
<BR>[Calls]<UL><LI><a href="#[27]">&gt;&gt;</a>&nbsp;&nbsp;&nbsp;LL_GPIO_Init
</UL>
<BR>[Called By]<UL><LI><a href="#[1e]">&gt;&gt;</a>&nbsp;&nbsp;&nbsp;main
<LI><a href="#[2b]">&gt;&gt;</a>&nbsp;&nbsp;&nbsp;i2c_reset
</UL>

<P><STRONG><a name="[28]"></a>RCC_GetSystemClockFreq</STRONG> (Thumb, 128 bytes, Stack size 8 bytes, lto-llvm-5b6f75.o(.text.RCC_GetSystemClockFreq))
<BR><BR>[Stack]<UL><LI>Max Depth = 20<LI>Call Chain = RCC_GetSystemClockFreq &rArr; __aeabi_uidiv
</UL>
<BR>[Calls]<UL><LI><a href="#[29]">&gt;&gt;</a>&nbsp;&nbsp;&nbsp;__aeabi_uidiv
</UL>
<BR>[Called By]<UL><LI><a href="#[1e]">&gt;&gt;</a>&nbsp;&nbsp;&nbsp;main
</UL>

<P><STRONG><a name="[2a]"></a>USART_SendString</STRONG> (Thumb, 64 bytes, Stack size 8 bytes, lto-llvm-5b6f75.o(.text.USART_SendString))
<BR><BR>[Stack]<UL><LI>Max Depth = 8<LI>Call Chain = USART_SendString
</UL>
<BR>[Called By]<UL><LI><a href="#[1e]">&gt;&gt;</a>&nbsp;&nbsp;&nbsp;main
<LI><a href="#[25]">&gt;&gt;</a>&nbsp;&nbsp;&nbsp;USART_SendStringRN
</UL>

<P><STRONG><a name="[25]"></a>USART_SendStringRN</STRONG> (Thumb, 52 bytes, Stack size 8 bytes, lto-llvm-5b6f75.o(.text.USART_SendStringRN))
<BR><BR>[Stack]<UL><LI>Max Depth = 16<LI>Call Chain = USART_SendStringRN &rArr; USART_SendString
</UL>
<BR>[Calls]<UL><LI><a href="#[2a]">&gt;&gt;</a>&nbsp;&nbsp;&nbsp;USART_SendString
</UL>
<BR>[Called By]<UL><LI><a href="#[1e]">&gt;&gt;</a>&nbsp;&nbsp;&nbsp;main
<LI><a href="#[2]">&gt;&gt;</a>&nbsp;&nbsp;&nbsp;HardFault_Handler
</UL>

<P><STRONG><a name="[2b]"></a>i2c_reset</STRONG> (Thumb, 296 bytes, Stack size 48 bytes, lto-llvm-5b6f75.o(.text.i2c_reset))
<BR><BR>[Stack]<UL><LI>Max Depth = 132<LI>Call Chain = i2c_reset &rArr; MX_I2C1_Init &rArr; LL_GPIO_Init
</UL>
<BR>[Calls]<UL><LI><a href="#[26]">&gt;&gt;</a>&nbsp;&nbsp;&nbsp;MX_I2C1_Init
</UL>
<BR>[Called By]<UL><LI><a href="#[1e]">&gt;&gt;</a>&nbsp;&nbsp;&nbsp;main
</UL>
<P>
<H3>
Undefined Global Symbols
</H3><HR></body></html>
