<html>
<body>
<pre>
<h1>µVision Build Log</h1>
<h2>Tool Versions:</h2>
IDE-Version: ¦ÌVision V5.31.0.0
Copyright (C) 2020 ARM Ltd and ARM Germany GmbH. All rights reserved.
License Information: izilzty lis, na, LIC=EXJT4-F3PC0-56GQ2-9G1D4-5GI9Y-GH7V6
 
Tool Versions:
Toolchain:       MDK-ARM Plus  Version: 5.31.0.0
Toolchain Path:  D:\Keil_v5\ARM\ARMCC\Bin
C Compiler:      Armcc.exe V5.06 update 6 (build 750)
Assembler:       Armasm.exe V5.06 update 6 (build 750)
Linker/Locator:  ArmLink.exe V5.06 update 6 (build 750)
Library Manager: ArmAr.exe V5.06 update 6 (build 750)
Hex Converter:   FromElf.exe V5.06 update 6 (build 750)
CPU DLL:         SARMCM3.DLL V5.31.0.0
Dialog DLL:      DARMCM1.DLL V1.19.3.0
Target DLL:      STLink\ST-LINKIII-KEIL_SWO.dll V3.0.7.0
Dialog DLL:      TARMCM1.DLL V1.14.2.0
 
<h2>Project:</h2>
E:\Projects\STM32CubeMX\L051K8U6_EPD_CLOCK\MDK-ARM\L051K8U6_EPD_CLOCK.uvprojx
Project File Date:  09/27/2020

<h2>Output:</h2>
*** Using Compiler 'V5.06 update 6 (build 750)', folder: 'D:\Keil_v5\ARM\ARMCC\Bin'
Build target 'L051K8U6_EPD_CLOCK'
compiling func.c...
..\Src\USER\func.c(323): warning:  #225-D: the format string ends before this argument
          snprintf(String, sizeof(String), "%02d â„?", temp_value[0], temp_value[1]);
..\Src\USER\func.c(331): warning:  #225-D: the format string ends before this argument
          snprintf(String, sizeof(String), "%03d â„?", temp_value[0], temp_value[1]);
..\Src\USER\func.c(340): warning:  #225-D: the format string ends before this argument
          snprintf(String, sizeof(String), "%03d ï¼?", rh_value[0], rh_value[1]);
..\Src\USER\func.c(343): warning:  #225-D: the format string ends before this argument
      snprintf(String, sizeof(String), "å†?åŽ?ï¼?", Sensor.CEL);
..\Src\USER\func.c(574): warning:  #177-D: function "Power_DisableADC"  was declared but never referenced
  static void Power_DisableADC(void)
..\Src\USER\func.c(585): warning:  #177-D: function "Power_DisableBUZZER"  was declared but never referenced
  static void Power_DisableBUZZER(void)
..\Src\USER\func.c(686): warning:  #177-D: function "BTN_WaitUP"  was declared but never referenced
  static void BTN_WaitUP(void)
..\Src\USER\func.c(714): warning:  #177-D: function "BTN_WaitDOWN"  was declared but never referenced
  static void BTN_WaitDOWN(void)
..\Src\USER\func.c: 8 warnings, 0 errors
linking...
Program Size: Code=26912 RO-data=8888 RW-data=24 ZI-data=1408  
FromELF: creating hex file...
"L051K8U6_EPD_CLOCK\L051K8U6_EPD_CLOCK.axf" - 0 Error(s), 8 Warning(s).

<h2>Software Packages used:</h2>

Package Vendor: ARM
                http://www.keil.com/pack/ARM.CMSIS.5.7.0.pack
                ARM.CMSIS.5.7.0
                CMSIS (Cortex Microcontroller Software Interface Standard)
   * Component: CORE Version: 5.4.0

Package Vendor: Keil
                http://www.keil.com/pack/Keil.STM32L0xx_DFP.2.1.0.pack
                Keil.STM32L0xx_DFP.2.1.0
                STMicroelectronics STM32L0 Series Device Support, Drivers and Examples

<h2>Collection of Component include folders:</h2>
  .\RTE\_L051K8U6_EPD_CLOCK
  D:\Keil_v5\Packs\Arm\Packs\ARM\CMSIS\5.7.0\CMSIS\Core\Include
  D:\Keil_v5\Packs\Arm\Packs\Keil\STM32L0xx_DFP\2.1.0\Drivers\CMSIS\Device\ST\STM32L0xx\Include

<h2>Collection of Component Files used:</h2>

   * Component: ARM::CMSIS:CORE:5.4.0
Build Time Elapsed:  00:00:02
</pre>
</body>
</html>
