Component: ARM Compiler 5.06 update 6 (build 750) Tool: armlink [4d35ed]

==============================================================================

Section Cross References

    startup_stm32l051xx.o(RESET) refers to startup_stm32l051xx.o(STACK) for __initial_sp
    startup_stm32l051xx.o(RESET) refers to startup_stm32l051xx.o(.text) for Reset_Handler
    startup_stm32l051xx.o(RESET) refers to stm32l0xx_it.o(i.NMI_Handler) for NMI_Handler
    startup_stm32l051xx.o(RESET) refers to stm32l0xx_it.o(i.HardFault_Handler) for HardFault_Handler
    startup_stm32l051xx.o(RESET) refers to stm32l0xx_it.o(i.SVC_Handler) for SVC_Handler
    startup_stm32l051xx.o(RESET) refers to stm32l0xx_it.o(i.PendSV_Handler) for PendSV_Handler
    startup_stm32l051xx.o(RESET) refers to stm32l0xx_it.o(i.SysTick_Handler) for SysTick_Handler
    startup_stm32l051xx.o(RESET) refers to stm32l0xx_it.o(i.EXTI0_1_IRQHandler) for EXTI0_1_IRQHandler
    startup_stm32l051xx.o(.text) refers to system_stm32l0xx.o(i.SystemInit) for SystemInit
    startup_stm32l051xx.o(.text) refers to entry.o(.ARM.Collect$$$$00000000) for __main
    main.o(i.SystemClock_Config) refers to stm32l0xx_ll_utils.o(i.LL_Init1msTick) for LL_Init1msTick
    main.o(i.SystemClock_Config) refers to stm32l0xx_ll_utils.o(i.LL_SetSystemCoreClock) for LL_SetSystemCoreClock
    main.o(i.main) refers to main.o(i.SystemClock_Config) for SystemClock_Config
    main.o(i.main) refers to gpio.o(i.MX_GPIO_Init) for MX_GPIO_Init
    main.o(i.main) refers to adc.o(i.MX_ADC_Init) for MX_ADC_Init
    main.o(i.main) refers to i2c.o(i.MX_I2C1_Init) for MX_I2C1_Init
    main.o(i.main) refers to spi.o(i.MX_SPI1_Init) for MX_SPI1_Init
    main.o(i.main) refers to usart.o(i.MX_USART1_UART_Init) for MX_USART1_UART_Init
    main.o(i.main) refers to tim.o(i.MX_TIM2_Init) for MX_TIM2_Init
    main.o(i.main) refers to func.o(i.Init) for Init
    main.o(i.main) refers to func.o(i.Loop) for Loop
    gpio.o(i.MX_GPIO_Init) refers to stm32l0xx_ll_gpio.o(i.LL_GPIO_Init) for LL_GPIO_Init
    gpio.o(i.MX_GPIO_Init) refers to stm32l0xx_ll_exti.o(i.LL_EXTI_Init) for LL_EXTI_Init
    adc.o(i.MX_ADC_Init) refers to stm32l0xx_ll_gpio.o(i.LL_GPIO_Init) for LL_GPIO_Init
    adc.o(i.MX_ADC_Init) refers to stm32l0xx_ll_adc.o(i.LL_ADC_REG_Init) for LL_ADC_REG_Init
    adc.o(i.MX_ADC_Init) refers to uidiv.o(.text) for __aeabi_uidivmod
    adc.o(i.MX_ADC_Init) refers to stm32l0xx_ll_adc.o(i.LL_ADC_Init) for LL_ADC_Init
    adc.o(i.MX_ADC_Init) refers to system_stm32l0xx.o(.data) for SystemCoreClock
    i2c.o(i.MX_I2C1_Init) refers to stm32l0xx_ll_gpio.o(i.LL_GPIO_Init) for LL_GPIO_Init
    i2c.o(i.MX_I2C1_Init) refers to stm32l0xx_ll_i2c.o(i.LL_I2C_Init) for LL_I2C_Init
    spi.o(i.MX_SPI1_Init) refers to stm32l0xx_ll_gpio.o(i.LL_GPIO_Init) for LL_GPIO_Init
    spi.o(i.MX_SPI1_Init) refers to stm32l0xx_ll_spi.o(i.LL_SPI_Init) for LL_SPI_Init
    tim.o(i.MX_TIM2_Init) refers to stm32l0xx_ll_tim.o(i.LL_TIM_Init) for LL_TIM_Init
    tim.o(i.MX_TIM2_Init) refers to stm32l0xx_ll_tim.o(i.LL_TIM_OC_Init) for LL_TIM_OC_Init
    tim.o(i.MX_TIM2_Init) refers to stm32l0xx_ll_gpio.o(i.LL_GPIO_Init) for LL_GPIO_Init
    tim.o(i.MX_TIM2_Init) refers to tim.o(.constdata) for .constdata
    usart.o(i.MX_USART1_UART_Init) refers to stm32l0xx_ll_gpio.o(i.LL_GPIO_Init) for LL_GPIO_Init
    usart.o(i.MX_USART1_UART_Init) refers to stm32l0xx_ll_usart.o(i.LL_USART_Init) for LL_USART_Init
    stm32l0xx_it.o(i.HardFault_Handler) refers to serial.o(i.SERIAL_SendStringRN) for SERIAL_SendStringRN
    stm32l0xx_it.o(i.HardFault_Handler) refers to stm32l0xx_ll_utils.o(i.LL_mDelay) for LL_mDelay
    stm32l0xx_ll_dma.o(i.LL_DMA_Init) refers to stm32l0xx_ll_dma.o(.constdata) for .constdata
    stm32l0xx_ll_rcc.o(i.LL_RCC_GetI2CClockFreq) refers to stm32l0xx_ll_rcc.o(i.RCC_GetSystemClockFreq) for RCC_GetSystemClockFreq
    stm32l0xx_ll_rcc.o(i.LL_RCC_GetI2CClockFreq) refers to system_stm32l0xx.o(.constdata) for AHBPrescTable
    stm32l0xx_ll_rcc.o(i.LL_RCC_GetI2CClockFreq) refers to system_stm32l0xx.o(.constdata) for APBPrescTable
    stm32l0xx_ll_rcc.o(i.LL_RCC_GetLPTIMClockFreq) refers to stm32l0xx_ll_rcc.o(i.RCC_GetSystemClockFreq) for RCC_GetSystemClockFreq
    stm32l0xx_ll_rcc.o(i.LL_RCC_GetLPTIMClockFreq) refers to system_stm32l0xx.o(.constdata) for AHBPrescTable
    stm32l0xx_ll_rcc.o(i.LL_RCC_GetLPTIMClockFreq) refers to system_stm32l0xx.o(.constdata) for APBPrescTable
    stm32l0xx_ll_rcc.o(i.LL_RCC_GetLPUARTClockFreq) refers to stm32l0xx_ll_rcc.o(i.RCC_GetSystemClockFreq) for RCC_GetSystemClockFreq
    stm32l0xx_ll_rcc.o(i.LL_RCC_GetLPUARTClockFreq) refers to system_stm32l0xx.o(.constdata) for AHBPrescTable
    stm32l0xx_ll_rcc.o(i.LL_RCC_GetLPUARTClockFreq) refers to system_stm32l0xx.o(.constdata) for APBPrescTable
    stm32l0xx_ll_rcc.o(i.LL_RCC_GetSystemClocksFreq) refers to stm32l0xx_ll_rcc.o(i.RCC_GetSystemClockFreq) for RCC_GetSystemClockFreq
[...]
    dunder.o(i.__mathlib_dbl_infnan2) refers to dadd.o(.text) for __aeabi_dadd
    dunder.o(i.__mathlib_dbl_invalid) refers to ddiv.o(.text) for __aeabi_ddiv
    dunder.o(i.__mathlib_dbl_overflow) refers to dscalb.o(.text) for __ARM_scalbn
    dunder.o(i.__mathlib_dbl_posinfnan) refers to dmul.o(.text) for __aeabi_dmul
    dunder.o(i.__mathlib_dbl_underflow) refers to dscalb.o(.text) for __ARM_scalbn
    fpclassify.o(i.__ARM_fpclassify) refers (Special) to iusefp.o(.text) for __I$use$fp
    poly.o(i.__kernel_poly) refers (Special) to iusefp.o(.text) for __I$use$fp
    poly.o(i.__kernel_poly) refers to dmul.o(.text) for __aeabi_dmul
    poly.o(i.__kernel_poly) refers to dadd.o(.text) for __aeabi_dadd
    qnan.o(.constdata) refers (Special) to iusefp.o(.text) for __I$use$fp
    sqrt.o(i.__softfp_sqrt) refers (Special) to iusefp.o(.text) for __I$use$fp
    sqrt.o(i.__softfp_sqrt) refers to dsqrt.o(.text) for _dsqrt
    sqrt.o(i.__softfp_sqrt) refers to errno.o(i.__set_errno) for __set_errno
    sqrt.o(i.sqrt) refers (Special) to iusefp.o(.text) for __I$use$fp
    sqrt.o(i.sqrt) refers to dsqrt.o(.text) for _dsqrt
    sqrt.o(i.sqrt) refers to errno.o(i.__set_errno) for __set_errno
    sqrt_x.o(i.____softfp_sqrt$lsc) refers (Special) to iusefp.o(.text) for __I$use$fp
    sqrt_x.o(i.____softfp_sqrt$lsc) refers to cdcmple.o(.text) for __aeabi_cdcmple
    sqrt_x.o(i.____softfp_sqrt$lsc) refers to errno.o(i.__set_errno) for __set_errno
    sqrt_x.o(i.____softfp_sqrt$lsc) refers to dsqrt.o(.text) for _dsqrt
    sqrt_x.o(i.__sqrt$lsc) refers (Special) to iusefp.o(.text) for __I$use$fp
    sqrt_x.o(i.__sqrt$lsc) refers to cdcmple.o(.text) for __aeabi_cdcmple
    sqrt_x.o(i.__sqrt$lsc) refers to errno.o(i.__set_errno) for __set_errno
    sqrt_x.o(i.__sqrt$lsc) refers to dsqrt.o(.text) for _dsqrt
    entry2.o(.ARM.Collect$$$$00000001) refers to entry2.o(.ARM.Collect$$$$00002712) for __lit__00000000
    entry2.o(.ARM.Collect$$$$00002712) refers to startup_stm32l051xx.o(STACK) for __initial_sp
    entry2.o(__vectab_stack_and_reset_area) refers to startup_stm32l051xx.o(STACK) for __initial_sp
    entry2.o(__vectab_stack_and_reset_area) refers to entry.o(.ARM.Collect$$$$00000000) for __main
    entry5.o(.ARM.Collect$$$$00000004) refers to init.o(.text) for __scatterload
    entry9a.o(.ARM.Collect$$$$0000000B) refers to main.o(i.main) for main
    entry9b.o(.ARM.Collect$$$$0000000C) refers to main.o(i.main) for main
    fputc.o(i.fputc) refers (Special) to iusesemip.o(.text) for __I$use$semihosting$fputc
    fputc.o(i.fputc) refers (Special) to semi.o(.text) for __semihosting_library_function
    uldiv.o(.text) refers to llushr.o(.text) for __aeabi_llsr
    uldiv.o(.text) refers to llshl.o(.text) for __aeabi_llsl
    errno.o(i.__aeabi_errno_addr) refers to errno.o(.data) for .data
    errno.o(i.__read_errno) refers to errno.o(.data) for .data
    errno.o(i.__set_errno) refers to errno.o(.data) for .data
    depilogue.o(.text) refers to depilogue.o(i.__ARM_clz) for __ARM_clz
    depilogue.o(.text) refers to llshl.o(.text) for __aeabi_llsl
    depilogue.o(.text) refers to llushr.o(.text) for __aeabi_llsr
    dflti.o(.text) refers to depilogue.o(.text) for _double_epilogue
    dfixul.o(.text) refers to llushr.o(.text) for __aeabi_llsr
    dfixul.o(.text) refers to llshl.o(.text) for __aeabi_llsl
    init.o(.text) refers to entry5.o(.ARM.Collect$$$$00000004) for __main_after_scatterload
    dsqrt.o(.text) refers to llushr.o(.text) for __aeabi_llsr
    dsqrt.o(.text) refers to depilogue.o(.text) for _double_round


==============================================================================

Removing Unused input sections from the image.

    Removing startup_stm32l051xx.o(HEAP), (0 bytes).
    Removing main.o(.rev16_text), (4 bytes).
    Removing main.o(.revsh_text), (4 bytes).
    Removing main.o(i.Error_Handler), (2 bytes).
    Removing gpio.o(.rev16_text), (4 bytes).
    Removing gpio.o(.revsh_text), (4 bytes).
    Removing adc.o(.rev16_text), (4 bytes).
    Removing adc.o(.revsh_text), (4 bytes).
    Removing i2c.o(.rev16_text), (4 bytes).
    Removing i2c.o(.revsh_text), (4 bytes).
    Removing spi.o(.rev16_text), (4 bytes).
    Removing spi.o(.revsh_text), (4 bytes).
    Removing tim.o(.rev16_text), (4 bytes).
    Removing tim.o(.revsh_text), (4 bytes).
    Removing usart.o(.rev16_text), (4 bytes).
    Removing usart.o(.revsh_text), (4 bytes).
    Removing stm32l0xx_it.o(.rev16_text), (4 bytes).
    Removing stm32l0xx_it.o(.revsh_text), (4 bytes).
    Removing stm32l0xx_ll_gpio.o(.rev16_text), (4 bytes).
    Removing stm32l0xx_ll_gpio.o(.revsh_text), (4 bytes).
    Removing stm32l0xx_ll_gpio.o(i.LL_GPIO_DeInit), (144 bytes).
    Removing stm32l0xx_ll_gpio.o(i.LL_GPIO_StructInit), (24 bytes).
    Removing stm32l0xx_ll_adc.o(.rev16_text), (4 bytes).
    Removing stm32l0xx_ll_adc.o(.revsh_text), (4 bytes).
    Removing stm32l0xx_ll_adc.o(i.LL_ADC_CommonDeInit), (28 bytes).
    Removing stm32l0xx_ll_adc.o(i.LL_ADC_CommonInit), (44 bytes).
    Removing stm32l0xx_ll_adc.o(i.LL_ADC_CommonStructInit), (8 bytes).
    Removing stm32l0xx_ll_adc.o(i.LL_ADC_DeInit), (236 bytes).
    Removing stm32l0xx_ll_adc.o(i.LL_ADC_REG_StructInit), (18 bytes).
    Removing stm32l0xx_ll_adc.o(i.LL_ADC_StructInit), (16 bytes).
    Removing stm32l0xx_ll_dma.o(.rev16_text), (4 bytes).
    Removing stm32l0xx_ll_dma.o(.revsh_text), (4 bytes).
    Removing stm32l0xx_ll_dma.o(i.LL_DMA_DeInit), (244 bytes).
    Removing stm32l0xx_ll_dma.o(i.LL_DMA_Init), (116 bytes).
    Removing stm32l0xx_ll_dma.o(i.LL_DMA_StructInit), (26 bytes).
    Removing stm32l0xx_ll_dma.o(.constdata), (7 bytes).
    Removing stm32l0xx_ll_rcc.o(.rev16_text), (4 bytes).
    Removing stm32l0xx_ll_rcc.o(.revsh_text), (4 bytes).
    Removing stm32l0xx_ll_rcc.o(i.LL_RCC_DeInit), (156 bytes).
    Removing stm32l0xx_ll_rcc.o(i.LL_RCC_GetI2CClockFreq), (132 bytes).
    Removing stm32l0xx_ll_rcc.o(i.LL_RCC_GetLPTIMClockFreq), (148 bytes).
    Removing stm32l0xx_ll_rcc.o(i.LL_RCC_GetLPUARTClockFreq), (128 bytes).
    Removing stm32l0xx_ll_rcc.o(i.LL_RCC_GetSystemClocksFreq), (72 bytes).
    Removing stm32l0xx_ll_rcc.o(i.RCC_GetHCLKClockFreq), (28 bytes).
    Removing stm32l0xx_ll_rcc.o(i.RCC_GetPCLK1ClockFreq), (24 bytes).
    Removing stm32l0xx_ll_rcc.o(i.RCC_GetPCLK2ClockFreq), (24 bytes).
    Removing stm32l0xx_ll_rcc.o(i.RCC_PLL_GetFreqDomain_SYS), (80 bytes).
    Removing stm32l0xx_ll_utils.o(.rev16_text), (4 bytes).
    Removing stm32l0xx_ll_utils.o(.revsh_text), (4 bytes).
    Removing stm32l0xx_ll_utils.o(i.LL_PLL_ConfigSystemClock_HSE), (124 bytes).
    Removing stm32l0xx_ll_utils.o(i.LL_PLL_ConfigSystemClock_HSI), (108 bytes).
    Removing stm32l0xx_ll_utils.o(i.UTILS_EnablePLLAndSwitchSystem), (312 bytes).
    Removing stm32l0xx_ll_exti.o(.rev16_text), (4 bytes).
    Removing stm32l0xx_ll_exti.o(.revsh_text), (4 bytes).
    Removing stm32l0xx_ll_exti.o(i.LL_EXTI_DeInit), (36 bytes).
    Removing stm32l0xx_ll_exti.o(i.LL_EXTI_StructInit), (14 bytes).
    Removing stm32l0xx_ll_i2c.o(.rev16_text), (4 bytes).
    Removing stm32l0xx_ll_i2c.o(.revsh_text), (4 bytes).
    Removing stm32l0xx_ll_i2c.o(i.LL_I2C_StructInit), (22 bytes).
    Removing stm32l0xx_ll_spi.o(.rev16_text), (4 bytes).
    Removing stm32l0xx_ll_spi.o(.revsh_text), (4 bytes).
    Removing stm32l0xx_ll_spi.o(i.LL_I2S_ConfigPrescaler), (16 bytes).
    Removing stm32l0xx_ll_spi.o(i.LL_I2S_DeInit), (72 bytes).
    Removing stm32l0xx_ll_spi.o(i.LL_I2S_Init), (164 bytes).
    Removing stm32l0xx_ll_spi.o(i.LL_I2S_StructInit), (18 bytes).
    Removing stm32l0xx_ll_spi.o(i.LL_SPI_DeInit), (72 bytes).
    Removing stm32l0xx_ll_spi.o(i.LL_SPI_StructInit), (26 bytes).
    Removing stm32l0xx_ll_pwr.o(.rev16_text), (4 bytes).
    Removing stm32l0xx_ll_pwr.o(.revsh_text), (4 bytes).
    Removing stm32l0xx_ll_pwr.o(i.LL_PWR_DeInit), (28 bytes).
    Removing stm32l0xx_ll_tim.o(.rev16_text), (4 bytes).
    Removing stm32l0xx_ll_tim.o(.revsh_text), (4 bytes).
    Removing stm32l0xx_ll_tim.o(i.LL_TIM_DeInit), (120 bytes).
    Removing stm32l0xx_ll_tim.o(i.LL_TIM_ENCODER_Init), (98 bytes).
    Removing stm32l0xx_ll_tim.o(i.LL_TIM_ENCODER_StructInit), (28 bytes).
    Removing stm32l0xx_ll_tim.o(i.LL_TIM_IC_Init), (236 bytes).
    Removing stm32l0xx_ll_tim.o(i.LL_TIM_IC_StructInit), (16 bytes).
    Removing stm32l0xx_ll_tim.o(i.LL_TIM_OC_StructInit), (12 bytes).
    Removing stm32l0xx_ll_tim.o(i.LL_TIM_StructInit), (14 bytes).
    Removing stm32l0xx_ll_usart.o(.rev16_text), (4 bytes).
    Removing stm32l0xx_ll_usart.o(.revsh_text), (4 bytes).
    Removing stm32l0xx_ll_usart.o(i.LL_USART_ClockInit), (64 bytes).
    Removing stm32l0xx_ll_usart.o(i.LL_USART_ClockStructInit), (12 bytes).
    Removing stm32l0xx_ll_usart.o(i.LL_USART_DeInit), (72 bytes).
    Removing stm32l0xx_ll_usart.o(i.LL_USART_StructInit), (24 bytes).
    Removing system_stm32l0xx.o(.rev16_text), (4 bytes).
    Removing system_stm32l0xx.o(.revsh_text), (4 bytes).
    Removing system_stm32l0xx.o(i.SystemCoreClockUpdate), (168 bytes).
    Removing eeprom.o(.rev16_text), (4 bytes).
    Removing eeprom.o(.revsh_text), (4 bytes).
    Removing eeprom.o(i.EEPROM_EraseByte), (120 bytes).
    Removing eeprom.o(i.EEPROM_EraseDWORD), (100 bytes).
    Removing eeprom.o(i.EEPROM_EraseWORD), (128 bytes).
    Removing eeprom.o(i.EEPROM_ReadDWORD), (16 bytes).
    Removing eeprom.o(i.EEPROM_ReadWORD), (16 bytes).
    Removing eeprom.o(i.EEPROM_WriteByte), (48 bytes).
    Removing eeprom.o(i.EEPROM_WriteDWORD), (48 bytes).
    Removing eeprom.o(i.EEPROM_WriteWORD), (48 bytes).
    Removing func.o(.rev16_text), (4 bytes).
    Removing func.o(.revsh_text), (4 bytes).
    Removing func.o(.data), (8 bytes).
    Removing serial.o(.rev16_text), (4 bytes).
    Removing serial.o(.revsh_text), (4 bytes).
    Removing bkpr.o(.rev16_text), (4 bytes).
    Removing bkpr.o(.revsh_text), (4 bytes).
    Removing bkpr.o(i.BKPR_ReadByte), (24 bytes).
    Removing bkpr.o(i.BKPR_ReadDWORD), (16 bytes).
    Removing bkpr.o(i.BKPR_ReadWORD), (24 bytes).
    Removing bkpr.o(i.BKPR_WriteByte), (88 bytes).
    Removing bkpr.o(i.BKPR_WriteDWORD), (64 bytes).
    Removing bkpr.o(i.BKPR_WriteWORD), (92 bytes).
    Removing iic.o(.rev16_text), (4 bytes).
    Removing iic.o(.revsh_text), (4 bytes).
    Removing lowpower.o(.rev16_text), (4 bytes).
    Removing lowpower.o(.revsh_text), (4 bytes).
    Removing lowpower.o(i.LP_EnterSleep), (76 bytes).
    Removing lowpower.o(i.LP_EnterStop), (124 bytes).
    Removing ds3231.o(.rev16_text), (4 bytes).
    Removing ds3231.o(.revsh_text), (4 bytes).
    Removing ds3231.o(i.RTC_ClearA1F), (14 bytes).
    Removing ds3231.o(i.RTC_ClearOSF), (14 bytes).
    Removing ds3231.o(i.RTC_GetA1F), (18 bytes).
    Removing ds3231.o(i.RTC_GetA1IE), (18 bytes).
    Removing ds3231.o(i.RTC_GetA2IE), (18 bytes).
    Removing ds3231.o(i.RTC_GetAM1Mask), (54 bytes).
    Removing ds3231.o(i.RTC_GetAM2Mask), (56 bytes).
    Removing ds3231.o(i.RTC_GetAging), (12 bytes).
    Removing ds3231.o(i.RTC_GetAlarm1), (194 bytes).
    Removing ds3231.o(i.RTC_GetAlarm2), (196 bytes).
    Removing ds3231.o(i.RTC_GetBBSQW), (18 bytes).
    Removing ds3231.o(i.RTC_GetBUSY), (18 bytes).
    Removing ds3231.o(i.RTC_GetCONV), (18 bytes).
    Removing ds3231.o(i.RTC_GetEN32KHZ), (18 bytes).
    Removing ds3231.o(i.RTC_GetEOSC), (18 bytes).
    Removing ds3231.o(i.RTC_GetINTCN), (18 bytes).
    Removing ds3231.o(i.RTC_GetRS), (14 bytes).
    Removing ds3231.o(i.RTC_ModifyA1IE), (20 bytes).
    Removing ds3231.o(i.RTC_ModifyAM1Mask), (58 bytes).
    Removing ds3231.o(i.RTC_ModifyAging), (52 bytes).
    Removing ds3231.o(i.RTC_ModifyBBSQW), (20 bytes).
    Removing ds3231.o(i.RTC_ModifyCONV), (20 bytes).
    Removing ds3231.o(i.RTC_ModifyEN32KHZ), (20 bytes).
    Removing ds3231.o(i.RTC_ModifyEOSC), (20 bytes).
    Removing ds3231.o(i.RTC_ModifyRS), (16 bytes).
    Removing ds3231.o(i.RTC_ReadREG_Multi), (78 bytes).
    Removing ds3231.o(i.RTC_SetAlarm1), (208 bytes).
    Removing ds3231.o(i.RTC_SetAlarm2), (176 bytes).
    Removing ds3231.o(i.RTC_TestREG), (16 bytes).
    Removing ds3231.o(i.RTC_WriteREG), (52 bytes).
    Removing ds3231.o(i.RTC_WriteREG_Multi), (76 bytes).
    Removing gdeh029a1.o(.rev16_text), (4 bytes).
    Removing gdeh029a1.o(.revsh_text), (4 bytes).
    Removing gdeh029a1.o(i.EPD_CheckBusy), (20 bytes).
    Removing gdeh029a1.o(i.EPD_ClearRAM), (56 bytes).
    Removing gdeh029a1.o(i.EPD_DrawHLine), (198 bytes).
    Removing gdeh029a1.o(i.EPD_DrawUTF8), (558 bytes).
    Removing gdeh029a1.o(i.EPD_DrawVLine), (198 bytes).
    Removing gdeh029a1.o(i.EPD_EnterDeepSleep), (88 bytes).
    Removing gdeh029a1.o(i.EPD_EnterSleep), (76 bytes).
    Removing gdeh029a1.o(i.EPD_Init), (420 bytes).
    Removing gdeh029a1.o(i.EPD_SendRAM), (50 bytes).
    Removing gdeh029a1.o(i.EPD_SetCursor), (40 bytes).
    Removing gdeh029a1.o(i.EPD_SetWindow), (106 bytes).
    Removing gdeh029a1.o(i.EPD_Show), (92 bytes).
    Removing gdeh029a1.o(i.delay_100ns), (108 bytes).
    Removing gdeh029a1.o(i.epd_send_cmd), (40 bytes).
    Removing gdeh029a1.o(i.epd_send_data), (40 bytes).
    Removing gdeh029a1.o(i.spi_send_data), (132 bytes).
    Removing gdeh029a1.o(.constdata), (90 bytes).
    Removing sht30.o(.rev16_text), (4 bytes).
    Removing sht30.o(.revsh_text), (4 bytes).
    Removing sht30.o(i.TH_BreakCommand), (28 bytes).
    Removing sht30.o(i.TH_ClearStatus), (28 bytes).
    Removing sht30.o(i.TH_GetAlertPending), (18 bytes).
    Removing sht30.o(i.TH_GetAlertRH), (18 bytes).
    Removing sht30.o(i.TH_GetAlertTemp), (18 bytes).
    Removing sht30.o(i.TH_GetCmdExecute), (18 bytes).
    Removing sht30.o(i.TH_GetDataChecksum), (14 bytes).
    Removing sht30.o(i.TH_GetHeater), (18 bytes).
    Removing sht30.o(i.TH_GetHumidityOffset), (12 bytes).
    Removing sht30.o(i.TH_GetResetState), (18 bytes).
    Removing sht30.o(i.TH_GetTemperatureOffset), (12 bytes).
    Removing sht30.o(i.TH_GetValue_Periodic_ART), (76 bytes).
    Removing sht30.o(i.TH_GetValue_SingleShotWithoutCS), (102 bytes).
    Removing sht30.o(i.TH_ModifyHeater), (48 bytes).
    Removing sht30.o(i.TH_ReadData), (52 bytes).
    Removing sht30.o(i.TH_SetHumidityOffset), (12 bytes).
    Removing sht30.o(i.TH_SetTemperatureOffset), (12 bytes).
    Removing sht30.o(i.TH_StartConv_ART), (20 bytes).
    Removing sht30.o(i.TH_StartConv_Periodic), (104 bytes).
    Removing sht30.o(i.TH_StartConv_SingleShotWithoutCS), (48 bytes).
    Removing analog.o(.rev16_text), (4 bytes).
    Removing analog.o(.revsh_text), (4 bytes).
    Removing analog.o(i.ADC_GetCalFactor), (16 bytes).
    Removing analog.o(i.delay_100ns), (108 bytes).
    Removing buzzer.o(.rev16_text), (4 bytes).
    Removing buzzer.o(.revsh_text), (4 bytes).
    Removing buzzer.o(i.BUZZER_SetFrqe), (56 bytes).
    Removing buzzer.o(i.BUZZER_Start), (14 bytes).
    Removing buzzer.o(i.BUZZER_Stop), (14 bytes).
    Removing cdcmple.o(.text), (40 bytes).
    Removing ds3231.o(i.__ARM_common_memclr1_8), (20 bytes).

202 unused section(s) (total 9673 bytes) removed from the image.

==============================================================================

Image Symbol Table

    Local Symbols

    Symbol Name                              Value     Ov Type        Size  Object(Section)

    ../Drivers/STM32L0xx_HAL_Driver/Src/stm32l0xx_ll_adc.c 0x00000000   Number         0  stm32l0xx_ll_adc.o ABSOLUTE
    ../Drivers/STM32L0xx_HAL_Driver/Src/stm32l0xx_ll_dma.c 0x00000000   Number         0  stm32l0xx_ll_dma.o ABSOLUTE
    ../Drivers/STM32L0xx_HAL_Driver/Src/stm32l0xx_ll_exti.c 0x00000000   Number         0  stm32l0xx_ll_exti.o ABSOLUTE
    ../Drivers/STM32L0xx_HAL_Driver/Src/stm32l0xx_ll_gpio.c 0x00000000   Number         0  stm32l0xx_ll_gpio.o ABSOLUTE
    ../Drivers/STM32L0xx_HAL_Driver/Src/stm32l0xx_ll_i2c.c 0x00000000   Number         0  stm32l0xx_ll_i2c.o ABSOLUTE
    ../Drivers/STM32L0xx_HAL_Driver/Src/stm32l0xx_ll_pwr.c 0x00000000   Number         0  stm32l0xx_ll_pwr.o ABSOLUTE
    ../Drivers/STM32L0xx_HAL_Driver/Src/stm32l0xx_ll_rcc.c 0x00000000   Number         0  stm32l0xx_ll_rcc.o ABSOLUTE
    ../Drivers/STM32L0xx_HAL_Driver/Src/stm32l0xx_ll_spi.c 0x00000000   Number         0  stm32l0xx_ll_spi.o ABSOLUTE
    ../Drivers/STM32L0xx_HAL_Driver/Src/stm32l0xx_ll_tim.c 0x00000000   Number         0  stm32l0xx_ll_tim.o ABSOLUTE
    ../Drivers/STM32L0xx_HAL_Driver/Src/stm32l0xx_ll_usart.c 0x00000000   Number         0  stm32l0xx_ll_usart.o ABSOLUTE
    ../Drivers/STM32L0xx_HAL_Driver/Src/stm32l0xx_ll_utils.c 0x00000000   Number         0  stm32l0xx_ll_utils.o ABSOLUTE
    ../Src/adc.c                             0x00000000   Number         0  adc.o ABSOLUTE
    ../Src/gpio.c                            0x00000000   Number         0  gpio.o ABSOLUTE
    ../Src/i2c.c                             0x00000000   Number         0  i2c.o ABSOLUTE
    ../Src/main.c                            0x00000000   Number         0  main.o ABSOLUTE
    ../Src/spi.c                             0x00000000   Number         0  spi.o ABSOLUTE
    ../Src/stm32l0xx_it.c                    0x00000000   Number         0  stm32l0xx_it.o ABSOLUTE
    ../Src/system_stm32l0xx.c                0x00000000   Number         0  system_stm32l0xx.o ABSOLUTE
    ../Src/tim.c                             0x00000000   Number         0  tim.o ABSOLUTE
    ../Src/usart.c                           0x00000000   Number         0  usart.o ABSOLUTE
    ../clib/microlib/division.c              0x00000000   Number         0  uidiv.o ABSOLUTE
    ../clib/microlib/division.c              0x00000000   Number         0  uldiv.o ABSOLUTE
    ../clib/microlib/errno.c                 0x00000000   Number         0  errno.o ABSOLUTE
    ../clib/microlib/init/entry.s            0x00000000   Number         0  entry11b.o ABSOLUTE
    ../clib/microlib/init/entry.s            0x00000000   Number         0  entry2.o ABSOLUTE
    ../clib/microlib/init/entry.s            0x00000000   Number         0  entry5.o ABSOLUTE
    ../clib/microlib/init/entry.s            0x00000000   Number         0  entry7a.o ABSOLUTE
    ../clib/microlib/init/entry.s            0x00000000   Number         0  entry7b.o ABSOLUTE
    ../clib/microlib/init/entry.s            0x00000000   Number         0  entry.o ABSOLUTE
    ../clib/microlib/init/entry.s            0x00000000   Number         0  entry8a.o ABSOLUTE
    ../clib/microlib/init/entry.s            0x00000000   Number         0  entry8b.o ABSOLUTE
    ../clib/microlib/init/entry.s            0x00000000   Number         0  entry9a.o ABSOLUTE
    ../clib/microlib/init/entry.s            0x00000000   Number         0  entry9b.o ABSOLUTE
    ../clib/microlib/init/entry.s            0x00000000   Number         0  entry10a.o ABSOLUTE
    ../clib/microlib/init/entry.s            0x00000000   Number         0  entry10b.o ABSOLUTE
    ../clib/microlib/init/entry.s            0x00000000   Number         0  entry11a.o ABSOLUTE
    ../clib/microlib/longlong.c              0x00000000   Number         0  llshl.o ABSOLUTE
    ../clib/microlib/longlong.c              0x00000000   Number         0  llsshr.o ABSOLUTE
    ../clib/microlib/longlong.c              0x00000000   Number         0  llushr.o ABSOLUTE
    ../clib/microlib/printf/printf.c         0x00000000   Number         0  printf6.o ABSOLUTE
    ../clib/microlib/printf/printf.c         0x00000000   Number         0  printfb.o ABSOLUTE
    ../clib/microlib/printf/printf.c         0x00000000   Number         0  printf0.o ABSOLUTE
    ../clib/microlib/printf/printf.c         0x00000000   Number         0  printf1.o ABSOLUTE
    ../clib/microlib/printf/printf.c         0x00000000   Number         0  printf2.o ABSOLUTE
    ../clib/microlib/printf/printf.c         0x00000000   Number         0  printf8.o ABSOLUTE
    ../clib/microlib/printf/printf.c         0x00000000   Number         0  printf3.o ABSOLUTE
    ../clib/microlib/printf/printf.c         0x00000000   Number         0  printfa.o ABSOLUTE
    ../clib/microlib/printf/printf.c         0x00000000   Number         0  printf7.o ABSOLUTE
    ../clib/microlib/printf/printf.c         0x00000000   Number         0  printf4.o ABSOLUTE
    ../clib/microlib/printf/printf.c         0x00000000   Number         0  printf5.o ABSOLUTE
    ../clib/microlib/printf/stubs.s          0x00000000   Number         0  stubs.o ABSOLUTE
    ../clib/microlib/stdio/fputc.c           0x00000000   Number         0  fputc.o ABSOLUTE
    ../clib/microlib/stdio/semi.s            0x00000000   Number         0  semi.o ABSOLUTE
    ../clib/microlib/stdio/streams.c         0x00000000   Number         0  stdout.o ABSOLUTE
    ../clib/microlib/string/memset.c         0x00000000   Number         0  memseta.o ABSOLUTE
    ../clib/microlib/stubs.s                 0x00000000   Number         0  iusesemip.o ABSOLUTE
    ../clib/microlib/stubs.s                 0x00000000   Number         0  iusefp.o ABSOLUTE
    ../fplib/microlib/d2f.c                  0x00000000   Number         0  d2f.o ABSOLUTE
    ../fplib/microlib/f2d.c                  0x00000000   Number         0  f2d.o ABSOLUTE
    ../fplib/microlib/fpadd.c                0x00000000   Number         0  fadd.o ABSOLUTE
    ../fplib/microlib/fpadd.c                0x00000000   Number         0  dadd.o ABSOLUTE
    ../fplib/microlib/fpdiv.c                0x00000000   Number         0  fdiv.o ABSOLUTE
    ../fplib/microlib/fpdiv.c                0x00000000   Number         0  ddiv.o ABSOLUTE
    ../fplib/microlib/fpepilogue.c           0x00000000   Number         0  depilogue.o ABSOLUTE
    ../fplib/microlib/fpepilogue.c           0x00000000   Number         0  fepilogue.o ABSOLUTE
    ../fplib/microlib/fpfix.c                0x00000000   Number         0  dfixui.o ABSOLUTE
    ../fplib/microlib/fpfix.c                0x00000000   Number         0  dfixul.o ABSOLUTE
    ../fplib/microlib/fpflt.c                0x00000000   Number         0  fflti.o ABSOLUTE
    ../fplib/microlib/fpflt.c                0x00000000   Number         0  ffltui.o ABSOLUTE
    ../fplib/microlib/fpflt.c                0x00000000   Number         0  dfltui.o ABSOLUTE
    ../fplib/microlib/fpflt.c                0x00000000   Number         0  dflti.o ABSOLUTE
    ../fplib/microlib/fpmul.c                0x00000000   Number         0  fmul.o ABSOLUTE
    ../fplib/microlib/fpmul.c                0x00000000   Number         0  dmul.o ABSOLUTE
    ../fplib/microlib/fpscalb.c              0x00000000   Number         0  dscalb.o ABSOLUTE
    ../fplib/microlib/fpsqrt.c               0x00000000   Number         0  dsqrt.o ABSOLUTE
    ../mathlib/dunder.c                      0x00000000   Number         0  dunder.o ABSOLUTE
    ../mathlib/fpclassify.c                  0x00000000   Number         0  fpclassify.o ABSOLUTE
    ../mathlib/poly.c                        0x00000000   Number         0  poly.o ABSOLUTE
    ../mathlib/pow.c                         0x00000000   Number         0  pow_x.o ABSOLUTE
    ../mathlib/pow.c                         0x00000000   Number         0  pow.o ABSOLUTE
    ../mathlib/qnan.c                        0x00000000   Number         0  qnan.o ABSOLUTE
    ../mathlib/sqrt.c                        0x00000000   Number         0  sqrt.o ABSOLUTE
    ../mathlib/sqrt.c                        0x00000000   Number         0  sqrt_x.o ABSOLUTE
    ..\Drivers\STM32L0xx_HAL_Driver\Src\stm32l0xx_ll_adc.c 0x00000000   Number         0  stm32l0xx_ll_adc.o ABSOLUTE
    ..\Drivers\STM32L0xx_HAL_Driver\Src\stm32l0xx_ll_dma.c 0x00000000   Number         0  stm32l0xx_ll_dma.o ABSOLUTE
    ..\Drivers\STM32L0xx_HAL_Driver\Src\stm32l0xx_ll_exti.c 0x00000000   Number         0  stm32l0xx_ll_exti.o ABSOLUTE
    ..\Drivers\STM32L0xx_HAL_Driver\Src\stm32l0xx_ll_gpio.c 0x00000000   Number         0  stm32l0xx_ll_gpio.o ABSOLUTE
    ..\Drivers\STM32L0xx_HAL_Driver\Src\stm32l0xx_ll_i2c.c 0x00000000   Number         0  stm32l0xx_ll_i2c.o ABSOLUTE
    ..\Drivers\STM32L0xx_HAL_Driver\Src\stm32l0xx_ll_pwr.c 0x00000000   Number         0  stm32l0xx_ll_pwr.o ABSOLUTE
    ..\Drivers\STM32L0xx_HAL_Driver\Src\stm32l0xx_ll_rcc.c 0x00000000   Number         0  stm32l0xx_ll_rcc.o ABSOLUTE
    ..\Drivers\STM32L0xx_HAL_Driver\Src\stm32l0xx_ll_spi.c 0x00000000   Number         0  stm32l0xx_ll_spi.o ABSOLUTE
    ..\Drivers\STM32L0xx_HAL_Driver\Src\stm32l0xx_ll_tim.c 0x00000000   Number         0  stm32l0xx_ll_tim.o ABSOLUTE
    ..\Drivers\STM32L0xx_HAL_Driver\Src\stm32l0xx_ll_usart.c 0x00000000   Number         0  stm32l0xx_ll_usart.o ABSOLUTE
    ..\Drivers\STM32L0xx_HAL_Driver\Src\stm32l0xx_ll_utils.c 0x00000000   Number         0  stm32l0xx_ll_utils.o ABSOLUTE
    ..\Src\USER\analog.c                     0x00000000   Number         0  analog.o ABSOLUTE
    ..\Src\USER\bkpr.c                       0x00000000   Number         0  bkpr.o ABSOLUTE
    ..\Src\USER\buzzer.c                     0x00000000   Number         0  buzzer.o ABSOLUTE
    ..\Src\USER\ds3231.c                     0x00000000   Number         0  ds3231.o ABSOLUTE
    ..\Src\USER\eeprom.c                     0x00000000   Number         0  eeprom.o ABSOLUTE
    ..\Src\USER\func.c                       0x00000000   Number         0  func.o ABSOLUTE
    ..\Src\USER\gdeh029a1.c                  0x00000000   Number         0  gdeh029a1.o ABSOLUTE
    ..\Src\USER\iic.c                        0x00000000   Number         0  iic.o ABSOLUTE
    ..\Src\USER\lowpower.c                   0x00000000   Number         0  lowpower.o ABSOLUTE
    ..\Src\USER\serial.c                     0x00000000   Number         0  serial.o ABSOLUTE
    ..\Src\USER\sht30.c                      0x00000000   Number         0  sht30.o ABSOLUTE
    ..\Src\adc.c                             0x00000000   Number         0  adc.o ABSOLUTE
    ..\Src\gpio.c                            0x00000000   Number         0  gpio.o ABSOLUTE
    ..\Src\i2c.c                             0x00000000   Number         0  i2c.o ABSOLUTE
    ..\Src\main.c                            0x00000000   Number         0  main.o ABSOLUTE
    ..\Src\spi.c                             0x00000000   Number         0  spi.o ABSOLUTE
    ..\Src\stm32l0xx_it.c                    0x00000000   Number         0  stm32l0xx_it.o ABSOLUTE
    ..\Src\system_stm32l0xx.c                0x00000000   Number         0  system_stm32l0xx.o ABSOLUTE
    ..\Src\tim.c                             0x00000000   Number         0  tim.o ABSOLUTE
    ..\Src\usart.c                           0x00000000   Number         0  usart.o ABSOLUTE
    ..\\Src\\USER\\analog.c                  0x00000000   Number         0  analog.o ABSOLUTE
    ..\\Src\\USER\\bkpr.c                    0x00000000   Number         0  bkpr.o ABSOLUTE
    ..\\Src\\USER\\buzzer.c                  0x00000000   Number         0  buzzer.o ABSOLUTE
    ..\\Src\\USER\\ds3231.c                  0x00000000   Number         0  ds3231.o ABSOLUTE
    ..\\Src\\USER\\eeprom.c                  0x00000000   Number         0  eeprom.o ABSOLUTE
    ..\\Src\\USER\\func.c                    0x00000000   Number         0  func.o ABSOLUTE
    ..\\Src\\USER\\gdeh029a1.c               0x00000000   Number         0  gdeh029a1.o ABSOLUTE
    ..\\Src\\USER\\iic.c                     0x00000000   Number         0  iic.o ABSOLUTE
    ..\\Src\\USER\\lowpower.c                0x00000000   Number         0  lowpower.o ABSOLUTE
    ..\\Src\\USER\\serial.c                  0x00000000   Number         0  serial.o ABSOLUTE
    ..\\Src\\USER\\sht30.c                   0x00000000   Number         0  sht30.o ABSOLUTE
    cdcmple.s                                0x00000000   Number         0  cdcmple.o ABSOLUTE
    cdrcmple.s                               0x00000000   Number         0  cdrcmple.o ABSOLUTE
    cfcmple.s                                0x00000000   Number         0  cfcmple.o ABSOLUTE
    cfrcmple.s                               0x00000000   Number         0  cfrcmple.o ABSOLUTE
    dc.s                                     0x00000000   Number         0  dc.o ABSOLUTE
    handlers.s                               0x00000000   Number         0  handlers.o ABSOLUTE
    init.s                                   0x00000000   Number         0  init.o ABSOLUTE
    startup_stm32l051xx.s                    0x00000000   Number         0  startup_stm32l051xx.o ABSOLUTE
    RESET                                    0x08000000   Section      192  startup_stm32l051xx.o(RESET)
    .ARM.Collect$$$$00000000                 0x080000c0   Section        0  entry.o(.ARM.Collect$$$$00000000)
    .ARM.Collect$$$$00000001                 0x080000c0   Section        4  entry2.o(.ARM.Collect$$$$00000001)
    .ARM.Collect$$$$00000004                 0x080000c4   Section        4  entry5.o(.ARM.Collect$$$$00000004)
    .ARM.Collect$$$$00000008                 0x080000c8   Section        0  entry7b.o(.ARM.Collect$$$$00000008)
    .ARM.Collect$$$$0000000A                 0x080000c8   Section        0  entry8b.o(.ARM.Collect$$$$0000000A)
    .ARM.Collect$$$$0000000B                 0x080000c8   Section        8  entry9a.o(.ARM.Collect$$$$0000000B)
    .ARM.Collect$$$$0000000D                 0x080000d0   Section        0  entry10a.o(.ARM.Collect$$$$0000000D)
    .ARM.Collect$$$$0000000F                 0x080000d0   Section        0  entry11a.o(.ARM.Collect$$$$0000000F)
    .ARM.Collect$$$$00002712                 0x080000d0   Section        4  entry2.o(.ARM.Collect$$$$00002712)
    __lit__00000000                          0x080000d0   Data           4  entry2.o(.ARM.Collect$$$$00002712)
    .text                                    0x080000d4   Section       28  startup_stm32l051xx.o(.text)
    .text                                    0x080000f0   Section        0  uidiv.o(.text)
    .text                                    0x0800011c   Section        0  memseta.o(.text)
    .text                                    0x08000140   Section        0  fadd.o(.text)
    .text                                    0x080001f2   Section        0  fmul.o(.text)
    .text                                    0x0800026c   Section        0  fdiv.o(.text)
    .text                                    0x080002e8   Section        0  dadd.o(.text)
    .text                                    0x0800044c   Section        0  dmul.o(.text)
    .text                                    0x0800051c   Section        0  ddiv.o(.text)
    .text                                    0x0800060c   Section        0  dscalb.o(.text)
    .text                                    0x08000638   Section        0  fflti.o(.text)
    .text                                    0x0800064e   Section        0  ffltui.o(.text)
    .text                                    0x0800065c   Section        0  dfltui.o(.text)
    .text                                    0x08000678   Section        0  dfixui.o(.text)
    .text                                    0x080006b4   Section        0  f2d.o(.text)
    .text                                    0x080006dc   Section        0  d2f.o(.text)
    .text                                    0x08000714   Section       20  cfcmple.o(.text)
    .text                                    0x08000728   Section       20  cfrcmple.o(.text)
    .text                                    0x0800073c   Section        0  uldiv.o(.text)
    .text                                    0x0800079c   Section        0  llshl.o(.text)
    .text                                    0x080007bc   Section        0  llushr.o(.text)
    .text                                    0x080007de   Section        0  llsshr.o(.text)
    .text                                    0x08000804   Section        0  fepilogue.o(.text)
    .text                                    0x08000804   Section        0  iusefp.o(.text)
    .text                                    0x08000886   Section        0  depilogue.o(.text)
    .text                                    0x08000944   Section        0  dflti.o(.text)
    .text                                    0x0800096c   Section        0  dfixul.o(.text)
    .text                                    0x080009ac   Section       40  cdrcmple.o(.text)
    .text                                    0x080009d4   Section       36  init.o(.text)
    .text                                    0x080009f8   Section        0  dsqrt.o(.text)
    i.ADC_Disable                            0x08000a9c   Section        0  analog.o(i.ADC_Disable)
    i.ADC_Enable                             0x08000b30   Section        0  analog.o(i.ADC_Enable)
    i.ADC_GetChannel                         0x08000c14   Section        0  analog.o(i.ADC_GetChannel)
    i.ADC_GetTemp                            0x08000ca0   Section        0  analog.o(i.ADC_GetTemp)
    i.ADC_GetVDDA                            0x08000d58   Section        0  analog.o(i.ADC_GetVDDA)
    i.ADC_StartCal                           0x08000dc0   Section        0  analog.o(i.ADC_StartCal)
    i.ADC_StartConversionSequence            0x08000e84   Section        0  analog.o(i.ADC_StartConversionSequence)
    i.BKPR_ResetAll                          0x08000f44   Section        0  bkpr.o(i.BKPR_ResetAll)
    i.BUZZER_Beep                            0x08000fa4   Section        0  buzzer.o(i.BUZZER_Beep)
    i.BUZZER_Disable                         0x08000ff8   Section        0  buzzer.o(i.BUZZER_Disable)
    i.BUZZER_Enable                          0x08001012   Section        0  buzzer.o(i.BUZZER_Enable)
    i.BUZZER_SetVolume                       0x0800102c   Section        0  buzzer.o(i.BUZZER_SetVolume)
    i.EEPROM_EraseRange                      0x08001078   Section        0  eeprom.o(i.EEPROM_EraseRange)
    i.EEPROM_ReadByte                        0x08001118   Section        0  eeprom.o(i.EEPROM_ReadByte)
    i.EXTI0_1_IRQHandler                     0x08001124   Section        0  stm32l0xx_it.o(i.EXTI0_1_IRQHandler)
    i.HardFault_Handler                      0x08001138   Section        0  stm32l0xx_it.o(i.HardFault_Handler)
    i.I2C_ReadByte                           0x08001180   Section        0  iic.o(i.I2C_ReadByte)
    i.I2C_Start                              0x080011c0   Section        0  iic.o(i.I2C_Start)
    i.I2C_Stop                               0x080012c0   Section        0  iic.o(i.I2C_Stop)
    i.I2C_WriteByte                          0x08001338   Section        0  iic.o(i.I2C_WriteByte)
    i.Init                                   0x08001380   Section        0  func.o(i.Init)
    i.LL_ADC_Init                            0x0800159c   Section        0  stm32l0xx_ll_adc.o(i.LL_ADC_Init)
    i.LL_ADC_REG_Init                        0x080015d8   Section        0  stm32l0xx_ll_adc.o(i.LL_ADC_REG_Init)
    i.LL_EXTI_Init                           0x08001610   Section        0  stm32l0xx_ll_exti.o(i.LL_EXTI_Init)
    i.LL_GPIO_Init                           0x080016c8   Section        0  stm32l0xx_ll_gpio.o(i.LL_GPIO_Init)
    i.LL_I2C_DeInit                          0x0800177c   Section        0  stm32l0xx_ll_i2c.o(i.LL_I2C_DeInit)
    i.LL_I2C_Init                            0x080017c4   Section        0  stm32l0xx_ll_i2c.o(i.LL_I2C_Init)
    i.LL_Init1msTick                         0x08001830   Section        0  stm32l0xx_ll_utils.o(i.LL_Init1msTick)
    i.LL_RCC_GetUSARTClockFreq               0x08001850   Section        0  stm32l0xx_ll_rcc.o(i.LL_RCC_GetUSARTClockFreq)
    i.LL_SPI_Init                            0x08001934   Section        0  stm32l0xx_ll_spi.o(i.LL_SPI_Init)
    i.LL_SetSystemCoreClock                  0x080019a0   Section        0  stm32l0xx_ll_utils.o(i.LL_SetSystemCoreClock)
    i.LL_TIM_Init                            0x080019ac   Section        0  stm32l0xx_ll_tim.o(i.LL_TIM_Init)
    i.LL_TIM_OC_Init                         0x08001a04   Section        0  stm32l0xx_ll_tim.o(i.LL_TIM_OC_Init)
    i.LL_USART_Init                          0x08001b10   Section        0  stm32l0xx_ll_usart.o(i.LL_USART_Init)
    i.LL_mDelay                              0x08001bb8   Section        0  stm32l0xx_ll_utils.o(i.LL_mDelay)
    i.LP_EnterStandby                        0x08001bdc   Section        0  lowpower.o(i.LP_EnterStandby)
    i.LP_GetResetInfo                        0x08001c28   Section        0  lowpower.o(i.LP_GetResetInfo)
    i.Loop                                   0x08001c70   Section        0  func.o(i.Loop)
    i.MX_ADC_Init                            0x080021bc   Section        0  adc.o(i.MX_ADC_Init)
    i.MX_GPIO_Init                           0x080022e4   Section        0  gpio.o(i.MX_GPIO_Init)
    i.MX_I2C1_Init                           0x080024d8   Section        0  i2c.o(i.MX_I2C1_Init)
    i.MX_SPI1_Init                           0x08002598   Section        0  spi.o(i.MX_SPI1_Init)
    i.MX_TIM2_Init                           0x08002644   Section        0  tim.o(i.MX_TIM2_Init)
    i.MX_USART1_UART_Init                    0x08002728   Section        0  usart.o(i.MX_USART1_UART_Init)
    i.NMI_Handler                            0x080027d8   Section        0  stm32l0xx_it.o(i.NMI_Handler)
    i.PendSV_Handler                         0x080027da   Section        0  stm32l0xx_it.o(i.PendSV_Handler)
    i.RCC_GetSystemClockFreq                 0x080027dc   Section        0  stm32l0xx_ll_rcc.o(i.RCC_GetSystemClockFreq)
    i.RTC_ClearA2F                           0x08002860   Section        0  ds3231.o(i.RTC_ClearA2F)
    i.RTC_GetA2F                             0x0800286e   Section        0  ds3231.o(i.RTC_GetA2F)
    i.RTC_GetOSF                             0x08002880   Section        0  ds3231.o(i.RTC_GetOSF)
    i.RTC_GetTemp                            0x08002892   Section        0  ds3231.o(i.RTC_GetTemp)
    i.RTC_GetTime                            0x080028b8   Section        0  ds3231.o(i.RTC_GetTime)
    i.RTC_ModifyA2IE                         0x0800299a   Section        0  ds3231.o(i.RTC_ModifyA2IE)
    i.RTC_ModifyAM2Mask                      0x080029ae   Section        0  ds3231.o(i.RTC_ModifyAM2Mask)
    i.RTC_ModifyINTCN                        0x080029ec   Section        0  ds3231.o(i.RTC_ModifyINTCN)
    i.RTC_ModifyREG                          0x08002a00   Section        0  ds3231.o(i.RTC_ModifyREG)
    i.RTC_ReadREG                            0x08002a40   Section        0  ds3231.o(i.RTC_ReadREG)
    i.RTC_ResetAllRegToDefault               0x08002a7c   Section        0  ds3231.o(i.RTC_ResetAllRegToDefault)
    i.RTC_SetTime                            0x08002ae8   Section        0  ds3231.o(i.RTC_SetTime)
    i.SERIAL_SendData                        0x08002bd0   Section        0  serial.o(i.SERIAL_SendData)
    i.SERIAL_SendString                      0x08002c34   Section        0  serial.o(i.SERIAL_SendString)
    i.SERIAL_SendStringRN                    0x08002c54   Section        0  serial.o(i.SERIAL_SendStringRN)
    i.SVC_Handler                            0x08002c80   Section        0  stm32l0xx_it.o(i.SVC_Handler)
    i.SysTick_Handler                        0x08002c82   Section        0  stm32l0xx_it.o(i.SysTick_Handler)
    i.SystemClock_Config                     0x08002c84   Section        0  main.o(i.SystemClock_Config)
    i.SystemInit                             0x08002d38   Section        0  system_stm32l0xx.o(i.SystemInit)
    i.TH_GetStatus                           0x08002d8c   Section        0  sht30.o(i.TH_GetStatus)
    i.TH_GetValue_SingleShotWithCS           0x08002e0c   Section        0  sht30.o(i.TH_GetValue_SingleShotWithCS)
    i.TH_ReadCmd                             0x08002e80   Section        0  sht30.o(i.TH_ReadCmd)
    i.TH_SoftReset                           0x08002ed8   Section        0  sht30.o(i.TH_SoftReset)
    i.TH_WriteCmd                            0x08002ef4   Section        0  sht30.o(i.TH_WriteCmd)
    i._SERIAL_DebugPrint                     0x08002f28   Section        0  serial.o(i._SERIAL_DebugPrint)
    i.__0snprintf                            0x080030b4   Section        0  printfa.o(i.__0snprintf)
    i.__ARM_clz                              0x080030e8   Section        0  depilogue.o(i.__ARM_clz)
    i.__ARM_fpclassify                       0x08003118   Section        0  fpclassify.o(i.__ARM_fpclassify)
    i.__kernel_poly                          0x08003144   Section        0  poly.o(i.__kernel_poly)
    i.__mathlib_dbl_divzero                  0x080031f0   Section        0  dunder.o(i.__mathlib_dbl_divzero)
    i.__mathlib_dbl_infnan2                  0x08003204   Section        0  dunder.o(i.__mathlib_dbl_infnan2)
    i.__mathlib_dbl_invalid                  0x0800320c   Section        0  dunder.o(i.__mathlib_dbl_invalid)
    i.__mathlib_dbl_overflow                 0x0800321c   Section        0  dunder.o(i.__mathlib_dbl_overflow)
    i.__mathlib_dbl_underflow                0x08003230   Section        0  dunder.o(i.__mathlib_dbl_underflow)
    i.__scatterload_copy                     0x08003244   Section       14  handlers.o(i.__scatterload_copy)
    i.__scatterload_null                     0x08003252   Section        2  handlers.o(i.__scatterload_null)
    i.__scatterload_zeroinit                 0x08003254   Section       14  handlers.o(i.__scatterload_zeroinit)
    i.__set_errno                            0x08003264   Section        0  errno.o(i.__set_errno)
    i._fp_digits                             0x08003270   Section        0  printfa.o(i._fp_digits)
    _fp_digits                               0x08003271   Thumb Code   344  printfa.o(i._fp_digits)
    i._printf_core                           0x080033e4   Section        0  printfa.o(i._printf_core)
    _printf_core                             0x080033e5   Thumb Code  1754  printfa.o(i._printf_core)
    i._printf_post_padding                   0x08003ad0   Section        0  printfa.o(i._printf_post_padding)
    _printf_post_padding                     0x08003ad1   Thumb Code    32  printfa.o(i._printf_post_padding)
    i._printf_pre_padding                    0x08003af0   Section        0  printfa.o(i._printf_pre_padding)
    _printf_pre_padding                      0x08003af1   Thumb Code    44  printfa.o(i._printf_pre_padding)
    i._snputc                                0x08003b1c   Section        0  printfa.o(i._snputc)
    _snputc                                  0x08003b1d   Thumb Code    22  printfa.o(i._snputc)
    i.conv_float_avg                         0x08003b34   Section        0  analog.o(i.conv_float_avg)
    conv_float_avg                           0x08003b35   Thumb Code   282  analog.o(i.conv_float_avg)
    i.crc8                                   0x08003c54   Section        0  sht30.o(i.crc8)
    crc8                                     0x08003c55   Thumb Code    62  sht30.o(i.crc8)
    i.eeprom_lock                            0x08003c94   Section        0  eeprom.o(i.eeprom_lock)
    eeprom_lock                              0x08003c95   Thumb Code    64  eeprom.o(i.eeprom_lock)
    i.eeprom_unlock                          0x08003cdc   Section        0  eeprom.o(i.eeprom_unlock)
    eeprom_unlock                            0x08003cdd   Thumb Code    64  eeprom.o(i.eeprom_unlock)
    i.i2c_reset                              0x08003d2c   Section        0  iic.o(i.i2c_reset)
    i2c_reset                                0x08003d2d   Thumb Code   552  iic.o(i.i2c_reset)
    i.main                                   0x08003f60   Section        0  main.o(i.main)
    i.pow                                    0x08003fc0   Section        0  pow.o(i.pow)
    i.readout_data_conv                      0x080049bc   Section        0  sht30.o(i.readout_data_conv)
    readout_data_conv                        0x080049bd   Thumb Code   128  sht30.o(i.readout_data_conv)
    i.sqrt                                   0x08004a50   Section        0  sqrt.o(i.sqrt)
    .constdata                               0x08004a98   Section       14  tim.o(.constdata)
    OFFSET_TAB_CCMRx                         0x08004a98   Data           7  tim.o(.constdata)
    SHIFT_TAB_OCxx                           0x08004a9f   Data           7  tim.o(.constdata)
    .constdata                               0x08004aa6   Section       25  system_stm32l0xx.o(.constdata)
    .constdata                               0x08004abf   Section        8  system_stm32l0xx.o(.constdata)
    .constdata                               0x08004ac7   Section       28  func.o(.constdata)
    __FUNCTION__                             0x08004ac7   Data           5  func.o(.constdata)
    __FUNCTION__                             0x08004acc   Data           5  func.o(.constdata)
    __FUNCTION__                             0x08004ada   Data           9  func.o(.constdata)
    .constdata                               0x08004ae8   Section      136  pow.o(.constdata)
    bp                                       0x08004ae8   Data          16  pow.o(.constdata)
    dp_h                                     0x08004af8   Data          16  pow.o(.constdata)
    dp_l                                     0x08004b08   Data          16  pow.o(.constdata)
    L                                        0x08004b18   Data          48  pow.o(.constdata)
    P                                        0x08004b48   Data          40  pow.o(.constdata)
    .constdata                               0x08004b70   Section        8  qnan.o(.constdata)
    .data                                    0x20000000   Section        4  system_stm32l0xx.o(.data)
    .data                                    0x20000004   Section       12  func.o(.data)
    .data                                    0x20000010   Section        8  sht30.o(.data)
    TemperatureOffset                        0x20000010   Data           4  sht30.o(.data)
    HumidityOffset                           0x20000014   Data           4  sht30.o(.data)
    .data                                    0x20000018   Section        4  errno.o(.data)
    _errno                                   0x20000018   Data           4  errno.o(.data)
    .bss                                     0x2000001c   Section      265  func.o(.bss)
    STACK                                    0x20000128   Section     1024  startup_stm32l051xx.o(STACK)

    Global Symbols

    Symbol Name                              Value     Ov Type        Size  Object(Section)

    BuildAttributes$$THM_ISAv3M$S$PE$A:L22$X:L11$S22$IEEE1$IW$USESV6$~STKCKD$USESV7$~SHL$OTIME$ROPI$IEEEX$EBA8$MICROLIB$REQ8$PRES8$EABIv2 0x00000000   Number         0  anon$$obj.o ABSOLUTE
    __ARM_use_no_argv                        0x00000000   Number         0  main.o ABSOLUTE
    _printf_a                                0x00000000   Number         0  stubs.o ABSOLUTE
    _printf_c                                0x00000000   Number         0  stubs.o ABSOLUTE
    _printf_charcount                        0x00000000   Number         0  stubs.o ABSOLUTE
    _printf_d                                0x00000000   Number         0  stubs.o ABSOLUTE
    _printf_e                                0x00000000   Number         0  stubs.o ABSOLUTE
    _printf_f                                0x00000000   Number         0  stubs.o ABSOLUTE
    _printf_flags                            0x00000000   Number         0  stubs.o ABSOLUTE
    _printf_fp_dec                           0x00000000   Number         0  stubs.o ABSOLUTE
    _printf_fp_hex                           0x00000000   Number         0  stubs.o ABSOLUTE
    _printf_g                                0x00000000   Number         0  stubs.o ABSOLUTE
    _printf_i                                0x00000000   Number         0  stubs.o ABSOLUTE
    _printf_int_dec                          0x00000000   Number         0  stubs.o ABSOLUTE
    _printf_l                                0x00000000   Number         0  stubs.o ABSOLUTE
    _printf_lc                               0x00000000   Number         0  stubs.o ABSOLUTE
    _printf_ll                               0x00000000   Number         0  stubs.o ABSOLUTE
    _printf_lld                              0x00000000   Number         0  stubs.o ABSOLUTE
    _printf_lli                              0x00000000   Number         0  stubs.o ABSOLUTE
    _printf_llo                              0x00000000   Number         0  stubs.o ABSOLUTE
    _printf_llu                              0x00000000   Number         0  stubs.o ABSOLUTE
    _printf_llx                              0x00000000   Number         0  stubs.o ABSOLUTE
    _printf_longlong_dec                     0x00000000   Number         0  stubs.o ABSOLUTE
    _printf_longlong_hex                     0x00000000   Number         0  stubs.o ABSOLUTE
    _printf_longlong_oct                     0x00000000   Number         0  stubs.o ABSOLUTE
    _printf_ls                               0x00000000   Number         0  stubs.o ABSOLUTE
    _printf_mbtowc                           0x00000000   Number         0  stubs.o ABSOLUTE
    _printf_n                                0x00000000   Number         0  stubs.o ABSOLUTE
    _printf_o                                0x00000000   Number         0  stubs.o ABSOLUTE
    _printf_p                                0x00000000   Number         0  stubs.o ABSOLUTE
    _printf_percent                          0x00000000   Number         0  stubs.o ABSOLUTE
    _printf_pre_padding                      0x00000000   Number         0  stubs.o ABSOLUTE
    _printf_return_value                     0x00000000   Number         0  stubs.o ABSOLUTE
    _printf_s                                0x00000000   Number         0  stubs.o ABSOLUTE
    _printf_sizespec                         0x00000000   Number         0  stubs.o ABSOLUTE
    _printf_str                              0x00000000   Number         0  stubs.o ABSOLUTE
    _printf_truncate_signed                  0x00000000   Number         0  stubs.o ABSOLUTE
    _printf_truncate_unsigned                0x00000000   Number         0  stubs.o ABSOLUTE
    _printf_u                                0x00000000   Number         0  stubs.o ABSOLUTE
    _printf_wc                               0x00000000   Number         0  stubs.o ABSOLUTE
    _printf_wctomb                           0x00000000   Number         0  stubs.o ABSOLUTE
    _printf_widthprec                        0x00000000   Number         0  stubs.o ABSOLUTE
    _printf_x                                0x00000000   Number         0  stubs.o ABSOLUTE
    __cpp_initialize__aeabi_                  - Undefined Weak Reference
    __cxa_finalize                            - Undefined Weak Reference
    __decompress                              - Undefined Weak Reference
    _clock_init                               - Undefined Weak Reference
    _microlib_exit                            - Undefined Weak Reference
    __Vectors_Size                           0x000000c0   Number         0  startup_stm32l051xx.o ABSOLUTE
    __Vectors                                0x08000000   Data           4  startup_stm32l051xx.o(RESET)
    __Vectors_End                            0x080000c0   Data           0  startup_stm32l051xx.o(RESET)
    __main                                   0x080000c1   Thumb Code     0  entry.o(.ARM.Collect$$$$00000000)
    _main_stk                                0x080000c1   Thumb Code     0  entry2.o(.ARM.Collect$$$$00000001)
    _main_scatterload                        0x080000c5   Thumb Code     0  entry5.o(.ARM.Collect$$$$00000004)
    __main_after_scatterload                 0x080000c9   Thumb Code     0  entry5.o(.ARM.Collect$$$$00000004)
    _main_clock                              0x080000c9   Thumb Code     0  entry7b.o(.ARM.Collect$$$$00000008)
    _main_cpp_init                           0x080000c9   Thumb Code     0  entry8b.o(.ARM.Collect$$$$0000000A)
    _main_init                               0x080000c9   Thumb Code     0  entry9a.o(.ARM.Collect$$$$0000000B)
    __rt_final_cpp                           0x080000d1   Thumb Code     0  entry10a.o(.ARM.Collect$$$$0000000D)
    __rt_final_exit                          0x080000d1   Thumb Code     0  entry11a.o(.ARM.Collect$$$$0000000F)
    Reset_Handler                            0x080000d5   Thumb Code     8  startup_stm32l051xx.o(.text)
    ADC1_COMP_IRQHandler                     0x080000e7   Thumb Code     0  startup_stm32l051xx.o(.text)
    DMA1_Channel1_IRQHandler                 0x080000e7   Thumb Code     0  startup_stm32l051xx.o(.text)
    DMA1_Channel2_3_IRQHandler               0x080000e7   Thumb Code     0  startup_stm32l051xx.o(.text)
    DMA1_Channel4_5_6_7_IRQHandler           0x080000e7   Thumb Code     0  startup_stm32l051xx.o(.text)
    EXTI2_3_IRQHandler                       0x080000e7   Thumb Code     0  startup_stm32l051xx.o(.text)
    EXTI4_15_IRQHandler                      0x080000e7   Thumb Code     0  startup_stm32l051xx.o(.text)
    FLASH_IRQHandler                         0x080000e7   Thumb Code     0  startup_stm32l051xx.o(.text)
    I2C1_IRQHandler                          0x080000e7   Thumb Code     0  startup_stm32l051xx.o(.text)
    I2C2_IRQHandler                          0x080000e7   Thumb Code     0  startup_stm32l051xx.o(.text)
    LPTIM1_IRQHandler                        0x080000e7   Thumb Code     0  startup_stm32l051xx.o(.text)
    LPUART1_IRQHandler                       0x080000e7   Thumb Code     0  startup_stm32l051xx.o(.text)
    PVD_IRQHandler                           0x080000e7   Thumb Code     0  startup_stm32l051xx.o(.text)
    RCC_IRQHandler                           0x080000e7   Thumb Code     0  startup_stm32l051xx.o(.text)
    RTC_IRQHandler                           0x080000e7   Thumb Code     0  startup_stm32l051xx.o(.text)
    SPI1_IRQHandler                          0x080000e7   Thumb Code     0  startup_stm32l051xx.o(.text)
    SPI2_IRQHandler                          0x080000e7   Thumb Code     0  startup_stm32l051xx.o(.text)
    TIM21_IRQHandler                         0x080000e7   Thumb Code     0  startup_stm32l051xx.o(.text)
    TIM22_IRQHandler                         0x080000e7   Thumb Code     0  startup_stm32l051xx.o(.text)
    TIM2_IRQHandler                          0x080000e7   Thumb Code     0  startup_stm32l051xx.o(.text)
    TIM6_IRQHandler                          0x080000e7   Thumb Code     0  startup_stm32l051xx.o(.text)
    USART1_IRQHandler                        0x080000e7   Thumb Code     0  startup_stm32l051xx.o(.text)
    USART2_IRQHandler                        0x080000e7   Thumb Code     0  startup_stm32l051xx.o(.text)
    WWDG_IRQHandler                          0x080000e7   Thumb Code     0  startup_stm32l051xx.o(.text)
    __aeabi_uidiv                            0x080000f1   Thumb Code     0  uidiv.o(.text)
    __aeabi_uidivmod                         0x080000f1   Thumb Code    44  uidiv.o(.text)
    __aeabi_memset                           0x0800011d   Thumb Code    14  memseta.o(.text)
    __aeabi_memset4                          0x0800011d   Thumb Code     0  memseta.o(.text)
    __aeabi_memset8                          0x0800011d   Thumb Code     0  memseta.o(.text)
    __aeabi_memclr                           0x0800012b   Thumb Code     4  memseta.o(.text)
    __aeabi_memclr4                          0x0800012b   Thumb Code     0  memseta.o(.text)
    __aeabi_memclr8                          0x0800012b   Thumb Code     0  memseta.o(.text)
    _memset$wrapper                          0x0800012f   Thumb Code    18  memseta.o(.text)
    __aeabi_fadd                             0x08000141   Thumb Code   162  fadd.o(.text)
    __aeabi_fsub                             0x080001e3   Thumb Code     8  fadd.o(.text)
    __aeabi_frsub                            0x080001eb   Thumb Code     8  fadd.o(.text)
    __aeabi_fmul                             0x080001f3   Thumb Code   122  fmul.o(.text)
    __aeabi_fdiv                             0x0800026d   Thumb Code   124  fdiv.o(.text)
    __aeabi_dadd                             0x080002e9   Thumb Code   328  dadd.o(.text)
    __aeabi_dsub                             0x08000431   Thumb Code    12  dadd.o(.text)
    __aeabi_drsub                            0x0800043d   Thumb Code    12  dadd.o(.text)
    __aeabi_dmul                             0x0800044d   Thumb Code   202  dmul.o(.text)
    __aeabi_ddiv                             0x0800051d   Thumb Code   234  ddiv.o(.text)
    __ARM_scalbn                             0x0800060d   Thumb Code    44  dscalb.o(.text)
    scalbn                                   0x0800060d   Thumb Code     0  dscalb.o(.text)
    __aeabi_i2f                              0x08000639   Thumb Code    22  fflti.o(.text)
    __aeabi_ui2f                             0x0800064f   Thumb Code    14  ffltui.o(.text)
    __aeabi_ui2d                             0x0800065d   Thumb Code    24  dfltui.o(.text)
    __aeabi_d2uiz                            0x08000679   Thumb Code    50  dfixui.o(.text)
    __aeabi_f2d                              0x080006b5   Thumb Code    40  f2d.o(.text)
    __aeabi_d2f                              0x080006dd   Thumb Code    56  d2f.o(.text)
    __aeabi_cfcmpeq                          0x08000715   Thumb Code     0  cfcmple.o(.text)
    __aeabi_cfcmple                          0x08000715   Thumb Code    20  cfcmple.o(.text)
    __aeabi_cfrcmple                         0x08000729   Thumb Code    20  cfrcmple.o(.text)
    __aeabi_uldivmod                         0x0800073d   Thumb Code    96  uldiv.o(.text)
    __aeabi_llsl                             0x0800079d   Thumb Code    32  llshl.o(.text)
    _ll_shift_l                              0x0800079d   Thumb Code     0  llshl.o(.text)
    __aeabi_llsr                             0x080007bd   Thumb Code    34  llushr.o(.text)
    _ll_ushift_r                             0x080007bd   Thumb Code     0  llushr.o(.text)
    __aeabi_lasr                             0x080007df   Thumb Code    38  llsshr.o(.text)
    _ll_sshift_r                             0x080007df   Thumb Code     0  llsshr.o(.text)
    __I$use$fp                               0x08000805   Thumb Code     0  iusefp.o(.text)
    _float_round                             0x08000805   Thumb Code    16  fepilogue.o(.text)
    _float_epilogue                          0x08000815   Thumb Code   114  fepilogue.o(.text)
    _double_round                            0x08000887   Thumb Code    26  depilogue.o(.text)
    _double_epilogue                         0x080008a1   Thumb Code   164  depilogue.o(.text)
    __aeabi_i2d                              0x08000945   Thumb Code    34  dflti.o(.text)
    __aeabi_d2ulz                            0x0800096d   Thumb Code    54  dfixul.o(.text)
    __aeabi_cdrcmple                         0x080009ad   Thumb Code    38  cdrcmple.o(.text)
    __scatterload                            0x080009d5   Thumb Code    28  init.o(.text)
    __scatterload_rt2                        0x080009d5   Thumb Code     0  init.o(.text)
    _dsqrt                                   0x080009f9   Thumb Code   162  dsqrt.o(.text)
    ADC_Disable                              0x08000a9d   Thumb Code   128  analog.o(i.ADC_Disable)
    ADC_Enable                               0x08000b31   Thumb Code   210  analog.o(i.ADC_Enable)
    ADC_GetChannel                           0x08000c15   Thumb Code   118  analog.o(i.ADC_GetChannel)
    ADC_GetTemp                              0x08000ca1   Thumb Code   158  analog.o(i.ADC_GetTemp)
    ADC_GetVDDA                              0x08000d59   Thumb Code    88  analog.o(i.ADC_GetVDDA)
    ADC_StartCal                             0x08000dc1   Thumb Code   188  analog.o(i.ADC_StartCal)
    ADC_StartConversionSequence              0x08000e85   Thumb Code   178  analog.o(i.ADC_StartConversionSequence)
    BKPR_ResetAll                            0x08000f45   Thumb Code    78  bkpr.o(i.BKPR_ResetAll)
    BUZZER_Beep                              0x08000fa5   Thumb Code    68  buzzer.o(i.BUZZER_Beep)
    BUZZER_Disable                           0x08000ff9   Thumb Code    26  buzzer.o(i.BUZZER_Disable)
    BUZZER_Enable                            0x08001013   Thumb Code    26  buzzer.o(i.BUZZER_Enable)
    BUZZER_SetVolume                         0x0800102d   Thumb Code    70  buzzer.o(i.BUZZER_SetVolume)
    EEPROM_EraseRange                        0x08001079   Thumb Code   146  eeprom.o(i.EEPROM_EraseRange)
    EEPROM_ReadByte                          0x08001119   Thumb Code     8  eeprom.o(i.EEPROM_ReadByte)
    EXTI0_1_IRQHandler                       0x08001125   Thumb Code    16  stm32l0xx_it.o(i.EXTI0_1_IRQHandler)
    HardFault_Handler                        0x08001139   Thumb Code    30  stm32l0xx_it.o(i.HardFault_Handler)
    I2C_ReadByte                             0x08001181   Thumb Code    54  iic.o(i.I2C_ReadByte)
    I2C_Start                                0x080011c1   Thumb Code   242  iic.o(i.I2C_Start)
    I2C_Stop                                 0x080012c1   Thumb Code   112  iic.o(i.I2C_Stop)
    I2C_WriteByte                            0x08001339   Thumb Code    62  iic.o(i.I2C_WriteByte)
    Init                                     0x08001381   Thumb Code   406  func.o(i.Init)
    LL_ADC_Init                              0x0800159d   Thumb Code    54  stm32l0xx_ll_adc.o(i.LL_ADC_Init)
    LL_ADC_REG_Init                          0x080015d9   Thumb Code    50  stm32l0xx_ll_adc.o(i.LL_ADC_REG_Init)
    LL_EXTI_Init                             0x08001611   Thumb Code   178  stm32l0xx_ll_exti.o(i.LL_EXTI_Init)
    LL_GPIO_Init                             0x080016c9   Thumb Code   180  stm32l0xx_ll_gpio.o(i.LL_GPIO_Init)
    LL_I2C_DeInit                            0x0800177d   Thumb Code    58  stm32l0xx_ll_i2c.o(i.LL_I2C_DeInit)
    LL_I2C_Init                              0x080017c5   Thumb Code   108  stm32l0xx_ll_i2c.o(i.LL_I2C_Init)
    LL_Init1msTick                           0x08001831   Thumb Code    26  stm32l0xx_ll_utils.o(i.LL_Init1msTick)
    LL_RCC_GetUSARTClockFreq                 0x08001851   Thumb Code   204  stm32l0xx_ll_rcc.o(i.LL_RCC_GetUSARTClockFreq)
    LL_SPI_Init                              0x08001935   Thumb Code   104  stm32l0xx_ll_spi.o(i.LL_SPI_Init)
    LL_SetSystemCoreClock                    0x080019a1   Thumb Code     6  stm32l0xx_ll_utils.o(i.LL_SetSystemCoreClock)
    LL_TIM_Init                              0x080019ad   Thumb Code    78  stm32l0xx_ll_tim.o(i.LL_TIM_Init)
    LL_TIM_OC_Init                           0x08001a05   Thumb Code   268  stm32l0xx_ll_tim.o(i.LL_TIM_OC_Init)
    LL_USART_Init                            0x08001b11   Thumb Code   152  stm32l0xx_ll_usart.o(i.LL_USART_Init)
    LL_mDelay                                0x08001bb9   Thumb Code    30  stm32l0xx_ll_utils.o(i.LL_mDelay)
    LP_EnterStandby                          0x08001bdd   Thumb Code    68  lowpower.o(i.LP_EnterStandby)
    LP_GetResetInfo                          0x08001c29   Thumb Code    62  lowpower.o(i.LP_GetResetInfo)
    Loop                                     0x08001c71   Thumb Code   766  func.o(i.Loop)
    MX_ADC_Init                              0x080021bd   Thumb Code   268  adc.o(i.MX_ADC_Init)
    MX_GPIO_Init                             0x080022e5   Thumb Code   476  gpio.o(i.MX_GPIO_Init)
    MX_I2C1_Init                             0x080024d9   Thumb Code   172  i2c.o(i.MX_I2C1_Init)
    MX_SPI1_Init                             0x08002599   Thumb Code   162  spi.o(i.MX_SPI1_Init)
    MX_TIM2_Init                             0x08002645   Thumb Code   206  tim.o(i.MX_TIM2_Init)
    MX_USART1_UART_Init                      0x08002729   Thumb Code   166  usart.o(i.MX_USART1_UART_Init)
    NMI_Handler                              0x080027d9   Thumb Code     2  stm32l0xx_it.o(i.NMI_Handler)
    PendSV_Handler                           0x080027db   Thumb Code     2  stm32l0xx_it.o(i.PendSV_Handler)
    RCC_GetSystemClockFreq                   0x080027dd   Thumb Code   116  stm32l0xx_ll_rcc.o(i.RCC_GetSystemClockFreq)
    RTC_ClearA2F                             0x08002861   Thumb Code    14  ds3231.o(i.RTC_ClearA2F)
    RTC_GetA2F                               0x0800286f   Thumb Code    18  ds3231.o(i.RTC_GetA2F)
    RTC_GetOSF                               0x08002881   Thumb Code    18  ds3231.o(i.RTC_GetOSF)
    RTC_GetTemp                              0x08002893   Thumb Code    38  ds3231.o(i.RTC_GetTemp)
    RTC_GetTime                              0x080028b9   Thumb Code   226  ds3231.o(i.RTC_GetTime)
    RTC_ModifyA2IE                           0x0800299b   Thumb Code    20  ds3231.o(i.RTC_ModifyA2IE)
    RTC_ModifyAM2Mask                        0x080029af   Thumb Code    62  ds3231.o(i.RTC_ModifyAM2Mask)
    RTC_ModifyINTCN                          0x080029ed   Thumb Code    20  ds3231.o(i.RTC_ModifyINTCN)
    RTC_ModifyREG                            0x08002a01   Thumb Code    64  ds3231.o(i.RTC_ModifyREG)
    RTC_ReadREG                              0x08002a41   Thumb Code    60  ds3231.o(i.RTC_ReadREG)
    RTC_ResetAllRegToDefault                 0x08002a7d   Thumb Code    88  ds3231.o(i.RTC_ResetAllRegToDefault)
    RTC_SetTime                              0x08002ae9   Thumb Code   230  ds3231.o(i.RTC_SetTime)
    SERIAL_SendData                          0x08002bd1   Thumb Code    90  serial.o(i.SERIAL_SendData)
    SERIAL_SendString                        0x08002c35   Thumb Code    30  serial.o(i.SERIAL_SendString)
    SERIAL_SendStringRN                      0x08002c55   Thumb Code    40  serial.o(i.SERIAL_SendStringRN)
    SVC_Handler                              0x08002c81   Thumb Code     2  stm32l0xx_it.o(i.SVC_Handler)
    SysTick_Handler                          0x08002c83   Thumb Code     2  stm32l0xx_it.o(i.SysTick_Handler)
    SystemClock_Config                       0x08002c85   Thumb Code   160  main.o(i.SystemClock_Config)
    SystemInit                               0x08002d39   Thumb Code    66  system_stm32l0xx.o(i.SystemInit)
    TH_GetStatus                             0x08002d8d   Thumb Code   114  sht30.o(i.TH_GetStatus)
    TH_GetValue_SingleShotWithCS             0x08002e0d   Thumb Code   102  sht30.o(i.TH_GetValue_SingleShotWithCS)
    TH_ReadCmd                               0x08002e81   Thumb Code    88  sht30.o(i.TH_ReadCmd)
    TH_SoftReset                             0x08002ed9   Thumb Code    22  sht30.o(i.TH_SoftReset)
    TH_WriteCmd                              0x08002ef5   Thumb Code    50  sht30.o(i.TH_WriteCmd)
    _SERIAL_DebugPrint                       0x08002f29   Thumb Code   318  serial.o(i._SERIAL_DebugPrint)
    __0snprintf                              0x080030b5   Thumb Code    46  printfa.o(i.__0snprintf)
    __1snprintf                              0x080030b5   Thumb Code     0  printfa.o(i.__0snprintf)
    __2snprintf                              0x080030b5   Thumb Code     0  printfa.o(i.__0snprintf)
    __c89snprintf                            0x080030b5   Thumb Code     0  printfa.o(i.__0snprintf)
    snprintf                                 0x080030b5   Thumb Code     0  printfa.o(i.__0snprintf)
    __ARM_clz                                0x080030e9   Thumb Code    46  depilogue.o(i.__ARM_clz)
    __ARM_fpclassify                         0x08003119   Thumb Code    40  fpclassify.o(i.__ARM_fpclassify)
    __kernel_poly                            0x08003145   Thumb Code   172  poly.o(i.__kernel_poly)
    __mathlib_dbl_divzero                    0x080031f1   Thumb Code    16  dunder.o(i.__mathlib_dbl_divzero)
    __mathlib_dbl_infnan2                    0x08003205   Thumb Code     8  dunder.o(i.__mathlib_dbl_infnan2)
    __mathlib_dbl_invalid                    0x0800320d   Thumb Code    16  dunder.o(i.__mathlib_dbl_invalid)
    __mathlib_dbl_overflow                   0x0800321d   Thumb Code    16  dunder.o(i.__mathlib_dbl_overflow)
    __mathlib_dbl_underflow                  0x08003231   Thumb Code    14  dunder.o(i.__mathlib_dbl_underflow)
    __scatterload_copy                       0x08003245   Thumb Code    14  handlers.o(i.__scatterload_copy)
    __scatterload_null                       0x08003253   Thumb Code     2  handlers.o(i.__scatterload_null)
    __scatterload_zeroinit                   0x08003255   Thumb Code    14  handlers.o(i.__scatterload_zeroinit)
    __set_errno                              0x08003265   Thumb Code     6  errno.o(i.__set_errno)
    main                                     0x08003f61   Thumb Code    86  main.o(i.main)
    pow                                      0x08003fc1   Thumb Code  2548  pow.o(i.pow)
    sqrt                                     0x08004a51   Thumb Code    66  sqrt.o(i.sqrt)
    AHBPrescTable                            0x08004aa6   Data          16  system_stm32l0xx.o(.constdata)
    PLLMulTable                              0x08004ab6   Data           9  system_stm32l0xx.o(.constdata)
    APBPrescTable                            0x08004abf   Data           8  system_stm32l0xx.o(.constdata)
    DefaultTime                              0x08004ad1   Data           9  func.o(.constdata)
    __mathlib_zero                           0x08004b70   Data           8  qnan.o(.constdata)
    Region$$Table$$Base                      0x08004b78   Number         0  anon$$obj.o(Region$$Table)
    Region$$Table$$Limit                     0x08004b98   Number         0  anon$$obj.o(Region$$Table)
    SystemCoreClock                          0x20000000   Data           4  system_stm32l0xx.o(.data)
    ResetInfo                                0x20000004   Data           1  func.o(.data)
    Sensor                                   0x20000008   Data           8  func.o(.data)
    String                                   0x2000001c   Data         256  func.o(.bss)
    Time                                     0x2000011c   Data           9  func.o(.bss)
    __initial_sp                             0x20000528   Data           0  startup_stm32l051xx.o(STACK)



==============================================================================

Memory Map of the image

  Image Entry point : 0x080000c1

  Load Region LR_IROM1 (Base: 0x08000000, Size: 0x00004bb4, Max: 0x00010000, ABSOLUTE)

    Execution Region ER_IROM1 (Exec base: 0x08000000, Load base: 0x08000000, Size: 0x00004b98, Max: 0x00010000, ABSOLUTE)

    Exec Addr    Load Addr    Size         Type   Attr      Idx    E Section Name        Object

    0x08000000   0x08000000   0x000000c0   Data   RO            3    RESET               startup_stm32l051xx.o
    0x080000c0   0x080000c0   0x00000000   Code   RO         2063  * .ARM.Collect$$$$00000000  mc_p.l(entry.o)
    0x080000c0   0x080000c0   0x00000004   Code   RO         2388    .ARM.Collect$$$$00000001  mc_p.l(entry2.o)
    0x080000c4   0x080000c4   0x00000004   Code   RO         2391    .ARM.Collect$$$$00000004  mc_p.l(entry5.o)
    0x080000c8   0x080000c8   0x00000000   Code   RO         2393    .ARM.Collect$$$$00000008  mc_p.l(entry7b.o)
    0x080000c8   0x080000c8   0x00000000   Code   RO         2395    .ARM.Collect$$$$0000000A  mc_p.l(entry8b.o)
    0x080000c8   0x080000c8   0x00000008   Code   RO         2396    .ARM.Collect$$$$0000000B  mc_p.l(entry9a.o)
    0x080000d0   0x080000d0   0x00000000   Code   RO         2398    .ARM.Collect$$$$0000000D  mc_p.l(entry10a.o)
    0x080000d0   0x080000d0   0x00000000   Code   RO         2400    .ARM.Collect$$$$0000000F  mc_p.l(entry11a.o)
    0x080000d0   0x080000d0   0x00000004   Code   RO         2389    .ARM.Collect$$$$00002712  mc_p.l(entry2.o)
    0x080000d4   0x080000d4   0x0000001c   Code   RO            4    .text               startup_stm32l051xx.o
    0x080000f0   0x080000f0   0x0000002c   Code   RO         2066    .text               mc_p.l(uidiv.o)
    0x0800011c   0x0800011c   0x00000024   Code   RO         2068    .text               mc_p.l(memseta.o)
    0x08000140   0x08000140   0x000000b2   Code   RO         2331    .text               mf_p.l(fadd.o)
    0x080001f2   0x080001f2   0x0000007a   Code   RO         2333    .text               mf_p.l(fmul.o)
    0x0800026c   0x0800026c   0x0000007c   Code   RO         2335    .text               mf_p.l(fdiv.o)
    0x080002e8   0x080002e8   0x00000164   Code   RO         2337    .text               mf_p.l(dadd.o)
    0x0800044c   0x0800044c   0x000000d0   Code   RO         2339    .text               mf_p.l(dmul.o)
    0x0800051c   0x0800051c   0x000000f0   Code   RO         2341    .text               mf_p.l(ddiv.o)
    0x0800060c   0x0800060c   0x0000002c   Code   RO         2343    .text               mf_p.l(dscalb.o)
    0x08000638   0x08000638   0x00000016   Code   RO         2345    .text               mf_p.l(fflti.o)
    0x0800064e   0x0800064e   0x0000000e   Code   RO         2347    .text               mf_p.l(ffltui.o)
    0x0800065c   0x0800065c   0x0000001c   Code   RO         2349    .text               mf_p.l(dfltui.o)
    0x08000678   0x08000678   0x0000003c   Code   RO         2351    .text               mf_p.l(dfixui.o)
    0x080006b4   0x080006b4   0x00000028   Code   RO         2353    .text               mf_p.l(f2d.o)
    0x080006dc   0x080006dc   0x00000038   Code   RO         2355    .text               mf_p.l(d2f.o)
    0x08000714   0x08000714   0x00000014   Code   RO         2357    .text               mf_p.l(cfcmple.o)
    0x08000728   0x08000728   0x00000014   Code   RO         2359    .text               mf_p.l(cfrcmple.o)
    0x0800073c   0x0800073c   0x00000060   Code   RO         2405    .text               mc_p.l(uldiv.o)
    0x0800079c   0x0800079c   0x00000020   Code   RO         2407    .text               mc_p.l(llshl.o)
    0x080007bc   0x080007bc   0x00000022   Code   RO         2409    .text               mc_p.l(llushr.o)
    0x080007de   0x080007de   0x00000026   Code   RO         2411    .text               mc_p.l(llsshr.o)
    0x08000804   0x08000804   0x00000000   Code   RO         2420    .text               mc_p.l(iusefp.o)
    0x08000804   0x08000804   0x00000082   Code   RO         2421    .text               mf_p.l(fepilogue.o)
    0x08000886   0x08000886   0x000000be   Code   RO         2423    .text               mf_p.l(depilogue.o)
    0x08000944   0x08000944   0x00000028   Code   RO         2427    .text               mf_p.l(dflti.o)
    0x0800096c   0x0800096c   0x00000040   Code   RO         2429    .text               mf_p.l(dfixul.o)
    0x080009ac   0x080009ac   0x00000028   Code   RO         2431    .text               mf_p.l(cdrcmple.o)
    0x080009d4   0x080009d4   0x00000024   Code   RO         2433    .text               mc_p.l(init.o)
    0x080009f8   0x080009f8   0x000000a2   Code   RO         2437    .text               mf_p.l(dsqrt.o)
    0x08000a9a   0x08000a9a   0x00000002   PAD
    0x08000a9c   0x08000a9c   0x00000094   Code   RO         1920    i.ADC_Disable       analog.o
    0x08000b30   0x08000b30   0x000000e4   Code   RO         1921    i.ADC_Enable        analog.o
    0x08000c14   0x08000c14   0x0000008c   Code   RO         1923    i.ADC_GetChannel    analog.o
    0x08000ca0   0x08000ca0   0x000000b8   Code   RO         1924    i.ADC_GetTemp       analog.o
    0x08000d58   0x08000d58   0x00000068   Code   RO         1925    i.ADC_GetVDDA       analog.o
    0x08000dc0   0x08000dc0   0x000000c4   Code   RO         1926    i.ADC_StartCal      analog.o
    0x08000e84   0x08000e84   0x000000c0   Code   RO         1927    i.ADC_StartConversionSequence  analog.o
    0x08000f44   0x08000f44   0x00000060   Code   RO         1207    i.BKPR_ResetAll     bkpr.o
    0x08000fa4   0x08000fa4   0x00000054   Code   RO         1996    i.BUZZER_Beep       buzzer.o
    0x08000ff8   0x08000ff8   0x0000001a   Code   RO         1997    i.BUZZER_Disable    buzzer.o
    0x08001012   0x08001012   0x0000001a   Code   RO         1998    i.BUZZER_Enable     buzzer.o
    0x0800102c   0x0800102c   0x0000004c   Code   RO         2000    i.BUZZER_SetVolume  buzzer.o
    0x08001078   0x08001078   0x000000a0   Code   RO          991    i.EEPROM_EraseRange  eeprom.o
    0x08001118   0x08001118   0x0000000c   Code   RO          993    i.EEPROM_ReadByte   eeprom.o
    0x08001124   0x08001124   0x00000014   Code   RO          333    i.EXTI0_1_IRQHandler  stm32l0xx_it.o
    0x08001138   0x08001138   0x00000048   Code   RO          334    i.HardFault_Handler  stm32l0xx_it.o
    0x08001180   0x08001180   0x00000040   Code   RO         1264    i.I2C_ReadByte      iic.o
    0x080011c0   0x080011c0   0x00000100   Code   RO         1265    i.I2C_Start         iic.o
    0x080012c0   0x080012c0   0x00000078   Code   RO         1266    i.I2C_Stop          iic.o
    0x08001338   0x08001338   0x00000048   Code   RO         1267    i.I2C_WriteByte     iic.o
    0x08001380   0x08001380   0x0000021c   Code   RO         1076    i.Init              func.o
    0x0800159c   0x0800159c   0x0000003c   Code   RO          440    i.LL_ADC_Init       stm32l0xx_ll_adc.o
    0x080015d8   0x080015d8   0x00000038   Code   RO          441    i.LL_ADC_REG_Init   stm32l0xx_ll_adc.o
    0x08001610   0x08001610   0x000000b8   Code   RO          683    i.LL_EXTI_Init      stm32l0xx_ll_exti.o
    0x080016c8   0x080016c8   0x000000b4   Code   RO          399    i.LL_GPIO_Init      stm32l0xx_ll_gpio.o
    0x0800177c   0x0800177c   0x00000048   Code   RO          717    i.LL_I2C_DeInit     stm32l0xx_ll_i2c.o
    0x080017c4   0x080017c4   0x0000006c   Code   RO          718    i.LL_I2C_Init       stm32l0xx_ll_i2c.o
    0x08001830   0x08001830   0x00000020   Code   RO          624    i.LL_Init1msTick    stm32l0xx_ll_utils.o
    0x08001850   0x08001850   0x000000e4   Code   RO          549    i.LL_RCC_GetUSARTClockFreq  stm32l0xx_ll_rcc.o
    0x08001934   0x08001934   0x0000006c   Code   RO          760    i.LL_SPI_Init       stm32l0xx_ll_spi.o
    0x080019a0   0x080019a0   0x0000000c   Code   RO          627    i.LL_SetSystemCoreClock  stm32l0xx_ll_utils.o
    0x080019ac   0x080019ac   0x00000058   Code   RO          842    i.LL_TIM_Init       stm32l0xx_ll_tim.o
    0x08001a04   0x08001a04   0x0000010c   Code   RO          843    i.LL_TIM_OC_Init    stm32l0xx_ll_tim.o
    0x08001b10   0x08001b10   0x000000a8   Code   RO          911    i.LL_USART_Init     stm32l0xx_ll_usart.o
    0x08001bb8   0x08001bb8   0x00000024   Code   RO          628    i.LL_mDelay         stm32l0xx_ll_utils.o
    0x08001bdc   0x08001bdc   0x0000004c   Code   RO         1314    i.LP_EnterStandby   lowpower.o
    0x08001c28   0x08001c28   0x00000048   Code   RO         1316    i.LP_GetResetInfo   lowpower.o
    0x08001c70   0x08001c70   0x0000054c   Code   RO         1077    i.Loop              func.o
    0x080021bc   0x080021bc   0x00000128   Code   RO          207    i.MX_ADC_Init       adc.o
    0x080022e4   0x080022e4   0x000001f4   Code   RO          169    i.MX_GPIO_Init      gpio.o
    0x080024d8   0x080024d8   0x000000c0   Code   RO          236    i.MX_I2C1_Init      i2c.o
    0x08002598   0x08002598   0x000000ac   Code   RO          262    i.MX_SPI1_Init      spi.o
    0x08002644   0x08002644   0x000000e4   Code   RO          285    i.MX_TIM2_Init      tim.o
    0x08002728   0x08002728   0x000000b0   Code   RO          310    i.MX_USART1_UART_Init  usart.o
    0x080027d8   0x080027d8   0x00000002   Code   RO          335    i.NMI_Handler       stm32l0xx_it.o
    0x080027da   0x080027da   0x00000002   Code   RO          336    i.PendSV_Handler    stm32l0xx_it.o
    0x080027dc   0x080027dc   0x00000084   Code   RO          553    i.RCC_GetSystemClockFreq  stm32l0xx_ll_rcc.o
    0x08002860   0x08002860   0x0000000e   Code   RO         1367    i.RTC_ClearA2F      ds3231.o
    0x0800286e   0x0800286e   0x00000012   Code   RO         1371    i.RTC_GetA2F        ds3231.o
    0x08002880   0x08002880   0x00000012   Code   RO         1384    i.RTC_GetOSF        ds3231.o
    0x08002892   0x08002892   0x00000026   Code   RO         1386    i.RTC_GetTemp       ds3231.o
    0x080028b8   0x080028b8   0x000000e2   Code   RO         1387    i.RTC_GetTime       ds3231.o
    0x0800299a   0x0800299a   0x00000014   Code   RO         1389    i.RTC_ModifyA2IE    ds3231.o
    0x080029ae   0x080029ae   0x0000003e   Code   RO         1391    i.RTC_ModifyAM2Mask  ds3231.o
    0x080029ec   0x080029ec   0x00000014   Code   RO         1397    i.RTC_ModifyINTCN   ds3231.o
    0x08002a00   0x08002a00   0x00000040   Code   RO         1398    i.RTC_ModifyREG     ds3231.o
    0x08002a40   0x08002a40   0x0000003c   Code   RO         1400    i.RTC_ReadREG       ds3231.o
    0x08002a7c   0x08002a7c   0x0000006c   Code   RO         1402    i.RTC_ResetAllRegToDefault  ds3231.o
    0x08002ae8   0x08002ae8   0x000000e6   Code   RO         1405    i.RTC_SetTime       ds3231.o
    0x08002bce   0x08002bce   0x00000002   PAD
    0x08002bd0   0x08002bd0   0x00000064   Code   RO         1164    i.SERIAL_SendData   serial.o
    0x08002c34   0x08002c34   0x0000001e   Code   RO         1165    i.SERIAL_SendString  serial.o
    0x08002c52   0x08002c52   0x00000002   PAD
    0x08002c54   0x08002c54   0x0000002c   Code   RO         1166    i.SERIAL_SendStringRN  serial.o
    0x08002c80   0x08002c80   0x00000002   Code   RO          337    i.SVC_Handler       stm32l0xx_it.o
    0x08002c82   0x08002c82   0x00000002   Code   RO          338    i.SysTick_Handler   stm32l0xx_it.o
    0x08002c84   0x08002c84   0x000000b4   Code   RO           13    i.SystemClock_Config  main.o
    0x08002d38   0x08002d38   0x00000054   Code   RO          956    i.SystemInit        system_stm32l0xx.o
    0x08002d8c   0x08002d8c   0x00000080   Code   RO         1756    i.TH_GetStatus      sht30.o
    0x08002e0c   0x08002e0c   0x00000074   Code   RO         1759    i.TH_GetValue_SingleShotWithCS  sht30.o
    0x08002e80   0x08002e80   0x00000058   Code   RO         1762    i.TH_ReadCmd        sht30.o
    0x08002ed8   0x08002ed8   0x0000001c   Code   RO         1766    i.TH_SoftReset      sht30.o
    0x08002ef4   0x08002ef4   0x00000032   Code   RO         1770    i.TH_WriteCmd       sht30.o
    0x08002f26   0x08002f26   0x00000002   PAD
    0x08002f28   0x08002f28   0x0000018c   Code   RO         1167    i._SERIAL_DebugPrint  serial.o
    0x080030b4   0x080030b4   0x00000034   Code   RO         2304    i.__0snprintf       mc_p.l(printfa.o)
    0x080030e8   0x080030e8   0x0000002e   Code   RO         2425    i.__ARM_clz         mf_p.l(depilogue.o)
    0x08003116   0x08003116   0x00000002   PAD
    0x08003118   0x08003118   0x0000002c   Code   RO         2375    i.__ARM_fpclassify  m_ps.l(fpclassify.o)
    0x08003144   0x08003144   0x000000ac   Code   RO         2377    i.__kernel_poly     m_ps.l(poly.o)
    0x080031f0   0x080031f0   0x00000014   Code   RO         2361    i.__mathlib_dbl_divzero  m_ps.l(dunder.o)
    0x08003204   0x08003204   0x00000008   Code   RO         2363    i.__mathlib_dbl_infnan2  m_ps.l(dunder.o)
    0x0800320c   0x0800320c   0x00000010   Code   RO         2364    i.__mathlib_dbl_invalid  m_ps.l(dunder.o)
    0x0800321c   0x0800321c   0x00000014   Code   RO         2365    i.__mathlib_dbl_overflow  m_ps.l(dunder.o)
    0x08003230   0x08003230   0x00000014   Code   RO         2367    i.__mathlib_dbl_underflow  m_ps.l(dunder.o)
    0x08003244   0x08003244   0x0000000e   Code   RO         2443    i.__scatterload_copy  mc_p.l(handlers.o)
    0x08003252   0x08003252   0x00000002   Code   RO         2444    i.__scatterload_null  mc_p.l(handlers.o)
    0x08003254   0x08003254   0x0000000e   Code   RO         2445    i.__scatterload_zeroinit  mc_p.l(handlers.o)
    0x08003262   0x08003262   0x00000002   PAD
    0x08003264   0x08003264   0x0000000c   Code   RO         2415    i.__set_errno       mc_p.l(errno.o)
    0x08003270   0x08003270   0x00000174   Code   RO         2310    i._fp_digits        mc_p.l(printfa.o)
    0x080033e4   0x080033e4   0x000006ec   Code   RO         2311    i._printf_core      mc_p.l(printfa.o)
    0x08003ad0   0x08003ad0   0x00000020   Code   RO         2312    i._printf_post_padding  mc_p.l(printfa.o)
    0x08003af0   0x08003af0   0x0000002c   Code   RO         2313    i._printf_pre_padding  mc_p.l(printfa.o)
    0x08003b1c   0x08003b1c   0x00000016   Code   RO         2314    i._snputc           mc_p.l(printfa.o)
    0x08003b32   0x08003b32   0x00000002   PAD
    0x08003b34   0x08003b34   0x00000120   Code   RO         1928    i.conv_float_avg    analog.o
    0x08003c54   0x08003c54   0x0000003e   Code   RO         1771    i.crc8              sht30.o
    0x08003c92   0x08003c92   0x00000002   PAD
    0x08003c94   0x08003c94   0x00000048   Code   RO          999    i.eeprom_lock       eeprom.o
    0x08003cdc   0x08003cdc   0x00000050   Code   RO         1000    i.eeprom_unlock     eeprom.o
    0x08003d2c   0x08003d2c   0x00000234   Code   RO         1268    i.i2c_reset         iic.o
    0x08003f60   0x08003f60   0x00000060   Code   RO           14    i.main              main.o
    0x08003fc0   0x08003fc0   0x000009fc   Code   RO         2054    i.pow               m_ps.l(pow.o)
    0x080049bc   0x080049bc   0x00000094   Code   RO         1772    i.readout_data_conv  sht30.o
    0x08004a50   0x08004a50   0x00000048   Code   RO         2381    i.sqrt              m_ps.l(sqrt.o)
    0x08004a98   0x08004a98   0x0000000e   Data   RO          286    .constdata          tim.o
    0x08004aa6   0x08004aa6   0x00000019   Data   RO          957    .constdata          system_stm32l0xx.o
    0x08004abf   0x08004abf   0x00000008   Data   RO          958    .constdata          system_stm32l0xx.o
    0x08004ac7   0x08004ac7   0x0000001c   Data   RO         1079    .constdata          func.o
    0x08004ae3   0x08004ae3   0x00000005   PAD
    0x08004ae8   0x08004ae8   0x00000088   Data   RO         2055    .constdata          m_ps.l(pow.o)
    0x08004b70   0x08004b70   0x00000008   Data   RO         2379    .constdata          m_ps.l(qnan.o)
    0x08004b78   0x08004b78   0x00000020   Data   RO         2441    Region$$Table       anon$$obj.o


    Execution Region RW_IRAM1 (Exec base: 0x20000000, Load base: 0x08004b98, Size: 0x00000528, Max: 0x00002000, ABSOLUTE)

    Exec Addr    Load Addr    Size         Type   Attr      Idx    E Section Name        Object

    0x20000000   0x08004b98   0x00000004   Data   RW          959    .data               system_stm32l0xx.o
    0x20000004   0x08004b9c   0x0000000c   Data   RW         1080    .data               func.o
    0x20000010   0x08004ba8   0x00000008   Data   RW         1773    .data               sht30.o
    0x20000018   0x08004bb0   0x00000004   Data   RW         2416    .data               mc_p.l(errno.o)
    0x2000001c        -       0x00000109   Zero   RW         1078    .bss                func.o
    0x20000125   0x08004bb4   0x00000003   PAD
    0x20000128        -       0x00000400   Zero   RW            1    STACK               startup_stm32l051xx.o


==============================================================================

Image component sizes


      Code (inc. data)   RO Data    RW Data    ZI Data      Debug   Object Name

       296         28          0          0          0      31378   adc.o
      1480        130          0          0          0      34835   analog.o
        96         18          0          0          0      17881   bkpr.o
       212         22          0          0          0      25255   buzzer.o
       878         20          0          0          0       9373   ds3231.o
       324         42          0          0          0       3198   eeprom.o
      1896        724         28         12        265      40255   func.o
       500         24          0          0          0      22519   gpio.o
       192         20          0          0          0      16755   i2c.o
      1076         54          0          0          0      22890   iic.o
       148         18          0          0          0      22972   lowpower.o
       276         30          0          0          0     243836   main.o
       570         92          0          0          0       5059   serial.o
       620         54          0          8          0       5270   sht30.o
       172         10          0          0          0      10823   spi.o
        28          8        192          0       1024        620   startup_stm32l051xx.o
       100         46          0          0          0      13616   stm32l0xx_it.o
       116         12          0          0          0      31428   stm32l0xx_ll_adc.o
       184          6          0          0          0       5259   stm32l0xx_ll_exti.o
       180          0          0          0          0       7027   stm32l0xx_ll_gpio.o
       180         14          0          0          0      18858   stm32l0xx_ll_i2c.o
       360         40          0          0          0      16673   stm32l0xx_ll_rcc.o
       108          4          0          0          0      14446   stm32l0xx_ll_spi.o
       356         10          0          0          0      28287   stm32l0xx_ll_tim.o
       168         16          0          0          0      20992   stm32l0xx_ll_usart.o
        80         18          0          0          0       6381   stm32l0xx_ll_utils.o
        84         18         33          4          0       1167   system_stm32l0xx.o
       228         22         14          0          0      23407   tim.o
       176         10          0          0          0      18566   usart.o

    ----------------------------------------------------------------------
     11092       1510        304         24       1292     719026   Object Totals
         0          0         32          0          0          0   (incl. Generated)
         8          0          5          0          3          0   (incl. Padding)

    ----------------------------------------------------------------------

      Code (inc. data)   RO Data    RW Data    ZI Data      Debug   Library Member Name

        84         14          0          0          0        340   dunder.o
        44          4          0          0          0         60   fpclassify.o
       172          0          0          0          0         76   poly.o
      2556        196        136          0          0        240   pow.o
         0          0          8          0          0          0   qnan.o
        72          6          0          0          0         76   sqrt.o
         0          0          0          0          0          0   entry.o
         0          0          0          0          0          0   entry10a.o
         0          0          0          0          0          0   entry11a.o
         8          4          0          0          0          0   entry2.o
         4          0          0          0          0          0   entry5.o
         0          0          0          0          0          0   entry7b.o
         0          0          0          0          0          0   entry8b.o
         8          4          0          0          0          0   entry9a.o
        12          6          0          4          0         60   errno.o
        30          0          0          0          0          0   handlers.o
        36          8          0          0          0         68   init.o
         0          0          0          0          0          0   iusefp.o
        32          0          0          0          0         68   llshl.o
        38          0          0          0          0         68   llsshr.o
        34          0          0          0          0         68   llushr.o
        36          0          0          0          0        100   memseta.o
      2294         96          0          0          0        472   printfa.o
        44          0          0          0          0         72   uidiv.o
        96          0          0          0          0         84   uldiv.o
        40          2          0          0          0         68   cdrcmple.o
        20          0          0          0          0         68   cfcmple.o
        20          0          0          0          0         68   cfrcmple.o
        56          0          0          0          0         68   d2f.o
       356          4          0          0          0        140   dadd.o
       240          6          0          0          0         84   ddiv.o
       236          0          0          0          0        216   depilogue.o
        60         10          0          0          0         68   dfixui.o
        64         10          0          0          0         68   dfixul.o
        40          6          0          0          0         68   dflti.o
        28          4          0          0          0         68   dfltui.o
       208          6          0          0          0         88   dmul.o
        44          0          0          0          0         72   dscalb.o
       162          0          0          0          0         80   dsqrt.o
        40          0          0          0          0         60   f2d.o
       178          0          0          0          0        108   fadd.o
       124          0          0          0          0         72   fdiv.o
       130          0          0          0          0        144   fepilogue.o
        22          0          0          0          0         68   fflti.o
        14          0          0          0          0         68   ffltui.o
       122          0          0          0          0         72   fmul.o

    ----------------------------------------------------------------------
      7812        386        144          4          0       3668   Library Totals
         8          0          0          0          0          0   (incl. Padding)

    ----------------------------------------------------------------------

      Code (inc. data)   RO Data    RW Data    ZI Data      Debug   Library Name

      2928        220        144          0          0        792   m_ps.l
      2672        118          0          4          0       1060   mc_p.l
      2204         48          0          0          0       1816   mf_p.l

    ----------------------------------------------------------------------
      7812        386        144          4          0       3668   Library Totals

    ----------------------------------------------------------------------

==============================================================================


      Code (inc. data)   RO Data    RW Data    ZI Data      Debug   

     18904       1896        448         28       1292     717542   Grand Totals
     18904       1896        448         28       1292     717542   ELF Image Totals
     18904       1896        448         28          0          0   ROM Totals

==============================================================================

    Total RO  Size (Code + RO Data)                19352 (  18.90kB)
    Total RW  Size (RW Data + ZI Data)              1320 (   1.29kB)
    Total ROM Size (Code + RO Data + RW Data)      19380 (  18.93kB)

==============================================================================

