Component: ARM Compiler 6.14 Tool: armlink [5db06800]

==============================================================================

Section Cross References

    startup_stm32l051xx.o(RESET) refers to startup_stm32l051xx.o(STACK) for __initial_sp
    startup_stm32l051xx.o(RESET) refers to startup_stm32l051xx.o(.text) for Reset_Handler
    startup_stm32l051xx.o(RESET) refers to lto-llvm-77ef20.o(.text.NMI_Handler) for NMI_Handler
    startup_stm32l051xx.o(RESET) refers to lto-llvm-77ef20.o(.text.HardFault_Handler) for HardFault_Handler
    startup_stm32l051xx.o(RESET) refers to lto-llvm-77ef20.o(.text.SVC_Handler) for SVC_Handler
    startup_stm32l051xx.o(RESET) refers to lto-llvm-77ef20.o(.text.PendSV_Handler) for PendSV_Handler
    startup_stm32l051xx.o(RESET) refers to lto-llvm-77ef20.o(.text.SysTick_Handler) for SysTick_Handler
    startup_stm32l051xx.o(RESET) refers to lto-llvm-77ef20.o(.text.EXTI0_1_IRQHandler) for EXTI0_1_IRQHandler
    startup_stm32l051xx.o(.text) refers to lto-llvm-77ef20.o(.text.SystemInit) for SystemInit
    startup_stm32l051xx.o(.text) refers to entry.o(.ARM.Collect$$$$00000000) for __main
    entry.o(.ARM.Collect$$$$00000000) refers (Special) to entry10a.o(.ARM.Collect$$$$0000000D) for __rt_final_cpp
    entry.o(.ARM.Collect$$$$00000000) refers (Special) to entry11a.o(.ARM.Collect$$$$0000000F) for __rt_final_exit
    entry.o(.ARM.Collect$$$$00000000) refers (Special) to entry7b.o(.ARM.Collect$$$$00000008) for _main_clock
    entry.o(.ARM.Collect$$$$00000000) refers (Special) to entry8b.o(.ARM.Collect$$$$0000000A) for _main_cpp_init
    entry.o(.ARM.Collect$$$$00000000) refers (Special) to entry9a.o(.ARM.Collect$$$$0000000B) for _main_init
    entry.o(.ARM.Collect$$$$00000000) refers (Special) to entry5.o(.ARM.Collect$$$$00000004) for _main_scatterload
    entry.o(.ARM.Collect$$$$00000000) refers (Special) to entry2.o(.ARM.Collect$$$$00000001) for _main_stk
    printfb.o(i.__0fprintf$bare) refers to printfb.o(i._printf_core) for _printf_core
    printfb.o(i.__0fprintf$bare) refers to fputc.o(i.fputc) for fputc
    printfb.o(i.__0printf$bare) refers to printfb.o(i._printf_core) for _printf_core
    printfb.o(i.__0printf$bare) refers to fputc.o(i.fputc) for fputc
    printfb.o(i.__0printf$bare) refers to stdout.o(.data) for __stdout
    printfb.o(i.__0snprintf$bare) refers to printfb.o(i._printf_core) for _printf_core
    printfb.o(i.__0snprintf$bare) refers to printfb.o(i._snputc) for _snputc
    printfb.o(i.__0sprintf$bare) refers to printfb.o(i._printf_core) for _printf_core
    printfb.o(i.__0sprintf$bare) refers to printfb.o(i._sputc) for _sputc
    printfb.o(i.__0vfprintf$bare) refers to printfb.o(i._printf_core) for _printf_core
    printfb.o(i.__0vfprintf$bare) refers to fputc.o(i.fputc) for fputc
    printfb.o(i.__0vprintf$bare) refers to printfb.o(i._printf_core) for _printf_core
    printfb.o(i.__0vprintf$bare) refers to fputc.o(i.fputc) for fputc
    printfb.o(i.__0vprintf$bare) refers to stdout.o(.data) for __stdout
    printfb.o(i.__0vsnprintf$bare) refers to printfb.o(i._printf_core) for _printf_core
    printfb.o(i.__0vsnprintf$bare) refers to printfb.o(i._snputc) for _snputc
    printfb.o(i.__0vsprintf$bare) refers to printfb.o(i._printf_core) for _printf_core
    printfb.o(i.__0vsprintf$bare) refers to printfb.o(i._sputc) for _sputc
    printf0.o(i.__0fprintf$0) refers to printf0.o(i._printf_core) for _printf_core
    printf0.o(i.__0fprintf$0) refers to fputc.o(i.fputc) for fputc
    printf0.o(i.__0printf$0) refers to printf0.o(i._printf_core) for _printf_core
    printf0.o(i.__0printf$0) refers to fputc.o(i.fputc) for fputc
    printf0.o(i.__0printf$0) refers to stdout.o(.data) for __stdout
    printf0.o(i.__0snprintf$0) refers to printf0.o(i._printf_core) for _printf_core
    printf0.o(i.__0snprintf$0) refers to printf0.o(i._snputc) for _snputc
    printf0.o(i.__0sprintf$0) refers to printf0.o(i._printf_core) for _printf_core
    printf0.o(i.__0sprintf$0) refers to printf0.o(i._sputc) for _sputc
    printf0.o(i.__0vfprintf$0) refers to printf0.o(i._printf_core) for _printf_core
    printf0.o(i.__0vfprintf$0) refers to fputc.o(i.fputc) for fputc
    printf0.o(i.__0vprintf$0) refers to printf0.o(i._printf_core) for _printf_core
    printf0.o(i.__0vprintf$0) refers to fputc.o(i.fputc) for fputc
    printf0.o(i.__0vprintf$0) refers to stdout.o(.data) for __stdout
    printf0.o(i.__0vsnprintf$0) refers to printf0.o(i._printf_core) for _printf_core
    printf0.o(i.__0vsnprintf$0) refers to printf0.o(i._snputc) for _snputc
    printf0.o(i.__0vsprintf$0) refers to printf0.o(i._printf_core) for _printf_core
    printf0.o(i.__0vsprintf$0) refers to printf0.o(i._sputc) for _sputc
    printf1.o(i.__0fprintf$1) refers to printf1.o(i._printf_core) for _printf_core
    printf1.o(i.__0fprintf$1) refers to fputc.o(i.fputc) for fputc
    printf1.o(i.__0printf$1) refers to printf1.o(i._printf_core) for _printf_core
    printf1.o(i.__0printf$1) refers to fputc.o(i.fputc) for fputc
    printf1.o(i.__0printf$1) refers to stdout.o(.data) for __stdout
    printf1.o(i.__0snprintf$1) refers to printf1.o(i._printf_core) for _printf_core
    printf1.o(i.__0snprintf$1) refers to printf1.o(i._snputc) for _snputc
    printf1.o(i.__0sprintf$1) refers to printf1.o(i._printf_core) for _printf_core
    printf1.o(i.__0sprintf$1) refers to printf1.o(i._sputc) for _sputc
    printf1.o(i.__0vfprintf$1) refers to printf1.o(i._printf_core) for _printf_core
    printf1.o(i.__0vfprintf$1) refers to fputc.o(i.fputc) for fputc
    printf1.o(i.__0vprintf$1) refers to printf1.o(i._printf_core) for _printf_core
    printf1.o(i.__0vprintf$1) refers to fputc.o(i.fputc) for fputc
    printf1.o(i.__0vprintf$1) refers to stdout.o(.data) for __stdout
    printf1.o(i.__0vsnprintf$1) refers to printf1.o(i._printf_core) for _printf_core
    printf1.o(i.__0vsnprintf$1) refers to printf1.o(i._snputc) for _snputc
    printf1.o(i.__0vsprintf$1) refers to printf1.o(i._printf_core) for _printf_core
    printf1.o(i.__0vsprintf$1) refers to printf1.o(i._sputc) for _sputc
    printf1.o(i._printf_core) refers to uidiv.o(.text) for __aeabi_uidivmod
    printf2.o(i.__0fprintf$2) refers to printf2.o(i._printf_core) for _printf_core
    printf2.o(i.__0fprintf$2) refers to fputc.o(i.fputc) for fputc
    printf2.o(i.__0printf$2) refers to printf2.o(i._printf_core) for _printf_core
    printf2.o(i.__0printf$2) refers to fputc.o(i.fputc) for fputc
    printf2.o(i.__0printf$2) refers to stdout.o(.data) for __stdout
    printf2.o(i.__0snprintf$2) refers to printf2.o(i._printf_core) for _printf_core
    printf2.o(i.__0snprintf$2) refers to printf2.o(i._snputc) for _snputc
    printf2.o(i.__0sprintf$2) refers to printf2.o(i._printf_core) for _printf_core
    printf2.o(i.__0sprintf$2) refers to printf2.o(i._sputc) for _sputc
    printf2.o(i.__0vfprintf$2) refers to printf2.o(i._printf_core) for _printf_core
    printf2.o(i.__0vfprintf$2) refers to fputc.o(i.fputc) for fputc
    printf2.o(i.__0vprintf$2) refers to printf2.o(i._printf_core) for _printf_core
    printf2.o(i.__0vprintf$2) refers to fputc.o(i.fputc) for fputc
    printf2.o(i.__0vprintf$2) refers to stdout.o(.data) for __stdout
    printf2.o(i.__0vsnprintf$2) refers to printf2.o(i._printf_core) for _printf_core
    printf2.o(i.__0vsnprintf$2) refers to printf2.o(i._snputc) for _snputc
    printf2.o(i.__0vsprintf$2) refers to printf2.o(i._printf_core) for _printf_core
    printf2.o(i.__0vsprintf$2) refers to printf2.o(i._sputc) for _sputc
    printf3.o(i.__0fprintf$3) refers to printf3.o(i._printf_core) for _printf_core
    printf3.o(i.__0fprintf$3) refers to fputc.o(i.fputc) for fputc
    printf3.o(i.__0printf$3) refers to printf3.o(i._printf_core) for _printf_core
    printf3.o(i.__0printf$3) refers to fputc.o(i.fputc) for fputc
    printf3.o(i.__0printf$3) refers to stdout.o(.data) for __stdout
    printf3.o(i.__0snprintf$3) refers to printf3.o(i._printf_core) for _printf_core
    printf3.o(i.__0snprintf$3) refers to printf3.o(i._snputc) for _snputc
    printf3.o(i.__0sprintf$3) refers to printf3.o(i._printf_core) for _printf_core
    printf3.o(i.__0sprintf$3) refers to printf3.o(i._sputc) for _sputc
    printf3.o(i.__0vfprintf$3) refers to printf3.o(i._printf_core) for _printf_core
    printf3.o(i.__0vfprintf$3) refers to fputc.o(i.fputc) for fputc
    printf3.o(i.__0vprintf$3) refers to printf3.o(i._printf_core) for _printf_core
    printf3.o(i.__0vprintf$3) refers to fputc.o(i.fputc) for fputc
    printf3.o(i.__0vprintf$3) refers to stdout.o(.data) for __stdout
    printf3.o(i.__0vsnprintf$3) refers to printf3.o(i._printf_core) for _printf_core
    printf3.o(i.__0vsnprintf$3) refers to printf3.o(i._snputc) for _snputc
    printf3.o(i.__0vsprintf$3) refers to printf3.o(i._printf_core) for _printf_core
    printf3.o(i.__0vsprintf$3) refers to printf3.o(i._sputc) for _sputc
    printf3.o(i._printf_core) refers to uidiv.o(.text) for __aeabi_uidivmod
    printf4.o(i.__0fprintf$4) refers to printf4.o(i._printf_core) for _printf_core
    printf4.o(i.__0fprintf$4) refers to fputc.o(i.fputc) for fputc
    printf4.o(i.__0printf$4) refers to printf4.o(i._printf_core) for _printf_core
    printf4.o(i.__0printf$4) refers to fputc.o(i.fputc) for fputc
    printf4.o(i.__0printf$4) refers to stdout.o(.data) for __stdout
    printf4.o(i.__0snprintf$4) refers to printf4.o(i._printf_core) for _printf_core
    printf4.o(i.__0snprintf$4) refers to printf4.o(i._snputc) for _snputc
    printf4.o(i.__0sprintf$4) refers to printf4.o(i._printf_core) for _printf_core
    printf4.o(i.__0sprintf$4) refers to printf4.o(i._sputc) for _sputc
    printf4.o(i.__0vfprintf$4) refers to printf4.o(i._printf_core) for _printf_core
    printf4.o(i.__0vfprintf$4) refers to fputc.o(i.fputc) for fputc
    printf4.o(i.__0vprintf$4) refers to printf4.o(i._printf_core) for _printf_core
    printf4.o(i.__0vprintf$4) refers to fputc.o(i.fputc) for fputc
    printf4.o(i.__0vprintf$4) refers to stdout.o(.data) for __stdout
    printf4.o(i.__0vsnprintf$4) refers to printf4.o(i._printf_core) for _printf_core
    printf4.o(i.__0vsnprintf$4) refers to printf4.o(i._snputc) for _snputc
    printf4.o(i.__0vsprintf$4) refers to printf4.o(i._printf_core) for _printf_core
    printf4.o(i.__0vsprintf$4) refers to printf4.o(i._sputc) for _sputc
    printf4.o(i._printf_core) refers to uldiv.o(.text) for __aeabi_uldivmod
    printf5.o(i.__0fprintf$5) refers to printf5.o(i._printf_core) for _printf_core
    printf5.o(i.__0fprintf$5) refers to fputc.o(i.fputc) for fputc
    printf5.o(i.__0printf$5) refers to printf5.o(i._printf_core) for _printf_core
    printf5.o(i.__0printf$5) refers to fputc.o(i.fputc) for fputc
    printf5.o(i.__0printf$5) refers to stdout.o(.data) for __stdout
    printf5.o(i.__0snprintf$5) refers to printf5.o(i._printf_core) for _printf_core
    printf5.o(i.__0snprintf$5) refers to printf5.o(i._snputc) for _snputc
    printf5.o(i.__0sprintf$5) refers to printf5.o(i._printf_core) for _printf_core
    printf5.o(i.__0sprintf$5) refers to printf5.o(i._sputc) for _sputc
    printf5.o(i.__0vfprintf$5) refers to printf5.o(i._printf_core) for _printf_core
    printf5.o(i.__0vfprintf$5) refers to fputc.o(i.fputc) for fputc
    printf5.o(i.__0vprintf$5) refers to printf5.o(i._printf_core) for _printf_core
    printf5.o(i.__0vprintf$5) refers to fputc.o(i.fputc) for fputc
    printf5.o(i.__0vprintf$5) refers to stdout.o(.data) for __stdout
    printf5.o(i.__0vsnprintf$5) refers to printf5.o(i._printf_core) for _printf_core
    printf5.o(i.__0vsnprintf$5) refers to printf5.o(i._snputc) for _snputc
    printf5.o(i.__0vsprintf$5) refers to printf5.o(i._printf_core) for _printf_core
    printf5.o(i.__0vsprintf$5) refers to printf5.o(i._sputc) for _sputc
    printf5.o(i._printf_core) refers to uldiv.o(.text) for __aeabi_uldivmod
    printf6.o(i.__0fprintf$6) refers to printf6.o(i._printf_core) for _printf_core
    printf6.o(i.__0fprintf$6) refers to fputc.o(i.fputc) for fputc
    printf6.o(i.__0printf$6) refers to printf6.o(i._printf_core) for _printf_core
    printf6.o(i.__0printf$6) refers to fputc.o(i.fputc) for fputc
    printf6.o(i.__0printf$6) refers to stdout.o(.data) for __stdout
    printf6.o(i.__0snprintf$6) refers to printf6.o(i._printf_core) for _printf_core
    printf6.o(i.__0snprintf$6) refers to printf6.o(i._snputc) for _snputc
    printf6.o(i.__0sprintf$6) refers to printf6.o(i._printf_core) for _printf_core
    printf6.o(i.__0sprintf$6) refers to printf6.o(i._sputc) for _sputc
    printf6.o(i.__0vfprintf$6) refers to printf6.o(i._printf_core) for _printf_core
    printf6.o(i.__0vfprintf$6) refers to fputc.o(i.fputc) for fputc
    printf6.o(i.__0vprintf$6) refers to printf6.o(i._printf_core) for _printf_core
    printf6.o(i.__0vprintf$6) refers to fputc.o(i.fputc) for fputc
    printf6.o(i.__0vprintf$6) refers to stdout.o(.data) for __stdout
    printf6.o(i.__0vsnprintf$6) refers to printf6.o(i._printf_core) for _printf_core
    printf6.o(i.__0vsnprintf$6) refers to printf6.o(i._snputc) for _snputc
    printf6.o(i.__0vsprintf$6) refers to printf6.o(i._printf_core) for _printf_core
    printf6.o(i.__0vsprintf$6) refers to printf6.o(i._sputc) for _sputc
    printf6.o(i._printf_core) refers to printf6.o(i._printf_pre_padding) for _printf_pre_padding
    printf6.o(i._printf_core) refers to printf6.o(i._printf_post_padding) for _printf_post_padding
    printf6.o(i._printf_core) refers to uidiv.o(.text) for __aeabi_uidivmod
    printf7.o(i.__0fprintf$7) refers to printf7.o(i._printf_core) for _printf_core
    printf7.o(i.__0fprintf$7) refers to fputc.o(i.fputc) for fputc
    printf7.o(i.__0printf$7) refers to printf7.o(i._printf_core) for _printf_core
    printf7.o(i.__0printf$7) refers to fputc.o(i.fputc) for fputc
    printf7.o(i.__0printf$7) refers to stdout.o(.data) for __stdout
    printf7.o(i.__0snprintf$7) refers to printf7.o(i._printf_core) for _printf_core
    printf7.o(i.__0snprintf$7) refers to printf7.o(i._snputc) for _snputc
    printf7.o(i.__0sprintf$7) refers to printf7.o(i._printf_core) for _printf_core
    printf7.o(i.__0sprintf$7) refers to printf7.o(i._sputc) for _sputc
    printf7.o(i.__0vfprintf$7) refers to printf7.o(i._printf_core) for _printf_core
    printf7.o(i.__0vfprintf$7) refers to fputc.o(i.fputc) for fputc
    printf7.o(i.__0vprintf$7) refers to printf7.o(i._printf_core) for _printf_core
    printf7.o(i.__0vprintf$7) refers to fputc.o(i.fputc) for fputc
    printf7.o(i.__0vprintf$7) refers to stdout.o(.data) for __stdout
    printf7.o(i.__0vsnprintf$7) refers to printf7.o(i._printf_core) for _printf_core
    printf7.o(i.__0vsnprintf$7) refers to printf7.o(i._snputc) for _snputc
    printf7.o(i.__0vsprintf$7) refers to printf7.o(i._printf_core) for _printf_core
    printf7.o(i.__0vsprintf$7) refers to printf7.o(i._sputc) for _sputc
    printf7.o(i._printf_core) refers to printf7.o(i._printf_pre_padding) for _printf_pre_padding
    printf7.o(i._printf_core) refers to printf7.o(i._printf_post_padding) for _printf_post_padding
    printf7.o(i._printf_core) refers to uldiv.o(.text) for __aeabi_uldivmod
    printf8.o(i.__0fprintf$8) refers to printf8.o(i._printf_core) for _printf_core
    printf8.o(i.__0fprintf$8) refers to fputc.o(i.fputc) for fputc
    printf8.o(i.__0printf$8) refers to printf8.o(i._printf_core) for _printf_core
    printf8.o(i.__0printf$8) refers to fputc.o(i.fputc) for fputc
    printf8.o(i.__0printf$8) refers to stdout.o(.data) for __stdout
    printf8.o(i.__0snprintf$8) refers to printf8.o(i._printf_core) for _printf_core
    printf8.o(i.__0snprintf$8) refers to printf8.o(i._snputc) for _snputc
    printf8.o(i.__0sprintf$8) refers to printf8.o(i._printf_core) for _printf_core
    printf8.o(i.__0sprintf$8) refers to printf8.o(i._sputc) for _sputc
    printf8.o(i.__0vfprintf$8) refers to printf8.o(i._printf_core) for _printf_core
    printf8.o(i.__0vfprintf$8) refers to fputc.o(i.fputc) for fputc
    printf8.o(i.__0vprintf$8) refers to printf8.o(i._printf_core) for _printf_core
    printf8.o(i.__0vprintf$8) refers to fputc.o(i.fputc) for fputc
    printf8.o(i.__0vprintf$8) refers to stdout.o(.data) for __stdout
    printf8.o(i.__0vsnprintf$8) refers to printf8.o(i._printf_core) for _printf_core
    printf8.o(i.__0vsnprintf$8) refers to printf8.o(i._snputc) for _snputc
    printf8.o(i.__0vsprintf$8) refers to printf8.o(i._printf_core) for _printf_core
    printf8.o(i.__0vsprintf$8) refers to printf8.o(i._sputc) for _sputc
    printf8.o(i._printf_core) refers to printf8.o(i._printf_pre_padding) for _printf_pre_padding
    printf8.o(i._printf_core) refers to printf8.o(i._printf_post_padding) for _printf_post_padding
    printf8.o(i._printf_core) refers to uldiv.o(.text) for __aeabi_uldivmod
    printfa.o(i.__0fprintf) refers (Special) to iusefp.o(.text) for __I$use$fp
    printfa.o(i.__0fprintf) refers to printfa.o(i._printf_core) for _printf_core
    printfa.o(i.__0fprintf) refers to fputc.o(i.fputc) for fputc
    printfa.o(i.__0printf) refers (Special) to iusefp.o(.text) for __I$use$fp
    printfa.o(i.__0printf) refers to printfa.o(i._printf_core) for _printf_core
    printfa.o(i.__0printf) refers to fputc.o(i.fputc) for fputc
    printfa.o(i.__0printf) refers to stdout.o(.data) for __stdout
    printfa.o(i.__0snprintf) refers (Special) to iusefp.o(.text) for __I$use$fp
    printfa.o(i.__0snprintf) refers to printfa.o(i._printf_core) for _printf_core
    printfa.o(i.__0snprintf) refers to printfa.o(i._snputc) for _snputc
    printfa.o(i.__0sprintf) refers (Special) to iusefp.o(.text) for __I$use$fp
    printfa.o(i.__0sprintf) refers to printfa.o(i._printf_core) for _printf_core
    printfa.o(i.__0sprintf) refers to printfa.o(i._sputc) for _sputc
    printfa.o(i.__0vfprintf) refers (Special) to iusefp.o(.text) for __I$use$fp
    printfa.o(i.__0vfprintf) refers to printfa.o(i._printf_core) for _printf_core
    printfa.o(i.__0vfprintf) refers to fputc.o(i.fputc) for fputc
    printfa.o(i.__0vprintf) refers (Special) to iusefp.o(.text) for __I$use$fp
    printfa.o(i.__0vprintf) refers to printfa.o(i._printf_core) for _printf_core
    printfa.o(i.__0vprintf) refers to fputc.o(i.fputc) for fputc
    printfa.o(i.__0vprintf) refers to stdout.o(.data) for __stdout
    printfa.o(i.__0vsnprintf) refers (Special) to iusefp.o(.text) for __I$use$fp
    printfa.o(i.__0vsnprintf) refers to printfa.o(i._printf_core) for _printf_core
    printfa.o(i.__0vsnprintf) refers to printfa.o(i._snputc) for _snputc
    printfa.o(i.__0vsprintf) refers (Special) to iusefp.o(.text) for __I$use$fp
    printfa.o(i.__0vsprintf) refers to printfa.o(i._printf_core) for _printf_core
    printfa.o(i.__0vsprintf) refers to printfa.o(i._sputc) for _sputc
    printfa.o(i._fp_digits) refers (Special) to iusefp.o(.text) for __I$use$fp
    printfa.o(i._fp_digits) refers to dmul.o(.text) for __aeabi_dmul
    printfa.o(i._fp_digits) refers to ddiv.o(.text) for __aeabi_ddiv
    printfa.o(i._fp_digits) refers to cdrcmple.o(.text) for __aeabi_cdrcmple
    printfa.o(i._fp_digits) refers to dadd.o(.text) for __aeabi_dadd
    printfa.o(i._fp_digits) refers to dfixul.o(.text) for __aeabi_d2ulz
    printfa.o(i._fp_digits) refers to uldiv.o(.text) for __aeabi_uldivmod
    printfa.o(i._printf_core) refers (Special) to iusefp.o(.text) for __I$use$fp
    printfa.o(i._printf_core) refers to printfa.o(i._printf_pre_padding) for _printf_pre_padding
    printfa.o(i._printf_core) refers to uldiv.o(.text) for __aeabi_uldivmod
    printfa.o(i._printf_core) refers to printfa.o(i._printf_post_padding) for _printf_post_padding
    printfa.o(i._printf_core) refers to printfa.o(i._fp_digits) for _fp_digits
    printfa.o(i._printf_core) refers to uidiv.o(.text) for __aeabi_uidivmod
    printfa.o(i._printf_post_padding) refers (Special) to iusefp.o(.text) for __I$use$fp
    printfa.o(i._printf_pre_padding) refers (Special) to iusefp.o(.text) for __I$use$fp
    printfa.o(i._snputc) refers (Special) to iusefp.o(.text) for __I$use$fp
    printfa.o(i._sputc) refers (Special) to iusefp.o(.text) for __I$use$fp
    entry2.o(.ARM.Collect$$$$00000001) refers to entry2.o(.ARM.Collect$$$$00002712) for __lit__00000000
    entry2.o(.ARM.Collect$$$$00002712) refers to startup_stm32l051xx.o(STACK) for __initial_sp
    entry2.o(__vectab_stack_and_reset_area) refers to startup_stm32l051xx.o(STACK) for __initial_sp
    entry2.o(__vectab_stack_and_reset_area) refers to entry.o(.ARM.Collect$$$$00000000) for __main
    entry5.o(.ARM.Collect$$$$00000004) refers to init.o(.text) for __scatterload
    entry9a.o(.ARM.Collect$$$$0000000B) refers to lto-llvm-77ef20.o(.text.main) for main
    entry9b.o(.ARM.Collect$$$$0000000C) refers to lto-llvm-77ef20.o(.text.main) for main
    fputc.o(i.fputc) refers (Special) to iusesemip.o(.text) for __I$use$semihosting$fputc
    fputc.o(i.fputc) refers (Special) to semi.o(.text) for __semihosting_library_function
    fputc_h.o(i._fputc$hlt) refers (Special) to iusesemip.o(.text) for __I$use$semihosting$fputc
    fputc_h.o(i._fputc$hlt) refers (Special) to semi.o(.text) for __semihosting_library_function
    uldiv.o(.text) refers to llushr.o(.text) for __aeabi_llsr
    uldiv.o(.text) refers to llshl.o(.text) for __aeabi_llsl
    dadd.o(.text) refers (Special) to iusefp.o(.text) for __I$use$fp
    dadd.o(.text) refers to llshl.o(.text) for __aeabi_llsl
    dadd.o(.text) refers to llsshr.o(.text) for __aeabi_lasr
    dadd.o(.text) refers to depilogue.o(.text) for _double_epilogue
    dmul.o(.text) refers (Special) to iusefp.o(.text) for __I$use$fp
    dmul.o(.text) refers to depilogue.o(.text) for _double_epilogue
    ddiv.o(.text) refers (Special) to iusefp.o(.text) for __I$use$fp
    ddiv.o(.text) refers to depilogue.o(.text) for _double_round
    dfixul.o(.text) refers (Special) to iusefp.o(.text) for __I$use$fp
    dfixul.o(.text) refers to llushr.o(.text) for __aeabi_llsr
    dfixul.o(.text) refers to llshl.o(.text) for __aeabi_llsl
    cdrcmple.o(.text) refers (Special) to iusefp.o(.text) for __I$use$fp
    init.o(.text) refers to entry5.o(.ARM.Collect$$$$00000004) for __main_after_scatterload
    depilogue.o(.text) refers (Special) to iusefp.o(.text) for __I$use$fp
    depilogue.o(.text) refers to depilogue.o(i.__ARM_clz) for __ARM_clz
    depilogue.o(.text) refers to llshl.o(.text) for __aeabi_llsl
    depilogue.o(.text) refers to llushr.o(.text) for __aeabi_llsr
    lto-llvm-77ef20.o(.text.main) refers to lto-llvm-77ef20.o(.text.LL_GPIO_Init) for LL_GPIO_Init
    lto-llvm-77ef20.o(.text.main) refers to lto-llvm-77ef20.o(.text.MX_I2C1_Init) for MX_I2C1_Init
    lto-llvm-77ef20.o(.text.main) refers to uidiv.o(.text) for __aeabi_uidiv
    lto-llvm-77ef20.o(.text.main) refers to lto-llvm-77ef20.o(.text._USART_DebugPrint) for _USART_DebugPrint
    lto-llvm-77ef20.o(.text.main) refers to lto-llvm-77ef20.o(.text.Loop) for Loop
    lto-llvm-77ef20.o(.text.main) refers to lto-llvm-77ef20.o(.rodata.PLLMulTable) for [Anonymous Symbol]
    lto-llvm-77ef20.o(.text.main) refers to lto-llvm-77ef20.o(.rodata.str1.1) for .L__FUNCTION__.Init
    lto-llvm-77ef20.o(.text.main) refers to lto-llvm-77ef20.o(.bss.ResetInfo) for [Anonymous Symbol]
    lto-llvm-77ef20.o(.ARM.exidx.text.main) refers to lto-llvm-77ef20.o(.text.main) for [Anonymous Symbol]
    lto-llvm-77ef20.o(.text.MX_I2C1_Init) refers to lto-llvm-77ef20.o(.text.LL_GPIO_Init) for LL_GPIO_Init
    lto-llvm-77ef20.o(.ARM.exidx.text.MX_I2C1_Init) refers to lto-llvm-77ef20.o(.text.MX_I2C1_Init) for [Anonymous Symbol]
    lto-llvm-77ef20.o(.ARM.exidx.text.NMI_Handler) refers to lto-llvm-77ef20.o(.text.NMI_Handler) for [Anonymous Symbol]
    lto-llvm-77ef20.o(.text.HardFault_Handler) refers to lto-llvm-77ef20.o(.rodata.str1.1) for .L.str
    lto-llvm-77ef20.o(.ARM.exidx.text.HardFault_Handler) refers to lto-llvm-77ef20.o(.text.HardFault_Handler) for [Anonymous Symbol]
    lto-llvm-77ef20.o(.ARM.exidx.text.SVC_Handler) refers to lto-llvm-77ef20.o(.text.SVC_Handler) for [Anonymous Symbol]
    lto-llvm-77ef20.o(.ARM.exidx.text.PendSV_Handler) refers to lto-llvm-77ef20.o(.text.PendSV_Handler) for [Anonymous Symbol]
    lto-llvm-77ef20.o(.ARM.exidx.text.SysTick_Handler) refers to lto-llvm-77ef20.o(.text.SysTick_Handler) for [Anonymous Symbol]
    lto-llvm-77ef20.o(.ARM.exidx.text.EXTI0_1_IRQHandler) refers to lto-llvm-77ef20.o(.text.EXTI0_1_IRQHandler) for [Anonymous Symbol]
    lto-llvm-77ef20.o(.ARM.exidx.text.LL_GPIO_Init) refers to lto-llvm-77ef20.o(.text.LL_GPIO_Init) for [Anonymous Symbol]
    lto-llvm-77ef20.o(.ARM.exidx.text.SystemInit) refers to lto-llvm-77ef20.o(.text.SystemInit) for [Anonymous Symbol]
    lto-llvm-77ef20.o(.text.Loop) refers to lto-llvm-77ef20.o(.text.I2C_Start) for I2C_Start
    lto-llvm-77ef20.o(.text.Loop) refers to lto-llvm-77ef20.o(.text.i2c_reset) for i2c_reset
    lto-llvm-77ef20.o(.text.Loop) refers to lto-llvm-77ef20.o(.text._USART_DebugPrint) for _USART_DebugPrint
    lto-llvm-77ef20.o(.text.Loop) refers to lto-llvm-77ef20.o(.text.RTC_SetTime) for RTC_SetTime
    lto-llvm-77ef20.o(.text.Loop) refers to lto-llvm-77ef20.o(.text.RTC_GetTemp) for RTC_GetTemp
    lto-llvm-77ef20.o(.text.Loop) refers to ffixi.o(.text) for __aeabi_f2iz
    lto-llvm-77ef20.o(.text.Loop) refers to fflti.o(.text) for __aeabi_i2f
    lto-llvm-77ef20.o(.text.Loop) refers to fadd.o(.text) for __aeabi_fsub
    lto-llvm-77ef20.o(.text.Loop) refers to fmul.o(.text) for __aeabi_fmul
    lto-llvm-77ef20.o(.text.Loop) refers to printf8.o(i.__0snprintf$8) for __2snprintf
    lto-llvm-77ef20.o(.text.Loop) refers to lto-llvm-77ef20.o(.bss.ResetInfo) for [Anonymous Symbol]
    lto-llvm-77ef20.o(.text.Loop) refers to lto-llvm-77ef20.o(.rodata.str1.1) for .L__FUNCTION__.FullInit
    lto-llvm-77ef20.o(.text.Loop) refers to lto-llvm-77ef20.o(.bss.Time) for [Anonymous Symbol]
    lto-llvm-77ef20.o(.text.Loop) refers to lto-llvm-77ef20.o(.bss.str_buf) for [Anonymous Symbol]
    lto-llvm-77ef20.o(.text.Loop) refers to lto-llvm-77ef20.o(.bss.Sensor.5) for [Anonymous Symbol]
    lto-llvm-77ef20.o(.text.Loop) refers to lto-llvm-77ef20.o(.bss.Sensor.3) for [Anonymous Symbol]
    lto-llvm-77ef20.o(.text.Loop) refers to lto-llvm-77ef20.o(.bss.Sensor.1) for [Anonymous Symbol]
    lto-llvm-77ef20.o(.text.Loop) refers to lto-llvm-77ef20.o(.bss.Sensor.4) for [Anonymous Symbol]
    lto-llvm-77ef20.o(.text.Loop) refers to lto-llvm-77ef20.o(.bss.Sensor.2) for [Anonymous Symbol]
    lto-llvm-77ef20.o(.text.Loop) refers to uidiv.o(.text) for __aeabi_uidivmod
    lto-llvm-77ef20.o(.text.Loop) refers to lto-llvm-77ef20.o(.text.crc8) for crc8
    lto-llvm-77ef20.o(.text.Loop) refers to dflti.o(.text) for __aeabi_i2d
    lto-llvm-77ef20.o(.text.Loop) refers to dmul.o(.text) for __aeabi_dmul
    lto-llvm-77ef20.o(.text.Loop) refers to dadd.o(.text) for __aeabi_dadd
    lto-llvm-77ef20.o(.text.Loop) refers to d2f.o(.text) for __aeabi_d2f
    lto-llvm-77ef20.o(.text.Loop) refers to fcmpgt.o(.text) for __aeabi_fcmpgt
    lto-llvm-77ef20.o(.text.Loop) refers to f2d.o(.text) for __aeabi_f2d
    lto-llvm-77ef20.o(.text.Loop) refers to lto-llvm-77ef20.o(.text.RTC_ModifyREG) for RTC_ModifyREG
    lto-llvm-77ef20.o(.ARM.exidx.text.Loop) refers to lto-llvm-77ef20.o(.text.Loop) for [Anonymous Symbol]
    lto-llvm-77ef20.o(.text._USART_DebugPrint) refers to printf8.o(i.__0snprintf$8) for __2snprintf
    lto-llvm-77ef20.o(.text._USART_DebugPrint) refers to lto-llvm-77ef20.o(.rodata.str1.1) for .L.str.1.58
    lto-llvm-77ef20.o(.ARM.exidx.text._USART_DebugPrint) refers to lto-llvm-77ef20.o(.text._USART_DebugPrint) for [Anonymous Symbol]
    lto-llvm-77ef20.o(.text.I2C_Start) refers to lto-llvm-77ef20.o(.text.i2c_reset) for i2c_reset
    lto-llvm-77ef20.o(.ARM.exidx.text.I2C_Start) refers to lto-llvm-77ef20.o(.text.I2C_Start) for [Anonymous Symbol]
    lto-llvm-77ef20.o(.text.i2c_reset) refers to lto-llvm-77ef20.o(.text.MX_I2C1_Init) for MX_I2C1_Init
    lto-llvm-77ef20.o(.ARM.exidx.text.i2c_reset) refers to lto-llvm-77ef20.o(.text.i2c_reset) for [Anonymous Symbol]
    lto-llvm-77ef20.o(.text.RTC_ModifyREG) refers to lto-llvm-77ef20.o(.text.I2C_Start) for I2C_Start
    lto-llvm-77ef20.o(.text.RTC_ModifyREG) refers to lto-llvm-77ef20.o(.text.i2c_reset) for i2c_reset
    lto-llvm-77ef20.o(.ARM.exidx.text.RTC_ModifyREG) refers to lto-llvm-77ef20.o(.text.RTC_ModifyREG) for [Anonymous Symbol]
    lto-llvm-77ef20.o(.text.RTC_SetTime) refers to lto-llvm-77ef20.o(.text.I2C_Start) for I2C_Start
    lto-llvm-77ef20.o(.text.RTC_SetTime) refers to lto-llvm-77ef20.o(.text.i2c_reset) for i2c_reset
    lto-llvm-77ef20.o(.text.RTC_SetTime) refers to lto-llvm-77ef20.o(.text.RTC_ModifyREG) for RTC_ModifyREG
    lto-llvm-77ef20.o(.ARM.exidx.text.RTC_SetTime) refers to lto-llvm-77ef20.o(.text.RTC_SetTime) for [Anonymous Symbol]
    lto-llvm-77ef20.o(.text.RTC_GetTemp) refers to lto-llvm-77ef20.o(.text.I2C_Start) for I2C_Start
    lto-llvm-77ef20.o(.text.RTC_GetTemp) refers to lto-llvm-77ef20.o(.text.i2c_reset) for i2c_reset
    lto-llvm-77ef20.o(.text.RTC_GetTemp) refers to dflti.o(.text) for __aeabi_i2d
    lto-llvm-77ef20.o(.text.RTC_GetTemp) refers to dmul.o(.text) for __aeabi_dmul
    lto-llvm-77ef20.o(.text.RTC_GetTemp) refers to d2f.o(.text) for __aeabi_d2f
    lto-llvm-77ef20.o(.ARM.exidx.text.RTC_GetTemp) refers to lto-llvm-77ef20.o(.text.RTC_GetTemp) for [Anonymous Symbol]
    lto-llvm-77ef20.o(.ARM.exidx.text.crc8) refers to lto-llvm-77ef20.o(.text.crc8) for [Anonymous Symbol]
    fadd.o(.text) refers (Special) to iusefp.o(.text) for __I$use$fp
    fadd.o(.text) refers to fepilogue.o(.text) for _float_epilogue
    fmul.o(.text) refers (Special) to iusefp.o(.text) for __I$use$fp
    fcmpgt.o(.text) refers (Special) to iusefp.o(.text) for __I$use$fp
    fflti.o(.text) refers (Special) to iusefp.o(.text) for __I$use$fp
    fflti.o(.text) refers to fepilogue.o(.text) for _float_epilogue
    dflti.o(.text) refers (Special) to iusefp.o(.text) for __I$use$fp
    dflti.o(.text) refers to depilogue.o(.text) for _double_epilogue
    ffixi.o(.text) refers (Special) to iusefp.o(.text) for __I$use$fp
    f2d.o(.text) refers (Special) to iusefp.o(.text) for __I$use$fp
    d2f.o(.text) refers (Special) to iusefp.o(.text) for __I$use$fp
    d2f.o(.text) refers to fepilogue.o(.text) for _float_round
    fepilogue.o(.text) refers (Special) to iusefp.o(.text) for __I$use$fp
    depilogue.o(i.__ARM_clz) refers (Special) to iusefp.o(.text) for __I$use$fp


==============================================================================

Removing Unused input sections from the image.

    Removing startup_stm32l051xx.o(HEAP), (0 bytes).
    Removing ddiv.o(.text), (240 bytes).
    Removing dfixul.o(.text), (64 bytes).
    Removing cdrcmple.o(.text), (40 bytes).
    Removing lto-llvm-77ef20.o(.text), (0 bytes).
    Removing lto-llvm-77ef20.o(.ARM.exidx.text.main), (8 bytes).
    Removing lto-llvm-77ef20.o(.ARM.exidx.text.MX_I2C1_Init), (8 bytes).
    Removing lto-llvm-77ef20.o(.ARM.exidx.text.NMI_Handler), (8 bytes).
    Removing lto-llvm-77ef20.o(.ARM.exidx.text.HardFault_Handler), (8 bytes).
    Removing lto-llvm-77ef20.o(.ARM.exidx.text.SVC_Handler), (8 bytes).
    Removing lto-llvm-77ef20.o(.ARM.exidx.text.PendSV_Handler), (8 bytes).
    Removing lto-llvm-77ef20.o(.ARM.exidx.text.SysTick_Handler), (8 bytes).
    Removing lto-llvm-77ef20.o(.ARM.exidx.text.EXTI0_1_IRQHandler), (8 bytes).
    Removing lto-llvm-77ef20.o(.ARM.exidx.text.LL_GPIO_Init), (8 bytes).
    Removing lto-llvm-77ef20.o(.ARM.exidx.text.SystemInit), (8 bytes).
    Removing lto-llvm-77ef20.o(.ARM.exidx.text.Loop), (8 bytes).
    Removing lto-llvm-77ef20.o(.ARM.exidx.text._USART_DebugPrint), (8 bytes).
    Removing lto-llvm-77ef20.o(.ARM.exidx.text.I2C_Start), (8 bytes).
    Removing lto-llvm-77ef20.o(.ARM.exidx.text.i2c_reset), (8 bytes).
    Removing lto-llvm-77ef20.o(.ARM.exidx.text.RTC_ModifyREG), (8 bytes).
    Removing lto-llvm-77ef20.o(.ARM.exidx.text.RTC_SetTime), (8 bytes).
    Removing lto-llvm-77ef20.o(.ARM.exidx.text.RTC_GetTemp), (8 bytes).
    Removing lto-llvm-77ef20.o(.ARM.exidx.text.crc8), (8 bytes).
    Removing lto-llvm-77ef20.o(.ARM.use_no_argv), (4 bytes).

24 unused section(s) (total 492 bytes) removed from the image.

==============================================================================

Image Symbol Table

    Local Symbols

    Symbol Name                              Value     Ov Type        Size  Object(Section)

    ../clib/microlib/division.c              0x00000000   Number         0  uidiv.o ABSOLUTE
    ../clib/microlib/division.c              0x00000000   Number         0  uldiv.o ABSOLUTE
    ../clib/microlib/init/entry.s            0x00000000   Number         0  entry.o ABSOLUTE
    ../clib/microlib/init/entry.s            0x00000000   Number         0  entry2.o ABSOLUTE
    ../clib/microlib/init/entry.s            0x00000000   Number         0  entry5.o ABSOLUTE
    ../clib/microlib/init/entry.s            0x00000000   Number         0  entry7a.o ABSOLUTE
    ../clib/microlib/init/entry.s            0x00000000   Number         0  entry7b.o ABSOLUTE
    ../clib/microlib/init/entry.s            0x00000000   Number         0  entry8a.o ABSOLUTE
    ../clib/microlib/init/entry.s            0x00000000   Number         0  entry8b.o ABSOLUTE
    ../clib/microlib/init/entry.s            0x00000000   Number         0  entry9a.o ABSOLUTE
    ../clib/microlib/init/entry.s            0x00000000   Number         0  entry9b.o ABSOLUTE
    ../clib/microlib/init/entry.s            0x00000000   Number         0  entry10a.o ABSOLUTE
    ../clib/microlib/init/entry.s            0x00000000   Number         0  entry10b.o ABSOLUTE
    ../clib/microlib/init/entry.s            0x00000000   Number         0  entry11a.o ABSOLUTE
    ../clib/microlib/init/entry.s            0x00000000   Number         0  entry11b.o ABSOLUTE
    ../clib/microlib/longlong.c              0x00000000   Number         0  llshl.o ABSOLUTE
    ../clib/microlib/longlong.c              0x00000000   Number         0  llushr.o ABSOLUTE
    ../clib/microlib/longlong.c              0x00000000   Number         0  llsshr.o ABSOLUTE
    ../clib/microlib/printf/printf.c         0x00000000   Number         0  printfb.o ABSOLUTE
    ../clib/microlib/printf/printf.c         0x00000000   Number         0  printf0.o ABSOLUTE
    ../clib/microlib/printf/printf.c         0x00000000   Number         0  printf1.o ABSOLUTE
    ../clib/microlib/printf/printf.c         0x00000000   Number         0  printf2.o ABSOLUTE
    ../clib/microlib/printf/printf.c         0x00000000   Number         0  printf3.o ABSOLUTE
    ../clib/microlib/printf/printf.c         0x00000000   Number         0  printf4.o ABSOLUTE
    ../clib/microlib/printf/printf.c         0x00000000   Number         0  printf5.o ABSOLUTE
    ../clib/microlib/printf/printf.c         0x00000000   Number         0  printf6.o ABSOLUTE
    ../clib/microlib/printf/printf.c         0x00000000   Number         0  printf7.o ABSOLUTE
    ../clib/microlib/printf/printf.c         0x00000000   Number         0  printf8.o ABSOLUTE
    ../clib/microlib/printf/printf.c         0x00000000   Number         0  printfa.o ABSOLUTE
    ../clib/microlib/printf/stubs.s          0x00000000   Number         0  printfstubs.o ABSOLUTE
    ../clib/microlib/stdio/fputc.c           0x00000000   Number         0  fputc.o ABSOLUTE
    ../clib/microlib/stdio/fputc.c           0x00000000   Number         0  fputc_h.o ABSOLUTE
    ../clib/microlib/stdio/semi.s            0x00000000   Number         0  semi.o ABSOLUTE
    ../clib/microlib/stdio/streams.c         0x00000000   Number         0  stdout.o ABSOLUTE
    ../clib/microlib/stubs.s                 0x00000000   Number         0  iusefp.o ABSOLUTE
    ../clib/microlib/stubs.s                 0x00000000   Number         0  iusesemip.o ABSOLUTE
    ../fplib/microlib/d2f.c                  0x00000000   Number         0  d2f.o ABSOLUTE
    ../fplib/microlib/f2d.c                  0x00000000   Number         0  f2d.o ABSOLUTE
    ../fplib/microlib/fpadd.c                0x00000000   Number         0  dadd.o ABSOLUTE
    ../fplib/microlib/fpadd.c                0x00000000   Number         0  fadd.o ABSOLUTE
    ../fplib/microlib/fpcmp.c                0x00000000   Number         0  fcmpgt.o ABSOLUTE
    ../fplib/microlib/fpdiv.c                0x00000000   Number         0  ddiv.o ABSOLUTE
    ../fplib/microlib/fpepilogue.c           0x00000000   Number         0  depilogue.o ABSOLUTE
    ../fplib/microlib/fpepilogue.c           0x00000000   Number         0  fepilogue.o ABSOLUTE
    ../fplib/microlib/fpfix.c                0x00000000   Number         0  dfixul.o ABSOLUTE
    ../fplib/microlib/fpfix.c                0x00000000   Number         0  ffixi.o ABSOLUTE
    ../fplib/microlib/fpflt.c                0x00000000   Number         0  fflti.o ABSOLUTE
    ../fplib/microlib/fpflt.c                0x00000000   Number         0  dflti.o ABSOLUTE
    ../fplib/microlib/fpmul.c                0x00000000   Number         0  dmul.o ABSOLUTE
    ../fplib/microlib/fpmul.c                0x00000000   Number         0  fmul.o ABSOLUTE
    cdrcmple.s                               0x00000000   Number         0  cdrcmple.o ABSOLUTE
    dc.s                                     0x00000000   Number         0  dc.o ABSOLUTE
    handlers.s                               0x00000000   Number         0  handlers.o ABSOLUTE
    init.s                                   0x00000000   Number         0  init.o ABSOLUTE
    ld-temp.o                                0x00000000   Number         0  lto-llvm-77ef20.o ABSOLUTE
    startup_stm32l051xx.s                    0x00000000   Number         0  startup_stm32l051xx.o ABSOLUTE
    RESET                                    0x08000000   Section      192  startup_stm32l051xx.o(RESET)
    .ARM.Collect$$$$00000000                 0x080000c0   Section        0  entry.o(.ARM.Collect$$$$00000000)
    .ARM.Collect$$$$00000001                 0x080000c0   Section        4  entry2.o(.ARM.Collect$$$$00000001)
    .ARM.Collect$$$$00000004                 0x080000c4   Section        4  entry5.o(.ARM.Collect$$$$00000004)
    .ARM.Collect$$$$00000008                 0x080000c8   Section        0  entry7b.o(.ARM.Collect$$$$00000008)
    .ARM.Collect$$$$0000000A                 0x080000c8   Section        0  entry8b.o(.ARM.Collect$$$$0000000A)
    .ARM.Collect$$$$0000000B                 0x080000c8   Section        8  entry9a.o(.ARM.Collect$$$$0000000B)
    __lit__00000000                          0x080000d0   Data           4  entry2.o(.ARM.Collect$$$$00002712)
    .ARM.Collect$$$$0000000D                 0x080000d0   Section        0  entry10a.o(.ARM.Collect$$$$0000000D)
    .ARM.Collect$$$$0000000F                 0x080000d0   Section        0  entry11a.o(.ARM.Collect$$$$0000000F)
    .ARM.Collect$$$$00002712                 0x080000d0   Section        4  entry2.o(.ARM.Collect$$$$00002712)
    .text                                    0x080000d4   Section       28  startup_stm32l051xx.o(.text)
    .text                                    0x080000f0   Section        0  uidiv.o(.text)
    .text                                    0x0800011c   Section        0  uldiv.o(.text)
    .text                                    0x0800017c   Section        0  iusefp.o(.text)
    .text                                    0x0800017c   Section        0  dadd.o(.text)
    .text                                    0x080002e0   Section        0  dmul.o(.text)
    .text                                    0x080003b0   Section       36  init.o(.text)
    .text                                    0x080003d4   Section        0  llshl.o(.text)
    .text                                    0x080003f4   Section        0  llushr.o(.text)
    .text                                    0x08000416   Section        0  llsshr.o(.text)
    .text                                    0x0800043c   Section        0  depilogue.o(.text)
    .text                                    0x080004fa   Section        0  fadd.o(.text)
    .text                                    0x080005ac   Section        0  fmul.o(.text)
    .text                                    0x08000626   Section        0  fcmpgt.o(.text)
    .text                                    0x08000642   Section        0  fflti.o(.text)
    .text                                    0x08000658   Section        0  dflti.o(.text)
    .text                                    0x08000680   Section        0  ffixi.o(.text)
    .text                                    0x080006b2   Section        0  f2d.o(.text)
    .text                                    0x080006da   Section        0  d2f.o(.text)
    .text                                    0x08000712   Section        0  fepilogue.o(.text)
    [Anonymous Symbol]                       0x08000794   Section        0  lto-llvm-77ef20.o(.text.EXTI0_1_IRQHandler)
    __arm_cp.7_0                             0x080007a4   Number         4  lto-llvm-77ef20.o(.text.EXTI0_1_IRQHandler)
    [Anonymous Symbol]                       0x080007a8   Section        0  lto-llvm-77ef20.o(.text.HardFault_Handler)
    __arm_cp.3_0                             0x0800081c   Number         4  lto-llvm-77ef20.o(.text.HardFault_Handler)
    __arm_cp.3_2                             0x08000820   Number         4  lto-llvm-77ef20.o(.text.HardFault_Handler)
    I2C_Start                                0x08000825   Thumb Code   228  lto-llvm-77ef20.o(.text.I2C_Start)
    [Anonymous Symbol]                       0x08000824   Section        0  lto-llvm-77ef20.o(.text.I2C_Start)
    __arm_cp.12_0                            0x080008f8   Number         4  lto-llvm-77ef20.o(.text.I2C_Start)
    __arm_cp.12_1                            0x080008fc   Number         4  lto-llvm-77ef20.o(.text.I2C_Start)
    __arm_cp.12_2                            0x08000900   Number         4  lto-llvm-77ef20.o(.text.I2C_Start)
    __arm_cp.12_3                            0x08000904   Number         4  lto-llvm-77ef20.o(.text.I2C_Start)
    LL_GPIO_Init                             0x08000909   Thumb Code   188  lto-llvm-77ef20.o(.text.LL_GPIO_Init)
    [Anonymous Symbol]                       0x08000908   Section        0  lto-llvm-77ef20.o(.text.LL_GPIO_Init)
    Loop                                     0x080009c5   Thumb Code  4720  lto-llvm-77ef20.o(.text.Loop)
    [Anonymous Symbol]                       0x080009c4   Section        0  lto-llvm-77ef20.o(.text.Loop)
    __arm_cp.10_104                          0x08000d68   Number         4  lto-llvm-77ef20.o(.text.Loop)
    __arm_cp.10_56                           0x08000df4   Number         4  lto-llvm-77ef20.o(.text.Loop)
    __arm_cp.10_60                           0x08000e24   Number         4  lto-llvm-77ef20.o(.text.Loop)
    __arm_cp.10_64                           0x08000e34   Number         4  lto-llvm-77ef20.o(.text.Loop)
    __arm_cp.10_65                           0x08000e38   Number         4  lto-llvm-77ef20.o(.text.Loop)
    __arm_cp.10_74                           0x0800126c   Number         4  lto-llvm-77ef20.o(.text.Loop)
    __arm_cp.10_75                           0x08001270   Number         4  lto-llvm-77ef20.o(.text.Loop)
    __arm_cp.10_76                           0x08001274   Number         4  lto-llvm-77ef20.o(.text.Loop)
    __arm_cp.10_78                           0x08001280   Number         4  lto-llvm-77ef20.o(.text.Loop)
    __arm_cp.10_79                           0x08001284   Number         4  lto-llvm-77ef20.o(.text.Loop)
    __arm_cp.10_80                           0x08001288   Number         4  lto-llvm-77ef20.o(.text.Loop)
    __arm_cp.10_81                           0x0800128c   Number         4  lto-llvm-77ef20.o(.text.Loop)
    __arm_cp.10_83                           0x08001294   Number         4  lto-llvm-77ef20.o(.text.Loop)
    __arm_cp.10_84                           0x08001298   Number         4  lto-llvm-77ef20.o(.text.Loop)
    __arm_cp.10_85                           0x0800129c   Number         4  lto-llvm-77ef20.o(.text.Loop)
    __arm_cp.10_89                           0x080016b8   Number         4  lto-llvm-77ef20.o(.text.Loop)
    __arm_cp.10_90                           0x08001af0   Number         4  lto-llvm-77ef20.o(.text.Loop)
    __arm_cp.10_91                           0x08001af4   Number         4  lto-llvm-77ef20.o(.text.Loop)
    __arm_cp.10_92                           0x08001af8   Number         4  lto-llvm-77ef20.o(.text.Loop)
    __arm_cp.10_93                           0x08001afc   Number         4  lto-llvm-77ef20.o(.text.Loop)
    __arm_cp.10_94                           0x08001b00   Number         4  lto-llvm-77ef20.o(.text.Loop)
    __arm_cp.10_95                           0x08001b04   Number         4  lto-llvm-77ef20.o(.text.Loop)
    __arm_cp.10_96                           0x08001b08   Number         4  lto-llvm-77ef20.o(.text.Loop)
    __arm_cp.10_97                           0x08001b0c   Number         4  lto-llvm-77ef20.o(.text.Loop)
    __arm_cp.10_98                           0x08001b10   Number         4  lto-llvm-77ef20.o(.text.Loop)
    __arm_cp.10_99                           0x08001b14   Number         4  lto-llvm-77ef20.o(.text.Loop)
    __arm_cp.10_100                          0x08001b18   Number         4  lto-llvm-77ef20.o(.text.Loop)
    __arm_cp.10_101                          0x08001b1c   Number         4  lto-llvm-77ef20.o(.text.Loop)
    __arm_cp.10_102                          0x08001b20   Number         4  lto-llvm-77ef20.o(.text.Loop)
    __arm_cp.10_103                          0x08001b24   Number         4  lto-llvm-77ef20.o(.text.Loop)
    __arm_cp.10_1                            0x08001ba4   Number         4  lto-llvm-77ef20.o(.text.Loop)
    __arm_cp.10_2                            0x08001ba8   Number         4  lto-llvm-77ef20.o(.text.Loop)
    __arm_cp.10_4                            0x08001bac   Number         4  lto-llvm-77ef20.o(.text.Loop)
    __arm_cp.10_5                            0x08001bb0   Number         4  lto-llvm-77ef20.o(.text.Loop)
    __arm_cp.10_8                            0x08001bb4   Number         4  lto-llvm-77ef20.o(.text.Loop)
    __arm_cp.10_13                           0x08001bd8   Number         4  lto-llvm-77ef20.o(.text.Loop)
    __arm_cp.10_14                           0x08001bdc   Number         4  lto-llvm-77ef20.o(.text.Loop)
    __arm_cp.10_17                           0x08001c00   Number         4  lto-llvm-77ef20.o(.text.Loop)
    __arm_cp.10_18                           0x08001c04   Number         4  lto-llvm-77ef20.o(.text.Loop)
    __arm_cp.10_19                           0x08001c08   Number         4  lto-llvm-77ef20.o(.text.Loop)
    __arm_cp.10_20                           0x08001c0c   Number         4  lto-llvm-77ef20.o(.text.Loop)
    __arm_cp.10_21                           0x08001c10   Number         4  lto-llvm-77ef20.o(.text.Loop)
    MX_I2C1_Init                             0x08001c35   Thumb Code   212  lto-llvm-77ef20.o(.text.MX_I2C1_Init)
    [Anonymous Symbol]                       0x08001c34   Section        0  lto-llvm-77ef20.o(.text.MX_I2C1_Init)
    __arm_cp.1_0                             0x08001cf0   Number         4  lto-llvm-77ef20.o(.text.MX_I2C1_Init)
    __arm_cp.1_1                             0x08001cf4   Number         4  lto-llvm-77ef20.o(.text.MX_I2C1_Init)
    __arm_cp.1_2                             0x08001cf8   Number         4  lto-llvm-77ef20.o(.text.MX_I2C1_Init)
    __arm_cp.1_3                             0x08001cfc   Number         4  lto-llvm-77ef20.o(.text.MX_I2C1_Init)
    __arm_cp.1_4                             0x08001d00   Number         4  lto-llvm-77ef20.o(.text.MX_I2C1_Init)
    __arm_cp.1_5                             0x08001d04   Number         4  lto-llvm-77ef20.o(.text.MX_I2C1_Init)
    [Anonymous Symbol]                       0x08001d08   Section        0  lto-llvm-77ef20.o(.text.NMI_Handler)
    [Anonymous Symbol]                       0x08001d0a   Section        0  lto-llvm-77ef20.o(.text.PendSV_Handler)
    RTC_GetTemp                              0x08001d0d   Thumb Code   348  lto-llvm-77ef20.o(.text.RTC_GetTemp)
    [Anonymous Symbol]                       0x08001d0c   Section        0  lto-llvm-77ef20.o(.text.RTC_GetTemp)
    __arm_cp.16_3                            0x08001e64   Number         4  lto-llvm-77ef20.o(.text.RTC_GetTemp)
    RTC_ModifyREG                            0x08001e69   Thumb Code   320  lto-llvm-77ef20.o(.text.RTC_ModifyREG)
    [Anonymous Symbol]                       0x08001e68   Section        0  lto-llvm-77ef20.o(.text.RTC_ModifyREG)
    __arm_cp.14_0                            0x08001f9c   Number         4  lto-llvm-77ef20.o(.text.RTC_ModifyREG)
    __arm_cp.14_1                            0x08001fa0   Number         4  lto-llvm-77ef20.o(.text.RTC_ModifyREG)
    __arm_cp.14_2                            0x08001fa4   Number         4  lto-llvm-77ef20.o(.text.RTC_ModifyREG)
    RTC_SetTime                              0x08001fa9   Thumb Code   400  lto-llvm-77ef20.o(.text.RTC_SetTime)
    [Anonymous Symbol]                       0x08001fa8   Section        0  lto-llvm-77ef20.o(.text.RTC_SetTime)
    __arm_cp.15_0                            0x0800212c   Number         4  lto-llvm-77ef20.o(.text.RTC_SetTime)
    __arm_cp.15_1                            0x08002130   Number         4  lto-llvm-77ef20.o(.text.RTC_SetTime)
    __arm_cp.15_2                            0x08002134   Number         4  lto-llvm-77ef20.o(.text.RTC_SetTime)
    [Anonymous Symbol]                       0x08002138   Section        0  lto-llvm-77ef20.o(.text.SVC_Handler)
    [Anonymous Symbol]                       0x0800213a   Section        0  lto-llvm-77ef20.o(.text.SysTick_Handler)
    [Anonymous Symbol]                       0x0800213c   Section        0  lto-llvm-77ef20.o(.text.SystemInit)
    __arm_cp.9_0                             0x0800217c   Number         4  lto-llvm-77ef20.o(.text.SystemInit)
    __arm_cp.9_1                             0x08002180   Number         4  lto-llvm-77ef20.o(.text.SystemInit)
    __arm_cp.9_2                             0x08002184   Number         4  lto-llvm-77ef20.o(.text.SystemInit)
    __arm_cp.9_3                             0x08002188   Number         4  lto-llvm-77ef20.o(.text.SystemInit)
    _USART_DebugPrint                        0x0800218d   Thumb Code   604  lto-llvm-77ef20.o(.text._USART_DebugPrint)
    [Anonymous Symbol]                       0x0800218c   Section        0  lto-llvm-77ef20.o(.text._USART_DebugPrint)
    __arm_cp.11_0                            0x080023c4   Number         4  lto-llvm-77ef20.o(.text._USART_DebugPrint)
    __arm_cp.11_1                            0x080023c8   Number         4  lto-llvm-77ef20.o(.text._USART_DebugPrint)
    __arm_cp.11_2                            0x080023cc   Number         4  lto-llvm-77ef20.o(.text._USART_DebugPrint)
    __arm_cp.11_3                            0x080023d0   Number         4  lto-llvm-77ef20.o(.text._USART_DebugPrint)
    __arm_cp.11_4                            0x080023d4   Number         4  lto-llvm-77ef20.o(.text._USART_DebugPrint)
    __arm_cp.11_5                            0x080023d8   Number         4  lto-llvm-77ef20.o(.text._USART_DebugPrint)
    __arm_cp.11_7                            0x080023e0   Number         4  lto-llvm-77ef20.o(.text._USART_DebugPrint)
    __arm_cp.11_8                            0x080023e4   Number         4  lto-llvm-77ef20.o(.text._USART_DebugPrint)
    crc8                                     0x080023e9   Thumb Code   144  lto-llvm-77ef20.o(.text.crc8)
    [Anonymous Symbol]                       0x080023e8   Section        0  lto-llvm-77ef20.o(.text.crc8)
    i2c_reset                                0x08002479   Thumb Code   380  lto-llvm-77ef20.o(.text.i2c_reset)
    [Anonymous Symbol]                       0x08002478   Section        0  lto-llvm-77ef20.o(.text.i2c_reset)
    __arm_cp.13_0                            0x080025d8   Number         4  lto-llvm-77ef20.o(.text.i2c_reset)
    __arm_cp.13_1                            0x080025dc   Number         4  lto-llvm-77ef20.o(.text.i2c_reset)
    __arm_cp.13_2                            0x080025e0   Number         4  lto-llvm-77ef20.o(.text.i2c_reset)
    __arm_cp.13_3                            0x080025e4   Number         4  lto-llvm-77ef20.o(.text.i2c_reset)
    __arm_cp.13_4                            0x080025e8   Number         4  lto-llvm-77ef20.o(.text.i2c_reset)
    __arm_cp.13_5                            0x080025ec   Number         4  lto-llvm-77ef20.o(.text.i2c_reset)
    __arm_cp.13_6                            0x080025f0   Number         4  lto-llvm-77ef20.o(.text.i2c_reset)
    [Anonymous Symbol]                       0x080025f4   Section        0  lto-llvm-77ef20.o(.text.main)
    __arm_cp.0_45                            0x08002640   Number         4  lto-llvm-77ef20.o(.text.main)
    __arm_cp.0_48                            0x08002958   Number         4  lto-llvm-77ef20.o(.text.main)
    __arm_cp.0_51                            0x08002b54   Number         4  lto-llvm-77ef20.o(.text.main)
    __arm_cp.0_54                            0x08002b78   Number         4  lto-llvm-77ef20.o(.text.main)
    __arm_cp.0_55                            0x08002b7c   Number         4  lto-llvm-77ef20.o(.text.main)
    __arm_cp.0_56                            0x08002b80   Number         4  lto-llvm-77ef20.o(.text.main)
    __arm_cp.0_58                            0x08002b88   Number         4  lto-llvm-77ef20.o(.text.main)
    __arm_cp.0_59                            0x08002b8c   Number         4  lto-llvm-77ef20.o(.text.main)
    __arm_cp.0_60                            0x08002b90   Number         4  lto-llvm-77ef20.o(.text.main)
    __arm_cp.0_61                            0x08002b94   Number         4  lto-llvm-77ef20.o(.text.main)
    __arm_cp.0_62                            0x08002b98   Number         4  lto-llvm-77ef20.o(.text.main)
    __arm_cp.0_64                            0x08002ba0   Number         4  lto-llvm-77ef20.o(.text.main)
    __arm_cp.0_65                            0x08002ba4   Number         4  lto-llvm-77ef20.o(.text.main)
    __arm_cp.0_66                            0x08002ba8   Number         4  lto-llvm-77ef20.o(.text.main)
    __arm_cp.0_0                             0x08002e2c   Number         4  lto-llvm-77ef20.o(.text.main)
    __arm_cp.0_1                             0x08002e30   Number         4  lto-llvm-77ef20.o(.text.main)
    __arm_cp.0_3                             0x08002e34   Number         4  lto-llvm-77ef20.o(.text.main)
    __arm_cp.0_4                             0x08002e38   Number         4  lto-llvm-77ef20.o(.text.main)
    __arm_cp.0_6                             0x08002e3c   Number         4  lto-llvm-77ef20.o(.text.main)
    __arm_cp.0_7                             0x08002e40   Number         4  lto-llvm-77ef20.o(.text.main)
    __arm_cp.0_9                             0x08002e44   Number         4  lto-llvm-77ef20.o(.text.main)
    __arm_cp.0_18                            0x08002e48   Number         4  lto-llvm-77ef20.o(.text.main)
    __arm_cp.0_22                            0x08002e4c   Number         4  lto-llvm-77ef20.o(.text.main)
    __arm_cp.0_23                            0x08002e50   Number         4  lto-llvm-77ef20.o(.text.main)
    __arm_cp.0_24                            0x08002e54   Number         4  lto-llvm-77ef20.o(.text.main)
    __arm_cp.0_25                            0x08002e58   Number         4  lto-llvm-77ef20.o(.text.main)
    __arm_cp.0_26                            0x08002e5c   Number         4  lto-llvm-77ef20.o(.text.main)
    __arm_cp.0_27                            0x08002e60   Number         4  lto-llvm-77ef20.o(.text.main)
    __arm_cp.0_28                            0x08002e64   Number         4  lto-llvm-77ef20.o(.text.main)
    __arm_cp.0_29                            0x08002e68   Number         4  lto-llvm-77ef20.o(.text.main)
    __arm_cp.0_30                            0x08002e6c   Number         4  lto-llvm-77ef20.o(.text.main)
    __arm_cp.0_31                            0x08002e70   Number         4  lto-llvm-77ef20.o(.text.main)
    APBPrescTable                            0x08002e74   Number         0  lto-llvm-77ef20.o(.text.main)
    AHBPrescTable                            0x08002e7c   Number         0  lto-llvm-77ef20.o(.text.main)
    __arm_cp.0_34                            0x08002e8c   Number         4  lto-llvm-77ef20.o(.text.main)
    __arm_cp.0_35                            0x08002e90   Number         4  lto-llvm-77ef20.o(.text.main)
    __arm_cp.0_37                            0x08002ea4   Number         4  lto-llvm-77ef20.o(.text.main)
    i.__0snprintf$8                          0x08002edc   Section        0  printf8.o(i.__0snprintf$8)
    i.__ARM_clz                              0x08002f14   Section        0  depilogue.o(i.__ARM_clz)
    i.__scatterload_copy                     0x08002f42   Section       14  handlers.o(i.__scatterload_copy)
    i.__scatterload_null                     0x08002f50   Section        2  handlers.o(i.__scatterload_null)
    i.__scatterload_zeroinit                 0x08002f52   Section       14  handlers.o(i.__scatterload_zeroinit)
    _printf_core                             0x08002f61   Thumb Code  1020  printf8.o(i._printf_core)
    i._printf_core                           0x08002f60   Section        0  printf8.o(i._printf_core)
    _printf_post_padding                     0x08003389   Thumb Code    32  printf8.o(i._printf_post_padding)
    i._printf_post_padding                   0x08003388   Section        0  printf8.o(i._printf_post_padding)
    _printf_pre_padding                      0x080033a9   Thumb Code    44  printf8.o(i._printf_pre_padding)
    i._printf_pre_padding                    0x080033a8   Section        0  printf8.o(i._printf_pre_padding)
    _snputc                                  0x080033d5   Thumb Code    22  printf8.o(i._snputc)
    i._snputc                                0x080033d4   Section        0  printf8.o(i._snputc)
    PLLMulTable                              0x080033ea   Data           9  lto-llvm-77ef20.o(.rodata.PLLMulTable)
    [Anonymous Symbol]                       0x080033ea   Section        0  lto-llvm-77ef20.o(.rodata.PLLMulTable)
    .L.str.7.64                              0x080033f3   Data           5  lto-llvm-77ef20.o(.rodata.str1.1)
    [Anonymous Symbol]                       0x080033f3   Section        0  lto-llvm-77ef20.o(.rodata.str1.1)
    .L.str.3.60                              0x080033f8   Data          11  lto-llvm-77ef20.o(.rodata.str1.1)
    .L.str.2.59                              0x08003403   Data          11  lto-llvm-77ef20.o(.rodata.str1.1)
    .L.str.4.61                              0x0800340e   Data          11  lto-llvm-77ef20.o(.rodata.str1.1)
    .L.str.6.63                              0x08003419   Data          11  lto-llvm-77ef20.o(.rodata.str1.1)
    .L.str                                   0x08003424   Data          15  lto-llvm-77ef20.o(.rodata.str1.1)
    .L.str.17                                0x08003433   Data          17  lto-llvm-77ef20.o(.rodata.str1.1)
    .L.str.20                                0x08003444   Data          17  lto-llvm-77ef20.o(.rodata.str1.1)
    .L.str.1.58                              0x08003455   Data          16  lto-llvm-77ef20.o(.rodata.str1.1)
    .L.str.16                                0x08003465   Data          64  lto-llvm-77ef20.o(.rodata.str1.1)
    .L.str.48                                0x080034a5   Data          19  lto-llvm-77ef20.o(.rodata.str1.1)
    .L.str.15                                0x080034b8   Data          47  lto-llvm-77ef20.o(.rodata.str1.1)
    .L.str.5                                 0x080034e7   Data          22  lto-llvm-77ef20.o(.rodata.str1.1)
    .L.str.6                                 0x080034fd   Data          21  lto-llvm-77ef20.o(.rodata.str1.1)
    .L__FUNCTION__.Loop                      0x08003512   Data           5  lto-llvm-77ef20.o(.rodata.str1.1)
    .L__FUNCTION__.FullInit                  0x08003517   Data           9  lto-llvm-77ef20.o(.rodata.str1.1)
    .L__FUNCTION__.Init                      0x0800351b   Data           5  lto-llvm-77ef20.o(.rodata.str1.1)
    ResetInfo                                0x20000000   Data           1  lto-llvm-77ef20.o(.bss.ResetInfo)
    [Anonymous Symbol]                       0x20000000   Section        0  lto-llvm-77ef20.o(.bss.ResetInfo)
    Sensor.1                                 0x20000004   Data           4  lto-llvm-77ef20.o(.bss.Sensor.1)
    [Anonymous Symbol]                       0x20000004   Section        0  lto-llvm-77ef20.o(.bss.Sensor.1)
    Sensor.2                                 0x20000008   Data           1  lto-llvm-77ef20.o(.bss.Sensor.2)
    [Anonymous Symbol]                       0x20000008   Section        0  lto-llvm-77ef20.o(.bss.Sensor.2)
    Sensor.3                                 0x2000000c   Data           1  lto-llvm-77ef20.o(.bss.Sensor.3)
    [Anonymous Symbol]                       0x2000000c   Section        0  lto-llvm-77ef20.o(.bss.Sensor.3)
    Sensor.4                                 0x2000000e   Data           1  lto-llvm-77ef20.o(.bss.Sensor.4)
    [Anonymous Symbol]                       0x2000000e   Section        0  lto-llvm-77ef20.o(.bss.Sensor.4)
    Sensor.5                                 0x20000010   Data           1  lto-llvm-77ef20.o(.bss.Sensor.5)
    [Anonymous Symbol]                       0x20000010   Section        0  lto-llvm-77ef20.o(.bss.Sensor.5)
    Time                                     0x20000014   Data           9  lto-llvm-77ef20.o(.bss.Time)
    [Anonymous Symbol]                       0x20000014   Section        0  lto-llvm-77ef20.o(.bss.Time)
    str_buf                                  0x2000001d   Data          61  lto-llvm-77ef20.o(.bss.str_buf)
    [Anonymous Symbol]                       0x2000001d   Section        0  lto-llvm-77ef20.o(.bss.str_buf)
    STACK                                    0x20000060   Section     1024  startup_stm32l051xx.o(STACK)

    Global Symbols

    Symbol Name                              Value     Ov Type        Size  Object(Section)

    BuildAttributes$$THM_ISAv3M$S$PE$A:L22$X:L11$S22$IEEE1$IW$~IW$USESV6$~STKCKD$USESV7$~SHL$OTIME$ROPI$IEEEF$EBA8$MICROLIB$REQ8$PRES8$EABIv2 0x00000000   Number         0  anon$$obj.o ABSOLUTE
    _printf_a                                0x00000000   Number         0  printfstubs.o ABSOLUTE
    _printf_c                                0x00000000   Number         0  printfstubs.o ABSOLUTE
    _printf_charcount                        0x00000000   Number         0  printfstubs.o ABSOLUTE
    _printf_d                                0x00000000   Number         0  printfstubs.o ABSOLUTE
    _printf_e                                0x00000000   Number         0  printfstubs.o ABSOLUTE
    _printf_f                                0x00000000   Number         0  printfstubs.o ABSOLUTE
    _printf_flags                            0x00000000   Number         0  printfstubs.o ABSOLUTE
    _printf_fp_dec                           0x00000000   Number         0  printfstubs.o ABSOLUTE
    _printf_fp_hex                           0x00000000   Number         0  printfstubs.o ABSOLUTE
    _printf_g                                0x00000000   Number         0  printfstubs.o ABSOLUTE
    _printf_i                                0x00000000   Number         0  printfstubs.o ABSOLUTE
    _printf_int_dec                          0x00000000   Number         0  printfstubs.o ABSOLUTE
    _printf_l                                0x00000000   Number         0  printfstubs.o ABSOLUTE
    _printf_lc                               0x00000000   Number         0  printfstubs.o ABSOLUTE
    _printf_ll                               0x00000000   Number         0  printfstubs.o ABSOLUTE
    _printf_lld                              0x00000000   Number         0  printfstubs.o ABSOLUTE
    _printf_lli                              0x00000000   Number         0  printfstubs.o ABSOLUTE
    _printf_llo                              0x00000000   Number         0  printfstubs.o ABSOLUTE
    _printf_llu                              0x00000000   Number         0  printfstubs.o ABSOLUTE
    _printf_llx                              0x00000000   Number         0  printfstubs.o ABSOLUTE
    _printf_longlong_dec                     0x00000000   Number         0  printfstubs.o ABSOLUTE
    _printf_longlong_hex                     0x00000000   Number         0  printfstubs.o ABSOLUTE
    _printf_longlong_oct                     0x00000000   Number         0  printfstubs.o ABSOLUTE
    _printf_ls                               0x00000000   Number         0  printfstubs.o ABSOLUTE
    _printf_mbtowc                           0x00000000   Number         0  printfstubs.o ABSOLUTE
    _printf_n                                0x00000000   Number         0  printfstubs.o ABSOLUTE
    _printf_o                                0x00000000   Number         0  printfstubs.o ABSOLUTE
    _printf_p                                0x00000000   Number         0  printfstubs.o ABSOLUTE
    _printf_percent                          0x00000000   Number         0  printfstubs.o ABSOLUTE
    _printf_pre_padding                      0x00000000   Number         0  printfstubs.o ABSOLUTE
    _printf_return_value                     0x00000000   Number         0  printfstubs.o ABSOLUTE
    _printf_s                                0x00000000   Number         0  printfstubs.o ABSOLUTE
    _printf_sizespec                         0x00000000   Number         0  printfstubs.o ABSOLUTE
    _printf_str                              0x00000000   Number         0  printfstubs.o ABSOLUTE
    _printf_truncate_signed                  0x00000000   Number         0  printfstubs.o ABSOLUTE
    _printf_truncate_unsigned                0x00000000   Number         0  printfstubs.o ABSOLUTE
    _printf_u                                0x00000000   Number         0  printfstubs.o ABSOLUTE
    _printf_wc                               0x00000000   Number         0  printfstubs.o ABSOLUTE
    _printf_wctomb                           0x00000000   Number         0  printfstubs.o ABSOLUTE
    _printf_widthprec                        0x00000000   Number         0  printfstubs.o ABSOLUTE
    _printf_x                                0x00000000   Number         0  printfstubs.o ABSOLUTE
    __cpp_initialize__aeabi_                  - Undefined Weak Reference
    __cxa_finalize                            - Undefined Weak Reference
    __decompress                              - Undefined Weak Reference
    _clock_init                               - Undefined Weak Reference
    _microlib_exit                            - Undefined Weak Reference
    __Vectors_Size                           0x000000c0   Number         0  startup_stm32l051xx.o ABSOLUTE
    __Vectors                                0x08000000   Data           4  startup_stm32l051xx.o(RESET)
    __Vectors_End                            0x080000c0   Data           0  startup_stm32l051xx.o(RESET)
    __main                                   0x080000c1   Thumb Code     0  entry.o(.ARM.Collect$$$$00000000)
    _main_stk                                0x080000c1   Thumb Code     0  entry2.o(.ARM.Collect$$$$00000001)
    _main_scatterload                        0x080000c5   Thumb Code     0  entry5.o(.ARM.Collect$$$$00000004)
    __main_after_scatterload                 0x080000c9   Thumb Code     0  entry5.o(.ARM.Collect$$$$00000004)
    _main_clock                              0x080000c9   Thumb Code     0  entry7b.o(.ARM.Collect$$$$00000008)
    _main_cpp_init                           0x080000c9   Thumb Code     0  entry8b.o(.ARM.Collect$$$$0000000A)
    _main_init                               0x080000c9   Thumb Code     0  entry9a.o(.ARM.Collect$$$$0000000B)
    __rt_final_cpp                           0x080000d1   Thumb Code     0  entry10a.o(.ARM.Collect$$$$0000000D)
    __rt_final_exit                          0x080000d1   Thumb Code     0  entry11a.o(.ARM.Collect$$$$0000000F)
    Reset_Handler                            0x080000d5   Thumb Code     8  startup_stm32l051xx.o(.text)
    ADC1_COMP_IRQHandler                     0x080000e7   Thumb Code     0  startup_stm32l051xx.o(.text)
    DMA1_Channel1_IRQHandler                 0x080000e7   Thumb Code     0  startup_stm32l051xx.o(.text)
    DMA1_Channel2_3_IRQHandler               0x080000e7   Thumb Code     0  startup_stm32l051xx.o(.text)
    DMA1_Channel4_5_6_7_IRQHandler           0x080000e7   Thumb Code     0  startup_stm32l051xx.o(.text)
    EXTI2_3_IRQHandler                       0x080000e7   Thumb Code     0  startup_stm32l051xx.o(.text)
    EXTI4_15_IRQHandler                      0x080000e7   Thumb Code     0  startup_stm32l051xx.o(.text)
    FLASH_IRQHandler                         0x080000e7   Thumb Code     0  startup_stm32l051xx.o(.text)
    I2C1_IRQHandler                          0x080000e7   Thumb Code     0  startup_stm32l051xx.o(.text)
    I2C2_IRQHandler                          0x080000e7   Thumb Code     0  startup_stm32l051xx.o(.text)
    LPTIM1_IRQHandler                        0x080000e7   Thumb Code     0  startup_stm32l051xx.o(.text)
    LPUART1_IRQHandler                       0x080000e7   Thumb Code     0  startup_stm32l051xx.o(.text)
    PVD_IRQHandler                           0x080000e7   Thumb Code     0  startup_stm32l051xx.o(.text)
    RCC_IRQHandler                           0x080000e7   Thumb Code     0  startup_stm32l051xx.o(.text)
    RTC_IRQHandler                           0x080000e7   Thumb Code     0  startup_stm32l051xx.o(.text)
    SPI1_IRQHandler                          0x080000e7   Thumb Code     0  startup_stm32l051xx.o(.text)
    SPI2_IRQHandler                          0x080000e7   Thumb Code     0  startup_stm32l051xx.o(.text)
    TIM21_IRQHandler                         0x080000e7   Thumb Code     0  startup_stm32l051xx.o(.text)
    TIM22_IRQHandler                         0x080000e7   Thumb Code     0  startup_stm32l051xx.o(.text)
    TIM2_IRQHandler                          0x080000e7   Thumb Code     0  startup_stm32l051xx.o(.text)
    TIM6_IRQHandler                          0x080000e7   Thumb Code     0  startup_stm32l051xx.o(.text)
    USART1_IRQHandler                        0x080000e7   Thumb Code     0  startup_stm32l051xx.o(.text)
    USART2_IRQHandler                        0x080000e7   Thumb Code     0  startup_stm32l051xx.o(.text)
    WWDG_IRQHandler                          0x080000e7   Thumb Code     0  startup_stm32l051xx.o(.text)
    __aeabi_uidiv                            0x080000f1   Thumb Code     0  uidiv.o(.text)
    __aeabi_uidivmod                         0x080000f1   Thumb Code    44  uidiv.o(.text)
    __aeabi_uldivmod                         0x0800011d   Thumb Code    96  uldiv.o(.text)
    __I$use$fp                               0x0800017d   Thumb Code     0  iusefp.o(.text)
    __aeabi_dadd                             0x0800017d   Thumb Code   328  dadd.o(.text)
    __aeabi_dsub                             0x080002c5   Thumb Code    12  dadd.o(.text)
    __aeabi_drsub                            0x080002d1   Thumb Code    12  dadd.o(.text)
    __aeabi_dmul                             0x080002e1   Thumb Code   202  dmul.o(.text)
    __scatterload                            0x080003b1   Thumb Code    28  init.o(.text)
    __scatterload_rt2                        0x080003b1   Thumb Code     0  init.o(.text)
    __aeabi_llsl                             0x080003d5   Thumb Code    32  llshl.o(.text)
    _ll_shift_l                              0x080003d5   Thumb Code     0  llshl.o(.text)
    __aeabi_llsr                             0x080003f5   Thumb Code    34  llushr.o(.text)
    _ll_ushift_r                             0x080003f5   Thumb Code     0  llushr.o(.text)
    __aeabi_lasr                             0x08000417   Thumb Code    38  llsshr.o(.text)
    _ll_sshift_r                             0x08000417   Thumb Code     0  llsshr.o(.text)
    _double_round                            0x0800043d   Thumb Code    26  depilogue.o(.text)
    _double_epilogue                         0x08000457   Thumb Code   164  depilogue.o(.text)
    __aeabi_fadd                             0x080004fb   Thumb Code   162  fadd.o(.text)
    __aeabi_fsub                             0x0800059d   Thumb Code     8  fadd.o(.text)
    __aeabi_frsub                            0x080005a5   Thumb Code     8  fadd.o(.text)
    __aeabi_fmul                             0x080005ad   Thumb Code   122  fmul.o(.text)
    __aeabi_fcmpgt                           0x08000627   Thumb Code    28  fcmpgt.o(.text)
    __aeabi_i2f                              0x08000643   Thumb Code    22  fflti.o(.text)
    __aeabi_i2d                              0x08000659   Thumb Code    34  dflti.o(.text)
    __aeabi_f2iz                             0x08000681   Thumb Code    50  ffixi.o(.text)
    __aeabi_f2d                              0x080006b3   Thumb Code    40  f2d.o(.text)
    __aeabi_d2f                              0x080006db   Thumb Code    56  d2f.o(.text)
    _float_round                             0x08000713   Thumb Code    16  fepilogue.o(.text)
    _float_epilogue                          0x08000723   Thumb Code   114  fepilogue.o(.text)
    EXTI0_1_IRQHandler                       0x08000795   Thumb Code    20  lto-llvm-77ef20.o(.text.EXTI0_1_IRQHandler)
    HardFault_Handler                        0x080007a9   Thumb Code   124  lto-llvm-77ef20.o(.text.HardFault_Handler)
    NMI_Handler                              0x08001d09   Thumb Code     2  lto-llvm-77ef20.o(.text.NMI_Handler)
    PendSV_Handler                           0x08001d0b   Thumb Code     2  lto-llvm-77ef20.o(.text.PendSV_Handler)
    SVC_Handler                              0x08002139   Thumb Code     2  lto-llvm-77ef20.o(.text.SVC_Handler)
    SysTick_Handler                          0x0800213b   Thumb Code     2  lto-llvm-77ef20.o(.text.SysTick_Handler)
    SystemInit                               0x0800213d   Thumb Code    80  lto-llvm-77ef20.o(.text.SystemInit)
    main                                     0x080025f5   Thumb Code  2280  lto-llvm-77ef20.o(.text.main)
    __0snprintf$8                            0x08002edd   Thumb Code    50  printf8.o(i.__0snprintf$8)
    __1snprintf$8                            0x08002edd   Thumb Code     0  printf8.o(i.__0snprintf$8)
    __2snprintf                              0x08002edd   Thumb Code     0  printf8.o(i.__0snprintf$8)
    __ARM_clz                                0x08002f15   Thumb Code    46  depilogue.o(i.__ARM_clz)
    __scatterload_copy                       0x08002f43   Thumb Code    14  handlers.o(i.__scatterload_copy)
    __scatterload_null                       0x08002f51   Thumb Code     2  handlers.o(i.__scatterload_null)
    __scatterload_zeroinit                   0x08002f53   Thumb Code    14  handlers.o(i.__scatterload_zeroinit)
    Region$$Table$$Base                      0x08003520   Number         0  anon$$obj.o(Region$$Table)
    Region$$Table$$Limit                     0x08003530   Number         0  anon$$obj.o(Region$$Table)
    __initial_sp                             0x20000460   Data           0  startup_stm32l051xx.o(STACK)



==============================================================================

Memory Map of the image

  Image Entry point : 0x080000c1

  Load Region LR_IROM1 (Base: 0x08000000, Size: 0x00003530, Max: 0x00010000, ABSOLUTE)

    Execution Region ER_IROM1 (Exec base: 0x08000000, Load base: 0x08000000, Size: 0x00003530, Max: 0x00010000, ABSOLUTE)

    Exec Addr    Load Addr    Size         Type   Attr      Idx    E Section Name        Object

    0x08000000   0x08000000   0x000000c0   Data   RO            3    RESET               startup_stm32l051xx.o
    0x080000c0   0x080000c0   0x00000000   Code   RO           39  * .ARM.Collect$$$$00000000  mc_p.l(entry.o)
    0x080000c0   0x080000c0   0x00000004   Code   RO          303    .ARM.Collect$$$$00000001  mc_p.l(entry2.o)
    0x080000c4   0x080000c4   0x00000004   Code   RO          306    .ARM.Collect$$$$00000004  mc_p.l(entry5.o)
    0x080000c8   0x080000c8   0x00000000   Code   RO          308    .ARM.Collect$$$$00000008  mc_p.l(entry7b.o)
    0x080000c8   0x080000c8   0x00000000   Code   RO          310    .ARM.Collect$$$$0000000A  mc_p.l(entry8b.o)
    0x080000c8   0x080000c8   0x00000008   Code   RO          311    .ARM.Collect$$$$0000000B  mc_p.l(entry9a.o)
    0x080000d0   0x080000d0   0x00000000   Code   RO          313    .ARM.Collect$$$$0000000D  mc_p.l(entry10a.o)
    0x080000d0   0x080000d0   0x00000000   Code   RO          315    .ARM.Collect$$$$0000000F  mc_p.l(entry11a.o)
    0x080000d0   0x080000d0   0x00000004   Code   RO          304    .ARM.Collect$$$$00002712  mc_p.l(entry2.o)
    0x080000d4   0x080000d4   0x0000001c   Code   RO            4    .text               startup_stm32l051xx.o
    0x080000f0   0x080000f0   0x0000002c   Code   RO          322    .text               mc_p.l(uidiv.o)
    0x0800011c   0x0800011c   0x00000060   Code   RO          324    .text               mc_p.l(uldiv.o)
    0x0800017c   0x0800017c   0x00000000   Code   RO          326    .text               mc_p.l(iusefp.o)
    0x0800017c   0x0800017c   0x00000164   Code   RO          327    .text               mf_p.l(dadd.o)
    0x080002e0   0x080002e0   0x000000d0   Code   RO          329    .text               mf_p.l(dmul.o)
    0x080003b0   0x080003b0   0x00000024   Code   RO          337    .text               mc_p.l(init.o)
    0x080003d4   0x080003d4   0x00000020   Code   RO          340    .text               mc_p.l(llshl.o)
    0x080003f4   0x080003f4   0x00000022   Code   RO          342    .text               mc_p.l(llushr.o)
    0x08000416   0x08000416   0x00000026   Code   RO          344    .text               mc_p.l(llsshr.o)
    0x0800043c   0x0800043c   0x000000be   Code   RO          347    .text               mf_p.l(depilogue.o)
    0x080004fa   0x080004fa   0x000000b2   Code   RO          406    .text               mf_p.l(fadd.o)
    0x080005ac   0x080005ac   0x0000007a   Code   RO          408    .text               mf_p.l(fmul.o)
    0x08000626   0x08000626   0x0000001c   Code   RO          410    .text               mf_p.l(fcmpgt.o)
    0x08000642   0x08000642   0x00000016   Code   RO          412    .text               mf_p.l(fflti.o)
    0x08000658   0x08000658   0x00000028   Code   RO          414    .text               mf_p.l(dflti.o)
    0x08000680   0x08000680   0x00000032   Code   RO          416    .text               mf_p.l(ffixi.o)
    0x080006b2   0x080006b2   0x00000028   Code   RO          418    .text               mf_p.l(f2d.o)
    0x080006da   0x080006da   0x00000038   Code   RO          420    .text               mf_p.l(d2f.o)
    0x08000712   0x08000712   0x00000082   Code   RO          422    .text               mf_p.l(fepilogue.o)
    0x08000794   0x08000794   0x00000014   Code   RO          366    .text.EXTI0_1_IRQHandler  lto-llvm-77ef20.o
    0x080007a8   0x080007a8   0x0000007c   Code   RO          358    .text.HardFault_Handler  lto-llvm-77ef20.o
    0x08000824   0x08000824   0x000000e4   Code   RO          376    .text.I2C_Start     lto-llvm-77ef20.o
    0x08000908   0x08000908   0x000000bc   Code   RO          368    .text.LL_GPIO_Init  lto-llvm-77ef20.o
    0x080009c4   0x080009c4   0x00001270   Code   RO          372    .text.Loop          lto-llvm-77ef20.o
    0x08001c34   0x08001c34   0x000000d4   Code   RO          354    .text.MX_I2C1_Init  lto-llvm-77ef20.o
    0x08001d08   0x08001d08   0x00000002   Code   RO          356    .text.NMI_Handler   lto-llvm-77ef20.o
    0x08001d0a   0x08001d0a   0x00000002   Code   RO          362    .text.PendSV_Handler  lto-llvm-77ef20.o
    0x08001d0c   0x08001d0c   0x0000015c   Code   RO          384    .text.RTC_GetTemp   lto-llvm-77ef20.o
    0x08001e68   0x08001e68   0x00000140   Code   RO          380    .text.RTC_ModifyREG  lto-llvm-77ef20.o
    0x08001fa8   0x08001fa8   0x00000190   Code   RO          382    .text.RTC_SetTime   lto-llvm-77ef20.o
    0x08002138   0x08002138   0x00000002   Code   RO          360    .text.SVC_Handler   lto-llvm-77ef20.o
    0x0800213a   0x0800213a   0x00000002   Code   RO          364    .text.SysTick_Handler  lto-llvm-77ef20.o
    0x0800213c   0x0800213c   0x00000050   Code   RO          370    .text.SystemInit    lto-llvm-77ef20.o
    0x0800218c   0x0800218c   0x0000025c   Code   RO          374    .text._USART_DebugPrint  lto-llvm-77ef20.o
    0x080023e8   0x080023e8   0x00000090   Code   RO          386    .text.crc8          lto-llvm-77ef20.o
    0x08002478   0x08002478   0x0000017c   Code   RO          378    .text.i2c_reset     lto-llvm-77ef20.o
    0x080025f4   0x080025f4   0x000008e8   Code   RO          352    .text.main          lto-llvm-77ef20.o
    0x08002edc   0x08002edc   0x00000038   Code   RO          250    i.__0snprintf$8     mc_p.l(printf8.o)
    0x08002f14   0x08002f14   0x0000002e   Code   RO          349    i.__ARM_clz         mf_p.l(depilogue.o)
    0x08002f42   0x08002f42   0x0000000e   Code   RO          426    i.__scatterload_copy  mc_p.l(handlers.o)
    0x08002f50   0x08002f50   0x00000002   Code   RO          427    i.__scatterload_null  mc_p.l(handlers.o)
    0x08002f52   0x08002f52   0x0000000e   Code   RO          428    i.__scatterload_zeroinit  mc_p.l(handlers.o)
    0x08002f60   0x08002f60   0x00000428   Code   RO          256    i._printf_core      mc_p.l(printf8.o)
    0x08003388   0x08003388   0x00000020   Code   RO          257    i._printf_post_padding  mc_p.l(printf8.o)
    0x080033a8   0x080033a8   0x0000002c   Code   RO          258    i._printf_pre_padding  mc_p.l(printf8.o)
    0x080033d4   0x080033d4   0x00000016   Code   RO          259    i._snputc           mc_p.l(printf8.o)
    0x080033ea   0x080033ea   0x00000009   Data   RO          390    .rodata.PLLMulTable  lto-llvm-77ef20.o
    0x080033f3   0x080033f3   0x0000012d   Data   RO          389    .rodata.str1.1      lto-llvm-77ef20.o
    0x08003520   0x08003520   0x00000010   Data   RO          425    Region$$Table       anon$$obj.o


    Execution Region RW_IRAM1 (Exec base: 0x20000000, Load base: 0x08003530, Size: 0x00000460, Max: 0x00002000, ABSOLUTE)

    Exec Addr    Load Addr    Size         Type   Attr      Idx    E Section Name        Object

    0x20000000        -       0x00000001   Zero   RW          391    .bss.ResetInfo      lto-llvm-77ef20.o
    0x20000001   0x08003530   0x00000003   PAD
    0x20000004        -       0x00000004   Zero   RW          394    .bss.Sensor.1       lto-llvm-77ef20.o
    0x20000008        -       0x00000001   Zero   RW          395    .bss.Sensor.2       lto-llvm-77ef20.o
    0x20000009   0x08003530   0x00000003   PAD
    0x2000000c        -       0x00000001   Zero   RW          396    .bss.Sensor.3       lto-llvm-77ef20.o
    0x2000000d   0x08003530   0x00000001   PAD
    0x2000000e        -       0x00000001   Zero   RW          397    .bss.Sensor.4       lto-llvm-77ef20.o
    0x2000000f   0x08003530   0x00000001   PAD
    0x20000010        -       0x00000001   Zero   RW          398    .bss.Sensor.5       lto-llvm-77ef20.o
    0x20000011   0x08003530   0x00000003   PAD
    0x20000014        -       0x00000009   Zero   RW          392    .bss.Time           lto-llvm-77ef20.o
    0x2000001d        -       0x0000003d   Zero   RW          393    .bss.str_buf        lto-llvm-77ef20.o
    0x2000005a   0x08003530   0x00000006   PAD
    0x20000060        -       0x00000400   Zero   RW            1    STACK               startup_stm32l051xx.o


==============================================================================

Image component sizes


      Code (inc. data)   RO Data    RW Data    ZI Data      Debug   Object Name

     10056        856        310          0         79      87120   lto-llvm-77ef20.o
        28          8        192          0       1024        600   startup_stm32l051xx.o

    ----------------------------------------------------------------------
     10084        864        518          0       1120      87720   Object Totals
         0          0         16          0          0          0   (incl. Generated)
         0          0          0          0         17          0   (incl. Padding)

    ----------------------------------------------------------------------

      Code (inc. data)   RO Data    RW Data    ZI Data      Debug   Library Member Name

         0          0          0          0          0          0   entry.o
         0          0          0          0          0          0   entry10a.o
         0          0          0          0          0          0   entry11a.o
         8          4          0          0          0          0   entry2.o
         4          0          0          0          0          0   entry5.o
         0          0          0          0          0          0   entry7b.o
         0          0          0          0          0          0   entry8b.o
         8          4          0          0          0          0   entry9a.o
        30          0          0          0          0          0   handlers.o
        36          8          0          0          0         68   init.o
         0          0          0          0          0          0   iusefp.o
        32          0          0          0          0         68   llshl.o
        38          0          0          0          0         68   llsshr.o
        34          0          0          0          0         68   llushr.o
      1218         50          0          0          0        392   printf8.o
        44          0          0          0          0         72   uidiv.o
        96          0          0          0          0         84   uldiv.o
        56          0          0          0          0         68   d2f.o
       356          4          0          0          0        140   dadd.o
       236          0          0          0          0        216   depilogue.o
        40          6          0          0          0         68   dflti.o
       208          6          0          0          0         88   dmul.o
        40          0          0          0          0         60   f2d.o
       178          0          0          0          0        108   fadd.o
        28          0          0          0          0         60   fcmpgt.o
       130          0          0          0          0        144   fepilogue.o
        50          0          0          0          0         60   ffixi.o
        22          0          0          0          0         68   fflti.o
       122          0          0          0          0         72   fmul.o

    ----------------------------------------------------------------------
      3014         82          0          0          0       1972   Library Totals
         0          0          0          0          0          0   (incl. Padding)

    ----------------------------------------------------------------------

      Code (inc. data)   RO Data    RW Data    ZI Data      Debug   Library Name

      1548         66          0          0          0        820   mc_p.l
      1466         16          0          0          0       1152   mf_p.l

    ----------------------------------------------------------------------
      3014         82          0          0          0       1972   Library Totals

    ----------------------------------------------------------------------

==============================================================================


      Code (inc. data)   RO Data    RW Data    ZI Data      Debug   

     13098        946        518          0       1120      88920   Grand Totals
     13098        946        518          0       1120      88920   ELF Image Totals
     13098        946        518          0          0          0   ROM Totals

==============================================================================

    Total RO  Size (Code + RO Data)                13616 (  13.30kB)
    Total RW  Size (RW Data + ZI Data)              1120 (   1.09kB)
    Total ROM Size (Code + RO Data + RW Data)      13616 (  13.30kB)

==============================================================================

